af_key.c:602:1:pfkey_proto2satype	0	static
af_key.c:714:1:pfkey_sockaddr_size	0	static
af_key.c:1326:12:pfkey_reserved	0	static
af_key.c:1925:12:check_reqid	0	static
af_key.c:2039:12:pfkey_xfrm_policy2msg_size	32	static
af_key.c:2652:12:pfkey_migrate	0	static
af_key.c:3126:12:get_acqseq	0	static
af_key.c:3660:12:pfkey_send_migrate	0	static
af_key.c:3911:20:ipsec_pfkey_exit	32	static
af_key.c:3137:13:pfkey_is_alive	32	static
af_key.c:3819:13:pfkey_seq_stop	16	static
af_key.c:3856:24:pfkey_exit_proc	16	static
af_key.c:3896:24:pfkey_net_exit	48	static
af_key.c:3832:12:pfkey_seq_open	16	static
af_key.c:3783:12:pfkey_seq_show	80	static
af_key.c:2061:25:pfkey_xfrm_policy2msg_prep	16	static
af_key.c:645:5:pfkey_sockaddr_extract	0	static
af_key.c:664:5:pfkey_sadb_addr2xfrm_addr	16	static
af_key.c:85:13:pfkey_terminate_dump	32	static
af_key.c:199:12:pfkey_broadcast_one	48	static
af_key.c:231:12:pfkey_broadcast	128	static
af_key.c:1741:12:unicast_flush_resp	48	static
af_key.c:2737:12:pfkey_dump_sp	16	static
af_key.c:2743:13:pfkey_dump_sp_done	16	static
af_key.c:98:13:pfkey_sock_destruct	32	static
af_key.c:288:12:pfkey_do_dump	48	static
af_key.c:3710:12:pfkey_recvmsg	96	static
af_key.c:2750:12:pfkey_spddump	48	static
af_key.c:142:12:pfkey_create	64	static
af_key.c:1899:12:pfkey_promisc	32	static
af_key.c:1853:12:pfkey_dump	80	static
af_key.c:1846:13:pfkey_dump_sa_done	16	static
af_key.c:1840:12:pfkey_dump_sa	16	static
af_key.c:1781:12:pfkey_flush	112	static
af_key.c:1436:12:pfkey_acquire	32	static
af_key.c:180:12:pfkey_release	48	static
af_key.c:503:12:present_and_same_family	0	static
af_key.c:2374:12:pfkey_spddelete	160	static
af_key.c:2844:12:pfkey_process	288	static
af_key.c:3668:12:pfkey_sendmsg	80	static
af_key.c:3883:23:pfkey_net_init	48	static
af_key.c:3811:14:pfkey_seq_next	48	static
af_key.c:3801:14:pfkey_seq_start	32	static
af_key.c:748:21:pfkey_sockaddr_fill	0	static
af_key.c:2075:12:pfkey_xfrm_policy2msg	112	static
af_key.c:2660:12:pfkey_spdget	144	static
af_key.c:3352:12:pfkey_send_new_mapping	96	static
af_key.c:3155:12:pfkey_send_acquire	96	static
af_key.c:778:24:__pfkey_xfrm_state2msg	112	static
af_key.c:1331:12:pfkey_getspi	128	static
af_key.c:3102:12:pfkey_send_policy_notify	64	static
af_key.c:3075:12:pfkey_send_notify	48	static
af_key.c:3919:19:ipsec_pfkey_init	48	static
af_key.c:2792:12:pfkey_spdflush	96	static
af_key.c:1712:12:pfkey_register	64	static
af_key.c:2005:1:parse_ipsecrequests	192	static
af_key.c:3264:28:pfkey_compile_policy	64	static
af_key.c:2259:12:pfkey_spdadd	112	static
af_key.c:1523:12:pfkey_add	128	static
af_key.c:670:28:pfkey_xfrm_state_lookup.isra.29.constprop	16	static
af_key.c:1560:12:pfkey_delete	96	static
af_key.c:1600:12:pfkey_get	64	static
af_key.c:2703:12:dump_sp	64	static
af_key.c:1810:12:dump_sa	64	static
