dir.c:1542:13:fuse_put_link	16	static
dir.c:286:13:fuse_dentry_canonical_path	64	static
dir.c:1942:16:fuse_getxattr	112	static
dir.c:2042:12:fuse_removexattr	64	static
dir.c:1900:12:fuse_setxattr	112	static
dir.c:1559:12:fuse_dir_fsync	16	static
dir.c:1552:12:fuse_dir_release	16	static
dir.c:1547:12:fuse_dir_open	16	static
dir.c:1577:13:fuse_dir_compat_ioctl	16	static
dir.c:1565:13:fuse_dir_ioctl	16	static
dir.c:89:13:fuse_change_entry_timeout	80	static
dir.c:1667:13:__fuse_release_nowrite.part.19	16	static
dir.c:101:12:entry_attr_timeout	64	static
dir.c:446:12:fuse_create_open	304	static
dir.c:595:12:create_new_entry	256	static
dir.c:652:12:fuse_mknod	112	static
dir.c:678:12:fuse_create	16	static
dir.c:684:12:fuse_mkdir	80	static
dir.c:707:12:fuse_symlink	64	static
dir.c:890:12:fuse_link	80	static
dir.c:96:12:attr_timeout	64	static
dir.c:773:12:fuse_rmdir	64	static
dir.c:733:12:fuse_unlink	64	static
dir.c:798:12:fuse_rename_common	144	static
dir.c:860:12:fuse_rename2	32	static
dir.c:110:6:fuse_invalidate_attr	0	static
dir.c:119:6:fuse_invalidate_atime	0	static
dir.c:1536:14:fuse_follow_link	64	static
dir.c:133:6:fuse_invalidate_entry_cache	0	static
dir.c:166:5:fuse_get_attr_version	32	static
dir.c:190:12:fuse_dentry_revalidate	256	static
dir.c:970:12:fuse_do_getattr	208	static
dir.c:1187:12:fuse_perm_getattr	16	static
dir.c:334:5:fuse_valid_type	0	static
dir.c:1441:12:fuse_readdir	192	static
dir.c:340:5:fuse_lookup_name	96	static
dir.c:398:23:fuse_lookup	208	static
dir.c:549:12:fuse_atomic_open	96	static
dir.c:1024:5:fuse_update_attributes	48	static
dir.c:1050:5:fuse_reverse_inval_entry_child	48	static
dir.c:1084:5:fuse_reverse_inval_entry	80	static
dir.c:1135:5:fuse_allow_current_process	0	static
dir.c:1992:16:fuse_listxattr	96	static
dir.c:1888:12:fuse_getattr	48	static
dir.c:1208:12:fuse_permission	80	static
dir.c:1647:6:fuse_set_nowrite	96	static
dir.c:1676:6:fuse_release_nowrite	32	static
dir.c:1706:5:fuse_flush_times	272	static
dir.c:1749:5:fuse_do_setattr	320	static
dir.c:1875:12:fuse_setattr	48	static
dir.c:2128:6:fuse_init_common	0	static
dir.c:2133:6:fuse_init_dir	0	static
dir.c:2139:6:fuse_init_symlink	0	static
