xfrm_user.c:35:12:verify_one_alg	0	static
xfrm_user.c:1268:12:verify_newpolicy_info	0	static
xfrm_user.c:1353:12:validate_tmpl	0	static
xfrm_user.c:1430:12:copy_from_user_policy_type	0	static
xfrm_user.c:3178:20:xfrm_user_exit	32	static
xfrm_user.c:3148:24:xfrm_user_net_exit	32	static
xfrm_user.c:2511:13:xfrm_netlink_rcv	32	static
xfrm_user.c:1606:12:copy_to_user_policy_type	48	static
xfrm_user.c:1033:12:xfrm_set_spdinfo	64	static
xfrm_user.c:1835:12:build_aevent	80	static
xfrm_user.c:463:13:xfrm_update_ae_params	80	static
xfrm_user.c:1328:13:copy_templates	0	static
xfrm_user.c:1890:12:xfrm_get_ae	112	static
xfrm_user.c:1933:12:xfrm_new_ae	112	static
xfrm_user.c:1982:12:xfrm_flush_policy	96	static
xfrm_user.c:2073:12:xfrm_add_sa_expire	64	static
xfrm_user.c:2788:28:xfrm_compile_policy	64	static
xfrm_user.c:707:13:copy_to_user_state	32	static
xfrm_user.c:1462:13:copy_to_user_policy	48	static
xfrm_user.c:1553:12:copy_to_user_tmpl	432	static
xfrm_user.c:731:12:copy_sec_ctx	32	static
xfrm_user.c:1622:12:dump_one_policy	48	static
xfrm_user.c:1653:12:xfrm_dump_policy_done	16	static
xfrm_user.c:1672:12:xfrm_dump_policy	64	static
xfrm_user.c:1662:12:xfrm_dump_policy_start	16	static
xfrm_user.c:875:12:xfrm_dump_sa_done	16	static
xfrm_user.c:261:12:attach_one_algo	64	static
xfrm_user.c:2465:12:xfrm_user_rcv_msg	368	static
xfrm_user.c:886:12:xfrm_dump_sa	320	static
xfrm_user.c:3132:23:xfrm_user_net_init	96	static
xfrm_user.c:3115:13:xfrm_is_alive	32	static
xfrm_user.c:2769:12:xfrm_send_acquire	80	static
xfrm_user.c:3048:12:xfrm_send_report	64	static
xfrm_user.c:3093:12:xfrm_send_mapping	64	static
xfrm_user.c:1797:12:xfrm_flush_sa	80	static
xfrm_user.c:771:12:copy_to_user_state_extra	96	static
xfrm_user.c:850:12:dump_one_state	48	static
xfrm_user.c:933:24:xfrm_state_netlink	96	static
xfrm_user.c:2698:12:xfrm_send_state_notify	80	static
xfrm_user.c:1178:12:xfrm_alloc_userspi	128	static
xfrm_user.c:3163:19:xfrm_user_init	48	static
xfrm_user.c:1135:12:xfrm_get_sadinfo	112	static
xfrm_user.c:1078:12:xfrm_get_spdinfo	160	static
xfrm_user.c:595:12:xfrm_add_sa	128	static
xfrm_user.c:636:27:xfrm_user_state_lookup.constprop	32	static
xfrm_user.c:670:12:xfrm_del_sa	96	static
xfrm_user.c:1154:12:xfrm_get_sa	64	static
xfrm_user.c:2993:12:xfrm_send_policy_notify	96	static
xfrm_user.c:1477:28:xfrm_policy_construct.constprop	64	static
xfrm_user.c:1508:12:xfrm_add_policy	128	static
xfrm_user.c:2107:12:xfrm_add_acquire	112	static
xfrm_user.c:2334:12:xfrm_send_migrate	192	static
xfrm_user.c:1718:12:xfrm_get_policy	144	static
xfrm_user.c:2211:12:xfrm_do_migrate	576	static
xfrm_user.c:2010:12:xfrm_add_pol_expire	96	static
