xfrm_state.c:1477:27:__xfrm_find_acq_byseq	0	static
xfrm_state.c:1507:5:xfrm_get_acqseq	0	static
xfrm_state.c:1520:5:verify_spi_info	0	static
xfrm_state.c:1658:6:xfrm_state_walk_init	0	static
xfrm_state.c:622:6:xfrm_sad_getinfo	48	static
xfrm_state.c:917:20:xfrm_state_lookup_byspi	64	static
xfrm_state.c:1496:20:xfrm_find_acq_byseq	48	static
xfrm_state.c:1898:5:xfrm_register_km	32	static
xfrm_state.c:1917:5:xfrm_state_register_afinfo	48	static
xfrm_state.c:1700:6:km_policy_notify	80	static
xfrm_state.c:1772:6:km_policy_expired	64	static
xfrm_state.c:1711:6:km_state_notify	80	static
xfrm_state.c:1724:6:km_state_expired	64	static
xfrm_state.c:1739:5:km_query	96	static
xfrm_state.c:1755:5:km_new_mapping	96	static
xfrm_state.c:1784:5:km_migrate	112	static
xfrm_state.c:1806:5:km_report	96	static
xfrm_state.c:1825:6:km_is_alive	64	static
xfrm_state.c:1682:13:xfrm_replay_timer_handler	48	static
xfrm_state.c:654:27:__xfrm_state_lookup	0	static
xfrm_state.c:1394:1:xfrm_state_lookup	80	static
xfrm_state.c:678:27:__xfrm_state_lookup_byaddr	0	static
xfrm_state.c:1407:1:xfrm_state_lookup_byaddr	80	static
xfrm_state.c:885:1:xfrm_stateonly_find	96	static
xfrm_state.c:970:13:__xfrm_state_bump_genids	0	static
xfrm_state.c:1222:20:xfrm_migrate_state_find	64	static
xfrm_state.c:468:20:xfrm_state_alloc	32	static
xfrm_state.c:501:6:__xfrm_state_destroy	32	static
xfrm_state.c:514:5:__xfrm_state_delete	32	static
xfrm_state.c:542:5:xfrm_state_delete	32	static
xfrm_state.c:1972:6:xfrm_state_delete_tunnel	32	static
xfrm_state.c:1669:6:xfrm_state_walk_done	32	static
xfrm_state.c:1616:5:xfrm_state_walk	128	static
xfrm_state.c:1544:5:xfrm_alloc_spi	96	static
xfrm_state.c:1843:5:xfrm_user_policy	112	static
xfrm_state.c:1907:5:xfrm_unregister_km	32	static
xfrm_state.c:1934:5:xfrm_state_unregister_afinfo	48	static
xfrm_state.c:100:13:xfrm_hash_resize	96	static
xfrm_state.c:356:13:xfrm_state_gc_task	64	static
xfrm_state.c:2150:13:xfrm_audit_helper_sainfo	48	static
xfrm_state.c:2198:6:xfrm_audit_state_add	64	static
xfrm_state.c:2212:6:xfrm_audit_state_delete	64	static
xfrm_state.c:379:29:xfrm_timer_handler	64	static
xfrm_state.c:582:5:xfrm_state_flush	96	static
xfrm_state.c:718:13:xfrm_hash_grow_check	16	static
xfrm_state.c:1002:27:__find_acq_core	112	static
xfrm_state.c:1421:1:xfrm_find_acq	112	static
xfrm_state.c:939:13:__xfrm_state_insert	32	static
xfrm_state.c:990:6:xfrm_state_insert	32	static
xfrm_state.c:1080:5:xfrm_state_add	112	static
xfrm_state.c:1371:5:xfrm_state_check_expire	32	static
xfrm_state.c:1299:5:xfrm_state_update	64	static
xfrm_state.c:726:13:xfrm_state_look_at.isra.22	48	static
xfrm_state.c:2174:13:xfrm_audit_helper_pktinfo	16	static
xfrm_state.c:2226:6:xfrm_audit_state_replay_overflow	48	static
xfrm_state.c:2244:6:xfrm_audit_state_replay	48	static
xfrm_state.c:2261:6:xfrm_audit_state_notfound_simple	48	static
xfrm_state.c:2273:6:xfrm_audit_state_notfound	64	static
xfrm_state.c:2290:6:xfrm_audit_state_icvfail	80	static
xfrm_state.c:1954:27:xfrm_state_get_afinfo	32	static
xfrm_state.c:161:5:xfrm_register_type	48	static
xfrm_state.c:182:5:xfrm_unregister_type	48	static
xfrm_state.c:236:5:xfrm_register_mode	64	static
xfrm_state.c:270:5:xfrm_unregister_mode	48	static
xfrm_state.c:764:1:xfrm_state_find	192	static
xfrm_state.c:1437:1:xfrm_tmpl_sort	64	static
xfrm_state.c:1455:1:xfrm_state_sort	64	static
xfrm_state.c:298:26:xfrm_get_mode	64	static
xfrm_state.c:2000:5:__xfrm_init_state	80	static
xfrm_state.c:2089:5:xfrm_init_state	16	static
xfrm_state.c:1269:20:xfrm_state_migrate	64	static
xfrm_state.c:1966:6:xfrm_state_put_afinfo	16	static
xfrm_state.c:1986:5:xfrm_state_mtu	48	static
xfrm_state.c:2096:16:xfrm_state_init	32	static
xfrm_state.c:2130:6:xfrm_state_fini	32	static
