proc_info.c:1965:20:proc_info_module_exit	0	static
proc_info.c:1348:12:fqc_xml_path_open	16	static
proc_info.c:1337:12:sim_number_open	16	static
proc_info.c:1332:12:otg_last_flag_open	16	static
proc_info.c:1327:12:efuse_state_open	16	static
proc_info.c:1322:12:bandinfo_open	16	static
proc_info.c:1317:12:sim_card_slot_open	16	static
proc_info.c:1302:12:hwid_info_open	16	static
proc_info.c:1307:12:root_status_open	16	static
proc_info.c:1312:12:uicolor_open	16	static
proc_info.c:784:12:draminfo_test_result_open	16	static
proc_info.c:1215:12:hwmodel_open	16	static
proc_info.c:1290:12:lcm_info_open	16	static
proc_info.c:1285:12:touch_open	16	static
proc_info.c:1280:12:pid_open	16	static
proc_info.c:1270:12:cavis_r_open	16	static
proc_info.c:1265:12:cavis_d_open	16	static
proc_info.c:1275:12:module_open	16	static
proc_info.c:1260:12:imei2_open	16	static
proc_info.c:1255:12:imei_open	16	static
proc_info.c:1250:12:sim2_open	16	static
proc_info.c:1245:12:sim1_open	16	static
proc_info.c:1297:12:audio_info_open	16	static
proc_info.c:1240:12:lcm_open	16	static
proc_info.c:1230:12:poweroncause_open	16	static
proc_info.c:1200:12:hwidv_open	16	static
proc_info.c:1195:12:pcba_description_open	16	static
proc_info.c:1190:12:baseband_settings_open	16	static
proc_info.c:1185:12:baseband_open	16	static
proc_info.c:1235:12:cpu_open	16	static
proc_info.c:1220:12:dram_open	16	static
proc_info.c:1225:12:emmc_open	16	static
proc_info.c:1210:12:model_open	16	static
proc_info.c:1205:12:fver_open	16	static
proc_info.c:1107:12:sim_number_show	32	static
proc_info.c:1089:12:otg_last_flag_show	16	static
proc_info.c:1028:12:bandinfo_show	32	static
proc_info.c:1015:12:hwid_info_show	16	static
proc_info.c:1044:12:root_status_info_show	64	static
proc_info.c:959:12:uicolor_show	32	static
proc_info.c:233:12:hwmodel_show	32	static
proc_info.c:741:12:lcm_info_show	32	static
proc_info.c:718:12:touch_show	32	static
proc_info.c:678:12:pid_show	32	static
proc_info.c:663:12:module_show	32	static
proc_info.c:630:12:imei2_show	32	static
proc_info.c:621:12:imei_show	32	static
proc_info.c:585:12:sim2_show	16	static
proc_info.c:562:12:sim1_show	16	static
proc_info.c:909:12:audio_info_show	64	static
proc_info.c:492:12:poweroncause_show	16	static
proc_info.c:893:12:hwidv_show	64	static
proc_info.c:878:12:pcba_description_show	32	static
proc_info.c:863:12:baseband_settings_show	32	static
proc_info.c:848:12:baseband_show	32	static
proc_info.c:511:12:cpu_show	32	static
proc_info.c:216:12:model_show	32	static
proc_info.c:608:12:sim_write	96	static
proc_info.c:498:12:poweroncause_write	96	static
proc_info.c:966:12:uicolor_write	96	static
proc_info.c:158:12:draminfo_test_result_wtite	96	static
proc_info.c:749:12:lcm_info_write	320	static
proc_info.c:726:12:touch_write	96	static
proc_info.c:686:12:pid_write	96	static
proc_info.c:805:12:imei2_write	96	static
proc_info.c:789:12:imei_write	96	static
proc_info.c:931:12:audio_info_write	80	static
proc_info.c:1094:12:otg_last_flag_write	96	static
proc_info.c:1002:12:sim_card_slot_write	96	static
proc_info.c:1078:12:efuse_enabled_show	48	static
proc_info.c:776:12:fih_proc_test_result_show	32	static
proc_info.c:651:12:cavis_r_show	96	static
proc_info.c:639:12:cavis_d_show	96	static
proc_info.c:835:12:cavis_r_write	96	static
proc_info.c:822:12:cavis_d_write	96	static
proc_info.c:524:12:lcm_show	32	static
proc_info.c:246:13:get_emmc_vendor_and_size	48	static
proc_info.c:476:12:emmc_show	48	static
proc_info.c:701:12:model_write	80	static
proc_info.c:1798:19:proc_info_module_init	96	static
proc_info.c:1138:12:fqc_xml_path_show	48	static
proc_info.c:980:12:sim_card_slot_show	32	static
proc_info.c:184:12:fver_show	48	static
proc_info.c:1722:5:fih_read_hwid_info	160	static
proc_info.c:375:12:dram_show	160	static
proc_info.c:321:6:power	0	static
proc_info.c:541:6:fih_info_set_touch	32	static
proc_info.c:556:6:fih_info_set_lcm	32	static
