main.c:78:14:pm_verb	0	static
main.c:264:22:pm_op	0	static
main.c:298:22:pm_late_early_op	0	static
main.c:333:22:pm_noirq_op	0	static
main.c:540:13:is_async	0	static
main.c:1053:21:resume_event	0	static
main.c:239:13:dpm_wait	16	static
main.c:248:12:dpm_wait_fn	16	static
main.c:1804:5:device_pm_wait_for_dev	16	static
main.c:359:13:pm_dev_dbg	64	static
main.c:366:13:pm_dev_err	48	static
main.c:1792:6:__suspend_report_result	16	static
main.c:390:12:dpm_run_callback	64	static
main.c:488:12:device_resume_noirq	64	static
main.c:546:13:async_resume_noirq	32	static
main.c:633:12:device_resume_early	64	static
main.c:687:13:async_resume_early	32	static
main.c:777:12:device_resume	64	static
main.c:872:13:async_resume	32	static
main.c:1233:12:__device_suspend_late	96	static
main.c:1291:13:async_suspend_late	64	static
main.c:373:13:dpm_show_time.isra.14	16	static
main.c:1076:12:__device_suspend_noirq	96	static
main.c:1132:13:async_suspend_noirq	64	static
main.c:1406:12:legacy_suspend	64	static
main.c:1431:12:__device_suspend	368	static
main.c:1559:13:async_suspend	64	static
main.c:106:6:device_pm_sleep_init	32	static
main.c:121:6:device_pm_lock	16	static
main.c:129:6:device_pm_unlock	16	static
main.c:1819:6:dpm_for_each_dev	48	static
main.c:138:6:device_pm_add	32	static
main.c:154:6:device_pm_remove	32	static
main.c:171:6:device_pm_move_before	32	static
main.c:185:6:device_pm_move_after	32	static
main.c:198:6:device_pm_move_last	32	static
main.c:565:6:dpm_resume_noirq	112	static
main.c:703:6:dpm_resume_early	112	static
main.c:764:6:dpm_resume_start	32	static
main.c:890:6:dpm_resume	112	static
main.c:1002:6:dpm_complete	176	static
main.c:1036:6:dpm_resume_end	32	static
main.c:1165:5:dpm_suspend_noirq	112	static
main.c:1321:5:dpm_suspend_late	112	static
main.c:1383:5:dpm_suspend_end	48	static
main.c:1591:5:dpm_suspend	112	static
main.c:1732:5:dpm_prepare	128	static
main.c:1778:5:dpm_suspend_start	32	static
