core.c:748:13:__mmc_start_request	16	static
core.c:1764:6:mmc_set_data_timeout	0	static
core.c:1872:14:mmc_align_data_size	0	static
core.c:2868:21:mmc_mmc_erase_timeout	0	static
core.c:3157:5:mmc_can_erase	0	static
core.c:3166:5:mmc_can_trim	0	static
core.c:3174:5:mmc_can_discard	0	static
core.c:3186:5:mmc_can_sanitize	32	static
core.c:3196:5:mmc_can_secure_erase_trim	0	static
core.c:3205:5:mmc_erase_group_aligned	0	static
mmc.h:29:1:perf_trace_mmc_blk_erase_class	112	static
mmc.h:58:1:perf_trace_mmc_blk_rw_class	112	static
mmc.h:29:1:ftrace_raw_event_mmc_blk_erase_class	128	static
mmc.h:58:1:ftrace_raw_event_mmc_blk_rw_class	128	static
mmc.h:29:1:ftrace_raw_output_mmc_blk_erase_class	32	static
mmc.h:58:1:ftrace_raw_output_mmc_blk_rw_class	32	static
core.c:159:6:mmc_request_done	112	static
core.c:765:12:mmc_start_request	48	static
core.c:1105:13:mmc_wait_data_done	16	static
core.c:1943:6:mmc_release_host	32	static
core.c:1982:6:mmc_put_card	16	static
core.c:1113:13:mmc_wait_done	16	static
core.c:1895:5:__mmc_claim_host	144	static
core.c:1971:6:mmc_get_card	16	static
core.c:1595:5:mmc_interrupt_hpi	80	static
core.c:1581:6:mmc_wait_for_req	80	static
core.c:1665:5:mmc_wait_for_cmd	176	static
core.c:3292:5:mmc_set_blocklen	112	static
core.c:3306:5:mmc_set_blockcount	112	static
core.c:2367:5:mmc_regulator_set_ocr	48	static
core.c:100:12:mmc_schedule_delayed_work	16	static
core.c:2812:6:mmc_detect_change	32	static
core.c:3843:20:mmc_exit	16	static
core.c:3873:1:latency_hist_store	64	static
core.c:3853:1:latency_hist_show	48	static
core.c:3811:19:mmc_init	32	static
core.c:3099:5:mmc_erase	192	static
mmc.h:29:1:ftrace_define_fields_mmc_blk_erase_class	32	static
mmc.h:58:1:ftrace_define_fields_mmc_blk_rw_class	32	static
core.c:2698:13:__mmc_release_bus	16	static
core.c:3329:5:mmc_hw_reset	64	static
core.c:1693:5:mmc_stop_bkops	32	static
core.c:1727:5:mmc_read_bkops_status	48	static
core.c:1039:6:mmc_start_bkops	48	static
core.c:3685:5:mmc_flush_cache	32	static
core.c:2214:5:mmc_vddrange_to_ocrmask	0	static
core.c:2249:5:mmc_of_parse_voltage	96	static
core.c:2321:5:mmc_regulator_get_ocrmask	64	static
core.c:2413:5:mmc_regulator_get_supply	32	static
core.c:3216:21:mmc_do_calc_max_discard	112	static
core.c:3262:14:mmc_calc_max_discard	48	static
core.c:1453:23:mmc_start_req	160	static
core.c:2012:6:mmc_set_chip_select	48	static
core.c:2035:6:mmc_set_clock	48	static
core.c:2092:6:mmc_set_ungated	0	static
core.c:2097:5:mmc_execute_tuning	32	static
core.c:2128:6:mmc_set_bus_mode	48	static
core.c:2139:6:mmc_set_bus_width	48	static
core.c:2150:6:mmc_set_initial_state	48	static
core.c:2294:21:mmc_of_find_child_device	80	static
core.c:2481:5:__mmc_set_signal_voltage	32	static
core.c:2593:6:mmc_set_timing	48	static
core.c:2604:6:mmc_set_driver_type	48	static
core.c:2623:6:mmc_power_up	64	static
core.c:3658:5:mmc_power_restore_host	64	static
core.c:2663:6:mmc_power_off	16	static
core.c:3632:5:mmc_power_save_host	64	static
core.c:2687:6:mmc_power_cycle	48	static
core.c:2447:5:mmc_select_voltage	32	static
core.c:2500:5:mmc_set_signal_voltage	176	static
core.c:2738:6:mmc_attach_bus	48	static
core.c:2762:6:mmc_detach_bus	48	static
core.c:2818:6:mmc_init_erase	0	static
core.c:3444:5:_mmc_detect_card_removed	32	static
core.c:3476:5:mmc_detect_card_removed	48	static
core.c:3511:6:mmc_rescan	80	static
core.c:3583:6:mmc_start_host	32	static
core.c:3596:6:mmc_stop_host	48	static
core.c:3709:5:mmc_pm_notify	64	static
core.c:3786:6:mmc_init_context_info	16	static
core.c:3894:1:mmc_latency_hist_sysfs_init	32	static
core.c:3902:1:mmc_latency_hist_sysfs_exit	16	static
