main.c:155:19:set_reset_devices	0	static
main.c:205:19:debug_kernel	0	static
main.c:211:19:quiet_kernel	0	static
main.c:322:19:init_setup	0	static
main.c:339:19:rdinit_setup	0	static
main.c:220:19:loglevel	64	static
main.c:390:16:fih_gethwid	16	static
main.c:419:14:fih_get_ramtest_result	16	static
main.c:442:27:fih_mmc_size	16	static
main.c:475:27:fih_mmc_usersize	16	static
main.c:508:16:fih_get_memory_type	16	static
main.c:539:16:fih_get_memory_vendor	16	static
main.c:566:27:fih_get_emmc_size	16	static
main.c:598:27:fih_get_emmc_usersize	16	static
main.c:780:19:do_early_param	80	static
main.c:1303:12:run_init_process	32	static
main.c:1311:12:try_to_run_init_process	48	static
main.c:750:35:rest_init	32	static
main.c:1086:19:initcall_blacklist	80	static
main.c:1329:19:set_debug_rodata	16	static
main.c:240:19:repair_env_string	32	static
main.c:257:19:set_init_arg	48	static
main.c:281:19:unknown_bootoption	96	static
main.c:631:15:fih_get_ps_magnum	48	static
main.c:648:15:fih_getcmd	16	static
main.c:669:6:fih_get_gensor_cmd	64	static
main.c:689:6:fih_get_efuse_enable	16	static
main.c:707:6:fih_get_skuid	16	static
main.c:797:13:parse_early_options	16	static
main.c:803:13:parse_early_param	32	static
main.c:831:20:smp_setup_processor_id	0	static
main.c:836:20:thread_info_cache_init	0	static
main.c:859:34:start_kernel	96	static
main.c:1168:22:do_one_initcall	144	static
main.c:1398:29:kernel_init_freeable	96	static
main.c:1349:18:kernel_init	32	static
main.c:1298:13:load_default_modules	16	static
