ipi.h:18:1:ftrace_define_fields_ipi_raise	32	static
ipi.h:37:1:ftrace_define_fields_ipi_handler	16	static
ipi.h:37:1:perf_trace_ipi_handler	96	static
ipi.h:18:1:perf_trace_ipi_raise	112	static
ipi.h:18:1:ftrace_raw_event_ipi_raise	128	static
ipi.h:37:1:ftrace_raw_event_ipi_handler	112	static
ipi.h:18:1:ftrace_raw_output_ipi_raise	32	static
ipi.h:37:1:ftrace_raw_output_ipi_handler	32	static
smp.c:625:13:smp_cross_call	48	static
smp.c:112:5:__cpu_up	80	static
smp.c:179:17:secondary_start_kernel	64	static
smp.c:315:5:__cpu_disable	32	static
smp.c:365:6:__cpu_die	64	static
smp.c:403:6:cpu_die	32	static
smp.c:435:13:smp_cpus_done	32	static
smp.c:446:13:smp_prepare_boot_cpu	16	static
smp.c:457:13:smp_init_cpus	96	static
smp.c:560:13:smp_prepare_cpus	80	static
smp.c:610:13:set_smp_cross_call	0	static
smp.c:631:6:show_ipi_list	128	static
smp.c:645:5:smp_irq_stat_cpu	0	static
smp.c:656:6:arch_send_call_function_ipi_mask	16	static
smp.c:661:6:arch_send_call_function_single_ipi	16	static
smp.c:667:6:arch_irq_work_raise	16	static
smp.c:700:6:handle_IPI	64	static
smp.c:859:6:smp_send_reschedule	16	static
smp.c:865:6:tick_broadcast	16	static
smp.c:871:6:smp_send_stop	64	static
smp.c:896:5:setup_profiling_timer	0	static
