mt_soc_pcm_routing.c:964:12:mtk_routing_pcm_close	0	static
mt_soc_pcm_routing.c:968:12:mtk_routing_pcm_trigger	0	static
mt_soc_pcm_routing.c:980:12:mtk_routing_pcm_copy	0	static
mt_soc_pcm_routing.c:988:12:mtk_routing_pcm_silence	0	static
mt_soc_pcm_routing.c:998:21:mtk_routing_pcm_page	0	static
mt_soc_pcm_routing.c:1004:12:mtk_routing_pcm_prepare	0	static
mt_soc_pcm_routing.c:1009:12:mtk_routing_pcm_hw_params	0	static
mt_soc_pcm_routing.c:895:12:Afe_Anc_Get	32	static
mt_soc_pcm_routing.c:637:12:Audio_AssignDRAM_Get	32	static
mt_soc_pcm_routing.c:536:12:AudioI2S1_Setting_Get	32	static
mt_soc_pcm_routing.c:561:12:Audio_Ipoh_Setting_Get	32	static
mt_soc_pcm_routing.c:581:12:Audio_Mode_Get	32	static
mt_soc_pcm_routing.c:383:12:Audio_SideTone_Get	32	static
mt_soc_pcm_routing.c:300:12:Audio_SideGen_SampleRate_Get	32	static
mt_soc_pcm_routing.c:149:12:Audio_SideGen_Get	32	static
mt_soc_pcm_routing.c:1172:19:mtk_soc_routing_platform_init	16	static
mt_soc_pcm_routing.c:1082:12:mtk_afe_routing_remove	32	static
mt_soc_pcm_routing.c:1043:12:mtk_afe_routing_probe	48	static
mt_soc_pcm_routing.c:1018:12:mtk_routing_pcm_hw_free	16	static
mt_soc_pcm_routing.c:931:12:mtk_routing_pcm_open	48	static
mt_soc_pcm_routing.c:569:12:Audio_Ipoh_Setting_Set	32	static
mt_soc_pcm_routing.c:589:12:Audio_Mode_Set	32	static
mt_soc_pcm_routing.c:367:12:Audio_SideGen_Amplitude_Set	32	static
mt_soc_pcm_routing.c:1068:12:mtk_afe_routing_platform_probe	32	static
mt_soc_pcm_routing.c:645:12:Audio_AssignDRAM_Set	32	static
mt_soc_pcm_routing.c:630:12:Audio_LowLatencyDebug_Set	16	static
mt_soc_pcm_routing.c:623:12:Audio_LowLatencyDebug_Get	32	static
mt_soc_pcm_routing.c:604:12:Audio_DL2_DataTransfer	16	static
mt_soc_pcm_routing.c:520:12:AudioI2S1_Setting_Set	32	static
mt_soc_pcm_routing.c:419:12:AudioDebug_Setting_Set	32	static
mt_soc_pcm_routing.c:830:12:Audio_Hpr_Offset_Set	32	static
mt_soc_pcm_routing.c:796:12:Audio_Hpl_Offset_Set	32	static
mt_soc_pcm_routing.c:663:13:GetAudioTrimOffset	64	static
mt_soc_pcm_routing.c:809:12:Audio_Hpr_Offset_Get	48	static
mt_soc_pcm_routing.c:775:12:Audio_Hpl_Offset_Get	48	static
mt_soc_pcm_routing.c:391:12:Audio_SideTone_Set	32	static
mt_soc_pcm_routing.c:308:12:Audio_SideGen_SampleRate_Set	32	static
mt_soc_pcm_routing.c:157:12:Audio_SideGen_Set	32	static
mt_soc_pcm_routing.c:1196:20:mtk_soc_routing_platform_exit	16	static
mt_soc_pcm_routing.c:1059:12:mtk_asoc_routing_pcm_new	16	static
mt_soc_pcm_routing.c:513:12:AudioDebug_Setting_Get	16	static
mt_soc_pcm_routing.c:360:12:Audio_SideGen_Amplitude_Get	16	static
mt_soc_pcm_routing.c:1116:12:mtk_routing_pm_ops_resume	32	static
mt_soc_pcm_routing.c:1130:12:mtk_pm_ops_resume_ipo	32	static
mt_soc_pcm_routing.c:1090:12:mtk_routing_pm_ops_suspend	32	static
mt_soc_pcm_routing.c:1109:12:mtk_pm_ops_suspend_ipo	32	static
mt_soc_pcm_routing.c:144:5:Get_Audio_Mode	0	static
mt_soc_pcm_routing.c:887:6:EnAble_Anc_Path	16	static
mt_soc_pcm_routing.c:903:12:Afe_Anc_Set	32	static
