mt_soc_pcm_voice_md1.c:95:6:get_voice_status	0	static
mt_soc_pcm_voice_md1.c:338:12:mtk_voice_trigger	0	static
mt_soc_pcm_voice_md1.c:350:12:mtk_voice_pcm_copy	0	static
mt_soc_pcm_voice_md1.c:366:21:mtk_pcm_page	0	static
mt_soc_pcm_voice_md1.c:412:12:mtk_pcm_hw_params	0	static
mt_soc_pcm_voice_md1.c:572:19:mtk_soc_voice_platform_init	16	static
mt_soc_pcm_voice_md1.c:481:12:mtk_voice_remove	32	static
mt_soc_pcm_voice_md1.c:445:12:mtk_voice_probe	48	static
mt_soc_pcm_voice_md1.c:420:12:mtk_voice_hw_free	16	static
mt_soc_pcm_voice_md1.c:304:12:mtk_voice_close	32	static
mt_soc_pcm_voice_md1.c:262:12:mtk_voice_pcm_open	48	static
mt_soc_pcm_voice_md1.c:471:12:mtk_voice_platform_probe	32	static
mt_soc_pcm_voice_md1.c:596:20:mtk_soc_voice_platform_exit	16	static
mt_soc_pcm_voice_md1.c:372:12:mtk_voice1_prepare	112	static
mt_soc_pcm_voice_md1.c:515:12:mtk_voice_pm_ops_resume	48	static
mt_soc_pcm_voice_md1.c:490:12:mtk_voice_pm_ops_suspend	32	static
mt_soc_pcm_voice_md1.c:357:12:mtk_voice_pcm_silence	16	static
mt_soc_pcm_voice_md1.c:463:12:mtk_soc_voice_new	16	static
mt_soc_pcm_voice_md1.c:156:14:get_sph_property_by_name.constprop	32	static
mt_soc_pcm_voice_md1.c:187:12:speech_property_get	32	static
mt_soc_pcm_voice_md1.c:205:12:speech_property_set	32	static
