mtk-soc-pcm-deep-buffer-dl.c:269:12:mtk_deep_buffer_dl_hw_free	0	static
mtk-soc-pcm-deep-buffer-dl.c:590:1:mtk_deep_buffer_dl_driver_init	16	static
mtk-soc-pcm-deep-buffer-dl.c:564:12:mtk_deep_buffer_dl_remove	32	static
mtk-soc-pcm-deep-buffer-dl.c:466:21:mtk_deep_buffer_dl_page	16	static
mtk-soc-pcm-deep-buffer-dl.c:94:12:deep_buffer_dl_hdoutput_get	32	static
mtk-soc-pcm-deep-buffer-dl.c:545:12:mtk_deep_buffer_dl_probe	48	static
mtk-soc-pcm-deep-buffer-dl.c:473:12:mtk_deep_buffer_dl_ack	32	static
mtk-soc-pcm-deep-buffer-dl.c:200:26:mtk_deep_buffer_dl_pointer	32	static
mtk-soc-pcm-deep-buffer-dl.c:452:12:mtk_deep_buffer_dl_trigger	48	static
mtk-soc-pcm-deep-buffer-dl.c:367:12:mtk_deep_buffer_dl_prepare	48	static
mtk-soc-pcm-deep-buffer-dl.c:280:12:mtk_deep_buffer_dl_close	48	static
mtk-soc-pcm-deep-buffer-dl.c:122:12:Audio_Irqcnt_Get	32	static
mtk-soc-pcm-deep-buffer-dl.c:325:12:mtk_deep_buffer_dl_open	64	static
mtk-soc-pcm-deep-buffer-dl.c:526:12:mtk_deep_buffer_dl_platform_probe	32	static
mtk-soc-pcm-deep-buffer-dl.c:132:12:Audio_Irqcnt_Set	48	static
mtk-soc-pcm-deep-buffer-dl.c:590:1:mtk_deep_buffer_dl_driver_exit	16	static
mtk-soc-pcm-deep-buffer-dl.c:102:12:deep_buffer_dl_hdoutput_set	32	static
mtk-soc-pcm-deep-buffer-dl.c:243:12:mtk_deep_buffer_dl_hw_params	48	static
