mt_soc_afe_control.c:3955:13:is_period_smaller	0	static
mt_soc_afe_control.c:2125:13:SetIrqEnable	32	static
mt_soc_afe_control.c:3895:13:dump_irq_manager	64	static
mt_soc_afe_control.c:3973:31:get_min_period_user	48	static
mt_soc_afe_control.c:2178:13:SetIrqMcuCounter	16	static
mt_soc_afe_control.c:4000:12:check_and_update_irq	48	static
mt_soc_afe_control.c:212:13:CheckSize	32	static
mt_soc_afe_control.c:807:6:EnableI2SDivPower.part.5	16	static
mt_soc_afe_control.c:2030:6:SetI2SDacEnable.part.9	16	static
mt_soc_afe_control.c:2046:6:SetI2SADDAEnable.part.10	32	static
mt_soc_afe_control.c:247:6:AfeControlMutexLock	16	static
mt_soc_afe_control.c:252:6:AfeControlMutexUnLock	16	static
mt_soc_afe_control.c:257:6:AfeControlSramLock	16	static
mt_soc_afe_control.c:262:6:AfeControlSramUnLock	16	static
mt_soc_afe_control.c:267:14:GetSramState	0	static
mt_soc_afe_control.c:272:6:SetSramState	0	static
mt_soc_afe_control.c:278:6:ClearSramState	0	static
mt_soc_afe_control.c:284:14:GetPLaybackSramFullSize	0	static
mt_soc_afe_control.c:295:14:GetPLaybackSramPartial	0	static
mt_soc_afe_control.c:303:14:GetPLaybackDramSize	0	static
mt_soc_afe_control.c:309:8:GetCaptureSramSize	0	static
mt_soc_afe_control.c:317:8:GetCaptureDramSize	0	static
mt_soc_afe_control.c:323:6:SetFMEnableFlag	0	static
mt_soc_afe_control.c:328:6:SetOffloadEnableFlag	0	static
mt_soc_afe_control.c:333:6:SetOffloadSWMode	0	static
mt_soc_afe_control.c:338:6:ConditionEnterSuspend	0	static
mt_soc_afe_control.c:348:6:get_internalmd_status	16	static
mt_soc_afe_control.c:433:6:SetExternalModemStatus	32	static
mt_soc_afe_control.c:506:6:ResetAfeControl	16	static
mt_soc_afe_control.c:537:6:Register_Aud_Irq	32	static
mt_soc_afe_control.c:638:8:GetApllbySampleRate	0	static
mt_soc_afe_control.c:649:6:SetckSel	32	static
mt_soc_afe_control.c:743:8:SetCLkMclk	48	static
mt_soc_afe_control.c:780:6:SetCLkBclk	0	static
mt_soc_afe_control.c:807:6:EnableI2SDivPower	16	static
mt_soc_afe_control.c:818:6:EnableApll1	32	static
mt_soc_afe_control.c:856:6:EnableApll2	32	static
mt_soc_afe_control.c:673:6:EnableALLbySampleRate	32	static
mt_soc_afe_control.c:709:6:DisableALLbySampleRate	32	static
mt_soc_afe_control.c:912:6:SetVOWStatus	64	static
mt_soc_afe_control.c:941:6:EnableAfe	48	static
mt_soc_afe_control.c:1027:8:SampleRateTransform	0	static
mt_soc_afe_control.c:1065:6:SetSampleRate	32	static
mt_soc_afe_control.c:1121:6:SetChannels	16	static
mt_soc_afe_control.c:1171:6:Set2ndI2SOut	32	static
mt_soc_afe_control.c:1156:6:Set2ndI2SOutAttribute	32	static
mt_soc_afe_control.c:1188:6:Set2ndI2SOutEnable	16	static
mt_soc_afe_control.c:1199:6:SetDaiBt	0	static
mt_soc_afe_control.c:1212:6:SetDaiBtEnable	48	static
mt_soc_afe_control.c:1253:6:GetMrgI2SEnable	0	static
mt_soc_afe_control.c:1259:6:SetMrgI2SEnable	48	static
mt_soc_afe_control.c:1331:6:Set2ndI2SAdcIn	0	static
mt_soc_afe_control.c:1338:6:SetI2SAdcIn	32	static
mt_soc_afe_control.c:1382:6:EnableSideGenHw	48	static
mt_soc_afe_control.c:1522:6:SetSideGenSampleRate	32	static
mt_soc_afe_control.c:1537:6:Set2ndI2SAdcEnable	0	static
mt_soc_afe_control.c:1544:6:SetI2SAdcEnable	32	static
mt_soc_afe_control.c:1566:6:Set2ndI2SEnable	16	static
mt_soc_afe_control.c:1574:6:CleanPreDistortion	16	static
mt_soc_afe_control.c:1584:6:SetDLSrc2	16	static
mt_soc_afe_control.c:1629:6:SetI2SDacOut	48	static
mt_soc_afe_control.c:1649:6:SetHwDigitalGainMode	48	static
mt_soc_afe_control.c:1671:6:SetHwDigitalGainEnable	32	static
mt_soc_afe_control.c:1697:6:SetHwDigitalGain	32	static
mt_soc_afe_control.c:1717:6:SetModemPcmConfig	96	static
mt_soc_afe_control.c:1837:6:SetModemPcmEnable	32	static
mt_soc_afe_control.c:1882:6:EnableSideToneFilter	112	static
mt_soc_afe_control.c:1962:6:SetMemoryPathEnable	32	static
mt_soc_afe_control.c:1996:6:GetMemoryPathEnable	0	static
mt_soc_afe_control.c:2030:6:SetI2SDacEnable	16	static
mt_soc_afe_control.c:2046:6:SetI2SADDAEnable	16	static
mt_soc_afe_control.c:2070:6:GetI2SDacEnable	0	static
mt_soc_afe_control.c:2076:6:checkDllinkMEMIfStatus	0	static
mt_soc_afe_control.c:2087:6:checkUplinkMEMIfStatus	0	static
mt_soc_afe_control.c:2098:6:SetHDMIChannels	0	static
mt_soc_afe_control.c:2105:6:SetHDMIEnable	0	static
mt_soc_afe_control.c:2112:6:SetHDMIConnection	0	static
mt_soc_afe_control.c:2119:6:SetConnection	16	static
mt_soc_afe_control.c:2203:6:SetMemDuplicateWrite	16	static
mt_soc_afe_control.c:2237:6:Set2ndI2SIn	32	static
mt_soc_afe_control.c:2221:6:Set2ndI2SInConfig	64	static
mt_soc_afe_control.c:2264:6:Set2ndI2SInEnable	32	static
mt_soc_afe_control.c:2274:6:SetI2SASRCConfig	32	static
mt_soc_afe_control.c:2304:6:SetI2SASRCEnable	32	static
mt_soc_afe_control.c:2317:6:SetMemIfFetchFormatPerSample	16	static
mt_soc_afe_control.c:2394:6:SetoutputConnectionFormat	32	static
mt_soc_afe_control.c:2425:6:SetHDMIBCLK	32	static
mt_soc_afe_control.c:2441:8:GetHDMIApLLSource	32	static
mt_soc_afe_control.c:2403:6:SetHDMIMCLK	48	static
mt_soc_afe_control.c:2447:6:SetHDMIApLL	32	static
mt_soc_afe_control.c:2464:6:SetHDMIdatalength	32	static
mt_soc_afe_control.c:2473:6:SetHDMIsamplerate	48	static
mt_soc_afe_control.c:2520:6:SetTDMLrckWidth	0	static
mt_soc_afe_control.c:2525:6:SetTDMbckcycle	0	static
mt_soc_afe_control.c:2530:6:SetTDMChannelsSdata	0	static
mt_soc_afe_control.c:2535:6:SetTDMDatalength	0	static
mt_soc_afe_control.c:2540:6:SetTDMI2Smode	0	static
mt_soc_afe_control.c:2545:6:SetTDMLrckInverse	0	static
mt_soc_afe_control.c:2550:6:SetTDMBckInverse	0	static
mt_soc_afe_control.c:2555:6:SetTDMEnable	0	static
mt_soc_afe_control.c:2568:5:AudDrv_Allocate_DL1_Buffer	48	static
mt_soc_afe_control.c:2629:5:AudDrv_Allocate_DL2_Buffer	48	static
mt_soc_afe_control.c:2691:5:AudDrv_Allocate_mem_Buffer	112	static
mt_soc_afe_control.c:2754:20:Get_Mem_ControlT	16	static
mt_soc_afe_control.c:2764:6:SetMemifSubStream	64	static
mt_soc_afe_control.c:2799:6:ClearMemBlock	32	static
mt_soc_afe_control.c:2819:6:RemoveMemifSubStream	80	static
mt_soc_afe_control.c:2887:6:Auddrv_Dl1_Spinlock_lock	32	static
mt_soc_afe_control.c:2892:6:Auddrv_Dl1_Spinlock_unlock	16	static
mt_soc_afe_control.c:2898:6:Auddrv_Dl2_Spinlock_lock	32	static
mt_soc_afe_control.c:2903:6:Auddrv_Dl2_Spinlock_unlock	16	static
mt_soc_afe_control.c:2910:6:Auddrv_UL1_Spinlock_lock	32	static
mt_soc_afe_control.c:2915:6:Auddrv_UL1_Spinlock_unlock	16	static
mt_soc_afe_control.c:2920:6:Auddrv_HDMI_Interrupt_Handler	0	static
mt_soc_afe_control.c:2926:6:Auddrv_AWB_Interrupt_Handler	96	static
mt_soc_afe_control.c:3031:6:Auddrv_DAI_Interrupt_Handler	64	static
mt_soc_afe_control.c:3107:6:Auddrv_DL1_Interrupt_Handler	64	static
mt_soc_afe_control.c:3207:6:Auddrv_DL2_Interrupt_Handler	48	static
mt_soc_afe_control.c:3251:24:Get_Mem_Buffer	32	static
mt_soc_afe_control.c:387:6:OpenAfeDigitaldl1	32	static
mt_soc_afe_control.c:3284:6:Auddrv_UL1_Interrupt_Handler	64	static
mt_soc_afe_control.c:3376:12:Get_Mem_CopySizeByStream	48	static
mt_soc_afe_control.c:3424:6:Set_Mem_CopySizeByStream	64	static
mt_soc_afe_control.c:3445:6:Auddrv_UL2_Interrupt_Handler	64	static
mt_soc_afe_control.c:566:13:AudDrv_IRQ_handler	48	static
mt_soc_afe_control.c:3521:6:BackUp_Audio_Register	32	static
mt_soc_afe_control.c:3717:6:Restore_Audio_Register	0	static
mt_soc_afe_control.c:3723:14:Align64ByteSize	0	static
mt_soc_afe_control.c:3733:6:SetOffloadCbk	16	static
mt_soc_afe_control.c:3745:6:ClrOffloadCbk	32	static
mt_soc_afe_control.c:3761:6:Enable4pin_I2S0_I2S3	48	static
mt_soc_afe_control.c:3808:6:AudDrv_checkDLISRStatus	480	static
mt_soc_afe_control.c:4029:5:init_irq_manager	32	static
mt_soc_afe_control.c:449:6:InitAfeControl	48	static
mt_soc_afe_control.c:4040:5:irq_add_user	128	static
mt_soc_afe_control.c:4089:5:irq_remove_user	80	static
mt_soc_afe_control.c:4128:5:irq_update_user	80	static
mt_soc_afe_control.c:4175:5:get_LowLatencyDebug	0	static
mt_soc_afe_control.c:4180:6:set_LowLatencyDebug	16	static
