mt_soc_codec_63xx.c:225:13:GetDLStatus	0	static
mt_soc_codec_63xx.c:1181:12:mt63xx_codec_prepare	0	static
mt_soc_codec_63xx.c:1196:12:mt6323_codec_trigger	0	static
mt_soc_codec_63xx.c:1694:12:Audio_AmpL_Get	0	static
mt_soc_codec_63xx.c:1720:12:Audio_AmpR_Get	0	static
mt_soc_codec_63xx.c:1822:12:Voice_Amp_Get	0	static
mt_soc_codec_63xx.c:2664:12:Lineout_PGAL_Get	0	static
mt_soc_codec_63xx.c:2690:12:Lineout_PGAR_Get	0	static
mt_soc_codec_63xx.c:2715:12:Handset_PGA_Get	0	static
mt_soc_codec_63xx.c:2742:12:Headset_PGAL_Get	0	static
mt_soc_codec_63xx.c:2769:12:Headset_PGAR_Get	0	static
mt_soc_codec_63xx.c:2796:12:Aud_Clk_Buf_Get	0	static
mt_soc_codec_63xx.c:2870:13:GetAdcStatus	0	static
mt_soc_codec_63xx.c:3644:12:Audio_ADC1_Get	0	static
mt_soc_codec_63xx.c:3687:12:Audio_ADC2_Get	0	static
mt_soc_codec_63xx.c:3730:12:Audio_ADC3_Get	0	static
mt_soc_codec_63xx.c:3736:12:Audio_ADC3_Set	0	static
mt_soc_codec_63xx.c:3742:12:Audio_ADC4_Get	0	static
mt_soc_codec_63xx.c:3748:12:Audio_ADC4_Set	0	static
mt_soc_codec_63xx.c:3754:12:Audio_ADC1_Sel_Get	0	static
mt_soc_codec_63xx.c:3780:12:Audio_ADC2_Sel_Get	0	static
mt_soc_codec_63xx.c:3806:12:Audio_ADC3_Sel_Get	0	static
mt_soc_codec_63xx.c:3812:12:Audio_ADC3_Sel_Set	0	static
mt_soc_codec_63xx.c:3818:12:Audio_ADC4_Sel_Get	0	static
mt_soc_codec_63xx.c:3824:12:Audio_ADC4_Sel_Set	0	static
mt_soc_codec_63xx.c:3848:12:Audio_PreAmp1_Get	0	static
mt_soc_codec_63xx.c:3884:12:Audio_PreAmp2_Get	0	static
mt_soc_codec_63xx.c:3904:12:Audio_PGA1_Get	0	static
mt_soc_codec_63xx.c:3927:12:Audio_PGA2_Get	0	static
mt_soc_codec_63xx.c:3949:12:Audio_PGA3_Get	0	static
mt_soc_codec_63xx.c:3955:12:Audio_PGA3_Set	0	static
mt_soc_codec_63xx.c:3961:12:Audio_PGA4_Get	0	static
mt_soc_codec_63xx.c:3967:12:Audio_PGA4_Set	0	static
mt_soc_codec_63xx.c:3973:12:Audio_MicSource1_Get	0	static
mt_soc_codec_63xx.c:3995:12:Audio_MicSource2_Get	0	static
mt_soc_codec_63xx.c:4001:12:Audio_MicSource2_Set	0	static
mt_soc_codec_63xx.c:4007:12:Audio_MicSource3_Get	0	static
mt_soc_codec_63xx.c:4013:12:Audio_MicSource3_Set	0	static
mt_soc_codec_63xx.c:4020:12:Audio_MicSource4_Get	0	static
mt_soc_codec_63xx.c:4026:12:Audio_MicSource4_Set	0	static
mt_soc_codec_63xx.c:4033:12:Audio_Mic1_Mode_Select_Get	0	static
mt_soc_codec_63xx.c:4052:12:Audio_Mic2_Mode_Select_Get	0	static
mt_soc_codec_63xx.c:4072:12:Audio_Mic3_Mode_Select_Get	0	static
mt_soc_codec_63xx.c:4091:12:Audio_Mic4_Mode_Select_Get	0	static
mt_soc_codec_63xx.c:4110:12:Audio_Adc_Power_Mode_Get	0	static
mt_soc_codec_63xx.c:4322:12:Audio_Vow_State_Set	0	static
mt_soc_codec_63xx.c:2629:12:Audio_AuxAdcData_Set	16	static
mt_soc_codec_63xx.c:990:12:pmic_hp_impedance_set	32	static
mt_soc_codec_63xx.c:4348:12:Pmic_Loopback_Get	32	static
mt_soc_codec_63xx.c:4411:12:SineTable_UL2_Get	32	static
mt_soc_codec_63xx.c:4481:12:Voice_Call_DAC_DAC_HS_Get	32	static
mt_soc_codec_63xx.c:4466:12:ADC_LOOP_DAC_HP_Set	32	static
mt_soc_codec_63xx.c:4459:12:ADC_LOOP_DAC_HP_Get	32	static
mt_soc_codec_63xx.c:4445:12:ADC_LOOP_DAC_HS_Set	32	static
mt_soc_codec_63xx.c:4438:12:ADC_LOOP_DAC_HS_Get	32	static
mt_soc_codec_63xx.c:4418:12:SineTable_DAC_HP_Get	32	static
mt_soc_codec_63xx.c:4313:12:Audio_Vow_State_Get	32	static
mt_soc_codec_63xx.c:4305:12:Audio_Vow_Cfg5_Set	32	static
mt_soc_codec_63xx.c:4296:12:Audio_Vow_Cfg5_Get	32	static
mt_soc_codec_63xx.c:4288:12:Audio_Vow_Cfg4_Set	32	static
mt_soc_codec_63xx.c:4279:12:Audio_Vow_Cfg4_Get	32	static
mt_soc_codec_63xx.c:4271:12:Audio_Vow_Cfg3_Set	32	static
mt_soc_codec_63xx.c:4262:12:Audio_Vow_Cfg3_Get	32	static
mt_soc_codec_63xx.c:4254:12:Audio_Vow_Cfg2_Set	32	static
mt_soc_codec_63xx.c:4245:12:Audio_Vow_Cfg2_Get	32	static
mt_soc_codec_63xx.c:4237:12:Audio_Vow_Cfg1_Set	32	static
mt_soc_codec_63xx.c:4228:12:Audio_Vow_Cfg1_Get	32	static
mt_soc_codec_63xx.c:4220:12:Audio_Vow_Cfg0_Set	32	static
mt_soc_codec_63xx.c:4211:12:Audio_Vow_Cfg0_Get	32	static
mt_soc_codec_63xx.c:4189:12:Audio_Vow_MIC_Type_Select_Get	32	static
mt_soc_codec_63xx.c:4159:12:Audio_Vow_Digital_Func_Switch_Get	32	static
mt_soc_codec_63xx.c:4130:12:Audio_Vow_ADC_Func_Switch_Get	32	static
mt_soc_codec_63xx.c:2276:12:Receiver_Speaker_Switch_Get	32	static
mt_soc_codec_63xx.c:2205:12:Ext_Speaker_Amp_Get	32	static
mt_soc_codec_63xx.c:2447:12:Headset_Speaker_Amp_Get	32	static
mt_soc_codec_63xx.c:1947:12:Speaker_Amp_Get	32	static
mt_soc_codec_63xx.c:1039:13:EnableDcCompensation	16	static
mt_soc_codec_63xx.c:4713:12:mt6331_write	32	static
mt_soc_codec_63xx.c:1551:13:HeadsetVoloumeSet	48	static
mt_soc_codec_63xx.c:1522:13:HeadsetVoloumeRestore	48	static
mt_soc_codec_63xx.c:4197:12:Audio_Vow_MIC_Type_Select_Set	32	static
mt_soc_codec_63xx.c:4167:12:Audio_Vow_Digital_Func_Switch_Set	32	static
mt_soc_codec_63xx.c:3891:12:Audio_PreAmp2_Set	32	static
mt_soc_codec_63xx.c:4138:12:Audio_Vow_ADC_Func_Switch_Set	32	static
mt_soc_codec_63xx.c:4117:12:Audio_Adc_Power_Mode_Set	32	static
mt_soc_codec_63xx.c:4098:12:Audio_Mic4_Mode_Select_Set	32	static
mt_soc_codec_63xx.c:4079:12:Audio_Mic3_Mode_Select_Set	32	static
mt_soc_codec_63xx.c:4059:12:Audio_Mic2_Mode_Select_Set	32	static
mt_soc_codec_63xx.c:4040:12:Audio_Mic1_Mode_Select_Set	32	static
mt_soc_codec_63xx.c:3979:12:Audio_MicSource1_Set	32	static
mt_soc_codec_63xx.c:3934:12:Audio_PGA2_Set	32	static
mt_soc_codec_63xx.c:3911:12:Audio_PGA1_Set	32	static
mt_soc_codec_63xx.c:3786:12:Audio_ADC2_Sel_Set	32	static
mt_soc_codec_63xx.c:3760:12:Audio_ADC1_Sel_Set	32	static
mt_soc_codec_63xx.c:3855:12:Audio_PreAmp1_Set	32	static
mt_soc_codec_63xx.c:2670:12:Lineout_PGAL_Set	32	static
mt_soc_codec_63xx.c:2696:12:Lineout_PGAR_Set	32	static
mt_soc_codec_63xx.c:2722:12:Handset_PGA_Set	32	static
mt_soc_codec_63xx.c:2777:12:Headset_PGAR_Set	32	static
mt_soc_codec_63xx.c:2749:12:Headset_PGAL_Set	32	static
mt_soc_codec_63xx.c:333:13:ClsqEnable	48	static
mt_soc_codec_63xx.c:358:13:Topck_Enable	48	static
mt_soc_codec_63xx.c:383:13:NvregEnable	48	static
mt_soc_codec_63xx.c:454:6:Auddrv_Read_Efuse_HPOffset	112	static
mt_soc_codec_63xx.c:4837:19:mtk_mt6331_codec_init	16	static
mt_soc_codec_63xx.c:4805:12:mtk_mt6331_codec_dev_remove	32	static
mt_soc_codec_63xx.c:4740:12:mtk_mt6331_codec_dev_probe	48	static
mt_soc_codec_63xx.c:4706:21:mt6331_read	32	static
mt_soc_codec_63xx.c:4862:20:mtk_mt6331_codec_exit	16	static
mt_soc_codec_63xx.c:1164:12:mt63xx_codec_startup	0	static
mt_soc_codec_63xx.c:4700:12:mt6331_codec_remove	16	static
mt_soc_codec_63xx.c:2615:12:Audio_AuxAdcData_Get	16	static
mt_soc_codec_63xx.c:4489:12:Voice_Call_DAC_DAC_HS_Set	16	static
mt_soc_codec_63xx.c:4425:12:SineTable_DAC_HP_Set	16	static
mt_soc_codec_63xx.c:4332:12:SineTable_UL2_Set	32	static
mt_soc_codec_63xx.c:1091:13:SetDCcoupleNP	16	static
mt_soc_codec_63xx.c:584:6:EnableTrimbuffer.part.19	16	static
mt_soc_codec_63xx.c:2213:12:Ext_Speaker_Amp_Set	48	static
mt_soc_codec_63xx.c:2286:12:Receiver_Speaker_Switch_Set	48	static
mt_soc_codec_63xx.c:298:6:audckbufEnable	48	static
mt_soc_codec_63xx.c:1502:13:TurnOffDacPower	16	static
mt_soc_codec_63xx.c:4355:12:Pmic_Loopback_Set	32	static
mt_soc_codec_63xx.c:2803:12:Aud_Clk_Buf_Set	16	static
mt_soc_codec_63xx.c:437:6:vow_irq_handler	0	static
mt_soc_codec_63xx.c:551:6:setOffsetTrimMux	16	static
mt_soc_codec_63xx.c:556:6:setOffsetTrimBufferGain	16	static
mt_soc_codec_63xx.c:564:6:SetHplTrimOffset	32	static
mt_soc_codec_63xx.c:574:6:SetHprTrimOffset	32	static
mt_soc_codec_63xx.c:584:6:EnableTrimbuffer	32	static
mt_soc_codec_63xx.c:997:6:setHpGainZero	16	static
mt_soc_codec_63xx.c:1003:6:SetSdmLevel	16	static
mt_soc_codec_63xx.c:1125:8:GetULFrequency	32	static
mt_soc_codec_63xx.c:1146:8:ULSampleRateTransform	0	static
mt_soc_codec_63xx.c:3178:13:TurnOnADcPowerDmic	64	static
mt_soc_codec_63xx.c:1432:8:GetDLNewIFFrequency	16	static
mt_soc_codec_63xx.c:1470:13:TurnOnDacPower	32	static
mt_soc_codec_63xx.c:1579:13:Audio_Amp_Change	48	static
mt_soc_codec_63xx.c:739:6:OpenAnalogHeadphone	32	static
mt_soc_codec_63xx.c:1701:12:Audio_AmpL_Set	48	static
mt_soc_codec_63xx.c:1727:12:Audio_AmpR_Set	48	static
mt_soc_codec_63xx.c:1747:13:Voice_Amp_Change	32	static
mt_soc_codec_63xx.c:1829:12:Voice_Amp_Set	48	static
mt_soc_codec_63xx.c:1848:13:Speaker_Amp_Change	32	static
mt_soc_codec_63xx.c:237:6:SetAnalogSuspend	48	static
mt_soc_codec_63xx.c:1955:12:Speaker_Amp_Set	48	static
mt_soc_codec_63xx.c:599:6:OpenTrimBufferHardware	16	static
mt_soc_codec_63xx.c:664:6:OpenAnalogTrimHardware	16	static
mt_soc_codec_63xx.c:758:6:OpenHeadPhoneImpedanceSetting	32	static
mt_soc_codec_63xx.c:975:12:pmic_hp_impedance_get	144	static
mt_soc_codec_63xx.c:2456:12:Headset_Speaker_Amp_Set	48	static
mt_soc_codec_63xx.c:2855:6:SetMicPGAGain	32	static
mt_soc_codec_63xx.c:2895:13:TurnOnADcPowerACC	64	static
mt_soc_codec_63xx.c:3267:13:TurnOnADcPowerDCC	64	static
mt_soc_codec_63xx.c:3694:12:Audio_ADC2_Set	48	static
mt_soc_codec_63xx.c:3651:12:Audio_ADC1_Set	48	static
mt_soc_codec_63xx.c:4612:6:InitCodecDefault	16	static
mt_soc_codec_63xx.c:4652:12:mt6331_codec_probe	64	static
