mt_soc_pcm_dl1_i2s0.c:467:12:mtk_pcm_i2s0_hw_free	0	static
mt_soc_pcm_dl1_i2s0.c:540:12:mtk_pcm_i2s0_prepare	0	static
mt_soc_pcm_dl1_i2s0.c:745:12:mtk_pcm_i2s0_silence	0	static
mt_soc_pcm_dl1_i2s0.c:754:21:mtk_i2s0_pcm_page	0	static
mt_soc_pcm_dl1_i2s0.c:319:12:Audio_i2s0_ExtCodec_EchoRef_Get	32	static
mt_soc_pcm_dl1_i2s0.c:282:12:Audio_i2s0_hdoutput_Get	32	static
mt_soc_pcm_dl1_i2s0.c:90:12:Audio_i2s0_SideGen_Get	32	static
mt_soc_pcm_dl1_i2s0.c:846:19:mtk_i2s0_soc_platform_init	16	static
mt_soc_pcm_dl1_i2s0.c:816:12:mtk_i2s0_remove	32	static
mt_soc_pcm_dl1_i2s0.c:780:12:mtk_i2s0_probe	48	static
mt_soc_pcm_dl1_i2s0.c:327:12:Audio_i2s0_ExtCodec_EchoRef_Set	32	static
mt_soc_pcm_dl1_i2s0.c:608:12:mtk_pcm_i2s0_copy	96	static
mt_soc_pcm_dl1_i2s0.c:393:26:mtk_pcm_i2s0_pointer	64	static
mt_soc_pcm_dl1_i2s0.c:595:12:mtk_pcm_i2s0_trigger	48	static
mt_soc_pcm_dl1_i2s0.c:290:12:Audio_i2s0_hdoutput_Set	32	static
mt_soc_pcm_dl1_i2s0.c:442:12:mtk_pcm_i2s0_hw_params	32	static
mt_soc_pcm_dl1_i2s0.c:530:12:mtk_pcm_i2s0_close	32	static
mt_soc_pcm_dl1_i2s0.c:479:12:mtk_pcm_i2s0_open	64	static
mt_soc_pcm_dl1_i2s0.c:808:12:mtk_afe_i2s0_probe	32	static
mt_soc_pcm_dl1_i2s0.c:98:12:Audio_i2s0_SideGen_Set	48	static
mt_soc_pcm_dl1_i2s0.c:869:20:mtk_i2s0_soc_platform_exit	16	static
mt_soc_pcm_dl1_i2s0.c:799:12:mtk_asoc_pcm_i2s0_new	16	static
