seq_clientmgr.c:980:12:check_event_type_and_length	0	static
seq_clientmgr.c:1403:12:check_subscription_permission	0	static
seq_clientmgr.c:2210:12:snd_seq_do_ioctl	32	static
seq_clientmgr.c:569:12:update_timestamp_of_queue	48	static
seq_clientmgr.c:1740:5:snd_seq_set_queue_tempo	48	static
seq_clientmgr.c:219:31:seq_create_client1	48	static
seq_clientmgr.c:2236:13:snd_seq_ioctl	48	static
seq_clientmgr.c:267:12:seq_free_client1	48	static
seq_clientmgr.c:290:13:seq_free_client	32	static
seq_clientmgr.c:1749:12:snd_seq_ioctl_set_queue_tempo	112	static
seq_clientmgr.c:1709:12:snd_seq_ioctl_get_queue_tempo	128	static
seq_clientmgr.c:1675:12:snd_seq_ioctl_get_queue_status	176	static
seq_clientmgr.c:1764:12:snd_seq_ioctl_get_queue_timer	176	static
seq_clientmgr.c:1843:12:snd_seq_ioctl_get_queue_client	160	static
seq_clientmgr.c:1968:12:snd_seq_ioctl_remove_events	128	static
seq_clientmgr.c:1196:13:get_client_info	32	static
seq_clientmgr.c:1865:12:snd_seq_ioctl_set_queue_client	144	static
seq_clientmgr.c:1801:12:snd_seq_ioctl_set_queue_timer	176	static
seq_clientmgr.c:1652:12:snd_seq_ioctl_get_named_queue	208	static
seq_clientmgr.c:1616:12:snd_seq_ioctl_set_queue_info	208	static
seq_clientmgr.c:1589:12:snd_seq_ioctl_get_queue_info	224	static
seq_clientmgr.c:1235:12:snd_seq_ioctl_set_client_info	240	static
seq_clientmgr.c:1577:12:snd_seq_ioctl_delete_queue	192	static
seq_clientmgr.c:1542:12:snd_seq_ioctl_create_queue	208	static
seq_clientmgr.c:1377:12:snd_seq_ioctl_set_port_info	224	static
seq_clientmgr.c:1320:12:snd_seq_ioctl_delete_port	224	static
seq_clientmgr.c:1265:12:snd_seq_ioctl_create_port	224	static
seq_clientmgr.c:1139:12:snd_seq_ioctl_system_info	112	static
seq_clientmgr.c:2478:13:snd_seq_info_dump_subscribers	112	static
seq_clientmgr.c:376:12:snd_seq_release	32	static
seq_compat.c:45:12:snd_seq_call_port_info_ioctl	80	static
seq_compat.c:90:13:snd_seq_ioctl_compat	16	static
seq_clientmgr.c:1106:21:snd_seq_poll	64	static
seq_clientmgr.c:398:16:snd_seq_read	160	static
seq_clientmgr.c:123:31:clientptr	32	static
seq_clientmgr.c:2437:5:snd_seq_kernel_client_ctl	48	static
seq_clientmgr.c:2312:5:snd_seq_delete_kernel_client	32	static
seq_clientmgr.c:2455:5:snd_seq_kernel_client_write_poll	32	static
seq_clientmgr.c:2260:5:snd_seq_create_kernel_client	192	static
seq_clientmgr.c:318:12:snd_seq_open	64	static
seq_clientmgr.c:133:24:snd_seq_client_use_ptr	80	static
seq_clientmgr.c:2038:12:snd_seq_ioctl_query_subs	160	static
seq_clientmgr.c:2140:12:snd_seq_ioctl_query_next_port	240	static
seq_clientmgr.c:2108:12:snd_seq_ioctl_query_next_client	256	static
seq_clientmgr.c:1998:12:snd_seq_ioctl_get_subscription	160	static
seq_clientmgr.c:1885:12:snd_seq_ioctl_get_client_pool	144	static
seq_clientmgr.c:1919:12:snd_seq_ioctl_set_client_pool	144	static
seq_clientmgr.c:1344:12:snd_seq_ioctl_get_port_info	240	static
seq_clientmgr.c:1211:12:snd_seq_ioctl_get_client_info	256	static
seq_clientmgr.c:1159:12:snd_seq_ioctl_running_mode	80	static
seq_clientmgr.c:598:12:snd_seq_deliver_single_event.constprop	128	static
seq_clientmgr.c:806:12:snd_seq_deliver_event	160	static
seq_clientmgr.c:919:12:snd_seq_client_enqueue_event	96	static
seq_clientmgr.c:1012:16:snd_seq_write	160	static
seq_clientmgr.c:2333:12:kernel_client_enqueue.part.4	80	static
seq_clientmgr.c:2373:5:snd_seq_kernel_client_enqueue	64	static
seq_clientmgr.c:2386:5:snd_seq_kernel_client_enqueue_blocking	64	static
seq_clientmgr.c:2402:5:snd_seq_kernel_client_dispatch	64	static
seq_clientmgr.c:210:12:client_init_data	32	static
seq_clientmgr.c:847:5:snd_seq_dispatch_event	112	static
seq_clientmgr.c:1437:5:snd_seq_client_notify_subscription	80	static
seq_clientmgr.c:1500:12:snd_seq_ioctl_unsubscribe_port	192	static
seq_clientmgr.c:1455:12:snd_seq_ioctl_subscribe_port	192	static
seq_clientmgr.c:2538:6:snd_seq_info_clients_read	96	static
seq_clientmgr.c:2601:12:snd_sequencer_device_init	48	static
seq_clientmgr.c:2624:13:snd_sequencer_device_done	16	static
