card.h:487:35:add_quirk	0	static
card.h:533:35:add_quirk_mmc	0	static
block.c:641:1:mmc_blk_getgeo	0	static
block.c:3775:20:mmc_blk_exit	16	static
block.c:3674:12:_mmc_blk_suspend	32	static
block.c:3688:13:mmc_blk_shutdown	16	static
block.c:3717:12:mmc_blk_resume	32	static
block.c:3694:12:mmc_blk_suspend	64	static
block.c:189:13:mmc_blk_put	48	static
block.c:3376:13:mmc_blk_remove_req	48	static
block.c:631:13:mmc_blk_release	32	static
block.c:1414:12:get_card_status	112	static
block.c:1692:12:mmc_blk_reset	64	static
block.c:3147:29:mmc_blk_alloc_req	112	static
block.c:1359:12:mmc_sd_num_wr_blocks	352	static
block.c:655:33:mmc_blk_ioctl_copy_from_user	64	static
block.c:2425:13:mmc_blk_packed_hdr_wrq_prep	96	static
block.c:2094:13:mmc_blk_rw_rq_prep	96	static
block.c:3425:12:mmc_add_disk	48	static
block.c:3751:19:mmc_blk_init	48	static
block.c:703:12:mmc_blk_ioctl_copy_to_user	64	static
block.c:1527:12:mmc_blk_cmd_error.isra.30	48	static
block.c:3411:13:mmc_blk_remove_parts.isra.32	32	static
block.c:3658:13:mmc_blk_remove	48	static
block.c:3602:12:mmc_blk_probe	160	static
block.c:168:29:mmc_blk_get.isra.33	32	static
block.c:205:16:power_ro_lock_show	48	static
block.c:271:16:force_ro_show	48	static
block.c:610:12:mmc_blk_open	64	static
block.c:284:16:force_ro_store	80	static
block.c:225:16:power_ro_lock_store	80	static
block.c:2610:12:mmc_blk_issue_rw_rq	192	static
block.c:2996:12:mmc_blk_issue_rq	112	static
block.c:1429:12:card_busy_detect.isra.40	128	static
block.c:1914:12:mmc_blk_err_check	208	static
block.c:2035:12:mmc_blk_packed_err_check	96	static
block.c:969:12:__mmc_blk_ioctl_cmd	384	static
block.c:1251:12:mmc_blk_ioctl	96	static
block.c:1270:12:mmc_blk_compat_ioctl	16	static
block.c:1725:5:mmc_access_rpmb	0	static
