fiops-iosched.c:650:13:fiops_init_icq	0	static
fiops-iosched.c:752:20:fiops_exit	16	static
fiops-iosched.c:711:1:fiops_async_scale_store	64	static
fiops-iosched.c:689:1:fiops_read_scale_show	16	static
fiops-iosched.c:595:13:fiops_exit_queue	32	static
fiops-iosched.c:615:12:fiops_init_queue	48	static
fiops-iosched.c:604:13:fiops_kick_queue	32	static
fiops-iosched.c:507:13:fiops_completed_request	16	static
fiops-iosched.c:134:26:fiops_rb_first	32	static
fiops-iosched.c:172:13:fiops_update_min_vios	32	static
fiops-iosched.c:580:12:fiops_allow_merge	32	static
fiops-iosched.c:537:12:fiops_merge	48	static
fiops-iosched.c:747:19:fiops_init	16	static
fiops-iosched.c:340:12:fiops_dispatch_request	48	static
fiops-iosched.c:187:13:fiops_service_tree_add.isra.16	80	static
fiops-iosched.c:690:1:fiops_write_scale_show	16	static
fiops-iosched.c:691:1:fiops_sync_scale_show	16	static
fiops-iosched.c:692:1:fiops_async_scale_show	16	static
fiops-iosched.c:708:1:fiops_read_scale_store	64	static
fiops-iosched.c:709:1:fiops_write_scale_store	64	static
fiops-iosched.c:710:1:fiops_sync_scale_store	64	static
fiops-iosched.c:300:13:fiops_add_rq_rb	32	static
fiops-iosched.c:552:13:fiops_merged_request	32	static
fiops-iosched.c:276:13:fiops_del_ioc_rr.isra.14	48	static
fiops-iosched.c:430:12:fiops_dispatch_requests	80	static
fiops-iosched.c:563:1:fiops_merged_requests	48	static
fiops-iosched.c:108:16:fiops_wl_type	0	static
fiops-iosched.c:486:13:fiops_insert_request	48	static
