blk-core.c:95:26:blk_get_backing_dev_info	0	static
blk-core.c:806:13:ioc_set_batching	0	static
blk-core.c:1295:13:part_round_stats_single	0	static
blk-core.c:1415:6:blk_add_request_payload	0	static
blk-core.c:2557:6:blk_unprep_request	16	static
blk-core.c:2868:5:blk_lld_busy	16	static
blk-core.c:3005:6:blk_start_plug	0	static
blk-core.c:3027:12:plug_rq_cmp	0	static
block.h:488:1:ftrace_define_fields_block_plug	16	static
blk-core.c:103:6:blk_rq_init	32	static
blk-core.c:1253:6:blk_rq_set_block_pc	0	static
block.h:14:1:perf_trace_block_buffer	96	static
block.h:14:1:ftrace_raw_event_block_buffer	112	static
block.h:14:1:ftrace_raw_output_block_buffer	32	static
block.h:64:1:ftrace_raw_output_block_rq_with_error	48	static
block.h:143:1:ftrace_raw_output_block_rq_complete	48	static
block.h:176:1:ftrace_raw_output_block_rq	48	static
block.h:256:1:ftrace_raw_output_block_bio_bounce	32	static
block.h:294:1:ftrace_raw_output_block_bio_complete	32	static
block.h:322:1:ftrace_raw_output_block_bio_merge	32	static
block.h:389:1:ftrace_raw_output_block_bio_queue	32	static
block.h:417:1:ftrace_raw_output_block_get_rq	32	static
block.h:488:1:ftrace_raw_output_block_plug	32	static
block.h:505:1:ftrace_raw_output_block_unplug	32	static
block.h:551:1:ftrace_raw_output_block_split	32	static
block.h:591:1:ftrace_raw_output_block_bio_remap	48	static
block.h:635:1:ftrace_raw_output_block_rq_remap	64	static
block.h:294:1:perf_trace_block_bio_complete	112	static
block.h:294:1:ftrace_raw_event_block_bio_complete	128	static
block.h:591:1:perf_trace_block_bio_remap	112	static
block.h:591:1:ftrace_raw_event_block_bio_remap	128	static
block.h:635:1:perf_trace_block_rq_remap	112	static
block.h:635:1:ftrace_raw_event_block_rq_remap	128	static
block.h:64:1:perf_trace_block_rq_with_error	112	static
block.h:64:1:ftrace_raw_event_block_rq_with_error	128	static
block.h:143:1:perf_trace_block_rq_complete	128	static
block.h:143:1:ftrace_raw_event_block_rq_complete	128	static
block.h:176:1:perf_trace_block_rq	112	static
block.h:176:1:ftrace_raw_event_block_rq	128	static
block.h:256:1:perf_trace_block_bio_bounce	96	static
block.h:256:1:ftrace_raw_event_block_bio_bounce	112	static
block.h:322:1:perf_trace_block_bio_merge	96	static
block.h:322:1:ftrace_raw_event_block_bio_merge	112	static
block.h:389:1:perf_trace_block_bio_queue	96	static
block.h:389:1:ftrace_raw_event_block_bio_queue	112	static
block.h:417:1:perf_trace_block_get_rq	96	static
block.h:417:1:ftrace_raw_event_block_get_rq	112	static
block.h:488:1:perf_trace_block_plug	96	static
block.h:488:1:ftrace_raw_event_block_plug	112	static
block.h:505:1:perf_trace_block_unplug	96	static
block.h:505:1:ftrace_raw_event_block_unplug	112	static
block.h:551:1:perf_trace_block_split	112	static
block.h:551:1:ftrace_raw_event_block_split	128	static
blk-core.c:141:6:blk_dump_rq_flags	48	static
blk-core.c:1328:6:part_round_stats	48	static
blk-core.c:303:6:__blk_run_queue	32	static
blk-core.c:2977:5:kblockd_schedule_delayed_work	16	static
blk-core.c:184:6:blk_delay_queue	32	static
blk-core.c:2984:5:kblockd_schedule_delayed_work_on	16	static
blk-core.c:201:6:blk_start_queue	32	static
blk-core.c:224:6:blk_stop_queue	32	static
blk-core.c:249:6:blk_sync_queue	48	static
blk-core.c:320:6:blk_run_queue_async	16	static
blk-core.c:335:6:blk_run_queue	48	static
blk-core.c:345:6:blk_put_queue	16	static
blk-core.c:472:6:blk_queue_bypass_end	32	static
blk-core.c:360:13:__blk_drain_queue	48	static
blk-core.c:164:13:blk_delay_work	32	static
blk-core.c:489:6:blk_cleanup_queue	48	static
blk-core.c:580:23:blk_alloc_queue_node	80	static
blk-core.c:574:23:blk_alloc_queue	16	static
blk-core.c:759:6:blk_get_queue	16	static
blk-core.c:1273:6:blk_requeue_request	48	static
blk-core.c:1683:13:handle_bad_sector	80	static
blk-core.c:1762:1:generic_make_request_checks	144	static
blk-core.c:2838:6:rq_flush_dcache_pages	96	static
blk-core.c:2884:6:blk_rq_unprep_clone	32	static
blk-core.c:2931:5:blk_rq_prep_clone	80	static
blk-core.c:2971:5:kblockd_schedule_work	16	static
blk-core.c:3072:21:blk_check_plugged	48	static
blk-core.c:3042:13:queue_unplugged	64	static
blk-core.c:3349:1:blk_latency_hist_show	96	static
block.h:14:1:ftrace_define_fields_block_buffer	32	static
block.h:64:1:ftrace_define_fields_block_rq_with_error	32	static
block.h:143:1:ftrace_define_fields_block_rq_complete	32	static
block.h:176:1:ftrace_define_fields_block_rq	32	static
block.h:256:1:ftrace_define_fields_block_bio_bounce	32	static
block.h:294:1:ftrace_define_fields_block_bio_complete	32	static
block.h:322:1:ftrace_define_fields_block_bio_merge	32	static
block.h:389:1:ftrace_define_fields_block_bio_queue	32	static
block.h:417:1:ftrace_define_fields_block_get_rq	32	static
block.h:505:1:ftrace_define_fields_block_unplug	32	static
block.h:551:1:ftrace_define_fields_block_split	32	static
block.h:591:1:ftrace_define_fields_block_bio_remap	48	static
block.h:635:1:ftrace_define_fields_block_rq_remap	48	static
blk-core.c:815:13:__freed_request	48	static
blk-core.c:839:13:freed_request	32	static
blk-core.c:1122:24:get_request	208	static
blk-core.c:1182:17:blk_get_request	64	static
blk-core.c:2084:14:blk_rq_err_bytes	16	static
blk-core.c:1351:6:__blk_put_request	48	static
blk-core.c:1386:6:blk_put_request	48	static
blk-core.c:1222:17:blk_make_request	80	static
blk-core.c:1877:6:generic_make_request	80	static
blk-core.c:1937:6:submit_bio	144	static
blk-core.c:2001:5:blk_rq_check_limits	32	static
blk-core.c:443:6:blk_queue_bypass_start	32	static
blk-core.c:72:6:blk_queue_congestion_threshold	0	static
blk-core.c:278:13:__blk_run_queue_uncond	32	static
blk-core.c:547:5:blk_init_rl	64	static
blk-core.c:710:1:blk_init_allocated_queue	48	static
blk-core.c:693:1:blk_init_queue_node	48	static
blk-core.c:686:23:blk_init_queue	16	static
blk-core.c:568:6:blk_exit_rl	16	static
blk-core.c:855:5:blk_update_nr_requests	48	static
blk-core.c:2112:6:blk_account_io_completion	48	static
blk-core.c:2414:6:blk_update_request	96	static
blk-core.c:2529:13:blk_update_bidi_request	64	static
blk-core.c:2126:6:blk_account_io_done	48	static
blk-core.c:2570:6:blk_finish_request	32	static
blk-core.c:2615:13:blk_end_bidi_request	64	static
blk-core.c:2671:6:blk_end_request	16	static
blk-core.c:2710:6:blk_end_request_cur	16	static
blk-core.c:2728:6:blk_end_request_err	32	static
blk-core.c:2685:6:blk_end_request_all	16	static
blk-core.c:2174:6:blk_account_io_start	48	static
blk-core.c:1433:6:bio_attempt_back_merge	64	static
blk-core.c:1455:6:bio_attempt_front_merge	64	static
blk-core.c:1498:6:blk_attempt_plug_merge	64	static
blk-core.c:2032:5:blk_insert_cloned_request	64	static
blk-core.c:2315:6:blk_dequeue_request	16	static
blk-core.c:2349:6:blk_start_request	32	static
blk-core.c:2646:6:__blk_end_bidi_request	48	static
blk-core.c:2748:6:__blk_end_request	16	static
blk-core.c:2788:6:__blk_end_request_cur	16	static
blk-core.c:2807:6:__blk_end_request_err	32	static
blk-core.c:2762:6:__blk_end_request_all	16	static
blk-core.c:2226:17:blk_peek_request	80	static
blk-core.c:2381:17:blk_fetch_request	32	static
blk-core.c:2814:6:blk_rq_bio_prep	48	static
blk-core.c:1540:6:init_request_from_bio	16	static
blk-core.c:3097:6:blk_flush_plug_list	128	static
blk-core.c:1554:6:blk_queue_bio	112	static
blk-core.c:3168:6:blk_finish_plug	32	static
blk-core.c:3320:12:blk_dev_init	32	static
