blk-mq.c:294:13:__blk_mq_end_request	48	static
blk-mq.c:316:13:__blk_mq_complete_request_remote	16	static
blk-mq.c:501:17:blk_mq_tag_to_rq	0	static
blk-mq.c:975:12:plug_ctx_cmp	0	static
blk-mq.c:1267:23:blk_mq_map_queue	0	static
blk-mq.c:153:6:blk_mq_can_queue	16	static
blk-mq.c:80:12:blk_mq_queue_enter	128	static
blk-mq.c:757:12:blk_mq_hctx_next_cpu	48	static
blk-mq.c:418:13:__blk_mq_requeue_request	48	static
blk-mq.c:208:1:__blk_mq_alloc_request	48	static
blk-mq.c:267:13:__blk_mq_free_request	48	static
blk-mq.c:378:6:blk_mq_start_request	48	static
blk-mq.c:63:13:blk_mq_hctx_mark_pending	16	static
blk-mq.c:900:13:__blk_mq_insert_request	64	static
blk-mq.c:495:6:blk_mq_kick_requeue_list	16	static
blk-mq.c:810:6:blk_mq_stop_hw_queue	32	static
blk-mq.c:818:6:blk_mq_stop_hw_queues	32	static
blk-mq.c:885:6:blk_mq_delay_queue	48	static
blk-mq.c:1032:13:blk_mq_bio_to_request	32	static
blk-mq.c:600:13:blk_mq_attempt_merge	80	static
blk-mq.c:565:13:blk_mq_rq_timer	80	static
blk-mq.c:102:13:blk_mq_usage_counter_release	16	static
blk-mq.c:1273:13:blk_mq_free_rq_map	64	static
blk-mq.c:2066:6:blk_mq_free_tag_set	32	static
blk-mq.c:1306:28:blk_mq_init_rq_map	112	static
blk-mq.c:1653:13:blk_mq_map_swqueue	80	static
blk-mq.c:2028:5:blk_mq_alloc_tag_set	64	static
blk-mq.c:2112:19:blk_mq_init	16	static
blk-mq.c:124:13:blk_mq_freeze_queue_wait	96	static
blk-mq.c:473:6:blk_mq_add_to_requeue_list	48	static
blk-mq.c:430:6:blk_mq_requeue_request	32	static
blk-mq.c:1500:13:blk_mq_exit_hw_queues	64	static
blk-mq.c:139:13:blk_mq_unfreeze_queue	48	static
blk-mq.c:282:6:blk_mq_free_request	48	static
blk-mq.c:308:6:blk_mq_end_request	32	static
blk-mq.c:674:13:__blk_mq_run_hw_queue	128	static
blk-mq.c:230:17:blk_mq_alloc_request	144	static
blk-mq.c:875:13:blk_mq_delay_work_fn	32	static
blk-mq.c:866:13:blk_mq_run_work_fn	16	static
blk-mq.c:1077:24:blk_mq_map_request	144	static
blk-mq.c:349:6:__blk_mq_complete_request	48	static
blk-mq.c:367:6:blk_mq_complete_request	32	static
blk-mq.c:512:6:blk_mq_rq_timed_out	32	static
blk-mq.c:548:13:blk_mq_check_expired	32	static
blk-mq.c:775:6:blk_mq_run_hw_queue	32	static
blk-mq.c:792:6:blk_mq_run_queues	48	static
blk-mq.c:110:13:blk_mq_freeze_queue_start	32	static
blk-mq.c:133:6:blk_mq_freeze_queue	32	static
blk-mq.c:1707:13:blk_mq_update_tag_set_depth	48	static
blk-mq.c:1753:23:blk_mq_init_queue	144	static
blk-mq.c:1929:12:blk_mq_queue_reinit_notify	64	static
blk-mq.c:828:6:blk_mq_start_hw_queue	32	static
blk-mq.c:838:6:blk_mq_start_hw_queues	32	static
blk-mq.c:849:6:blk_mq_start_stopped_hw_queues	64	static
blk-mq.c:938:13:blk_mq_insert_requests	80	static
blk-mq.c:1193:13:blk_sq_make_request	128	static
blk-mq.c:1127:13:blk_mq_make_request	128	static
blk-mq.c:1462:12:blk_mq_hctx_notify	96	static
blk-mq.c:915:6:blk_mq_insert_request	64	static
blk-mq.c:439:13:blk_mq_requeue_work	96	static
blk-mq.c:985:6:blk_mq_flush_plug_list	112	static
blk-mq.c:1885:6:blk_mq_free_queue	48	static
blk-mq.c:2080:5:blk_mq_update_nr_requests	48	static
blk-mq.c:2102:6:blk_mq_disable_hotplug	16	static
blk-mq.c:2107:6:blk_mq_enable_hotplug	16	static
