trace_events_filter.c:184:1:filter_pred_s64	0	static
trace_events_filter.c:185:1:filter_pred_u64	0	static
trace_events_filter.c:186:1:filter_pred_s32	0	static
trace_events_filter.c:187:1:filter_pred_u32	0	static
trace_events_filter.c:188:1:filter_pred_s16	0	static
trace_events_filter.c:189:1:filter_pred_u16	0	static
trace_events_filter.c:190:1:filter_pred_s8	0	static
trace_events_filter.c:191:1:filter_pred_u8	0	static
trace_events_filter.c:193:1:filter_pred_64	0	static
trace_events_filter.c:194:1:filter_pred_32	0	static
trace_events_filter.c:195:1:filter_pred_16	0	static
trace_events_filter.c:196:1:filter_pred_8	0	static
trace_events_filter.c:199:12:filter_pred_string	32	static
trace_events_filter.c:235:12:filter_pred_strloc	32	static
trace_events_filter.c:250:12:filter_pred_none	0	static
trace_events_filter.c:705:1:__pop_pred_stack	0	static
trace_events_filter.c:780:13:filter_disable	0	static
trace_events_filter.c:1421:12:check_pred_tree_cb	32	static
trace_events_filter.c:1483:12:fold_pred_cb	32	static
trace_events_filter.c:766:13:__free_preds	48	static
trace_events_filter.c:790:13:__free_filter	32	static
trace_events_filter.c:1173:12:filter_opstack_pop	32	static
trace_events_filter.c:1876:13:create_filter_finish	48	static
trace_events_filter.c:1142:12:filter_opstack_push	32	static
trace_events_filter.c:1221:12:postfix_append_op	32	static
trace_events_filter.c:1201:12:postfix_append_operand	48	static
trace_events_filter.c:212:12:filter_pred_pchar	32	static
trace_events_filter.c:291:12:regex_match_end	16	static
trace_events_filter.c:284:12:regex_match_middle	16	static
trace_events_filter.c:274:12:regex_match_front	16	static
trace_events_filter.c:267:12:regex_match_full	16	static
trace_events_filter.c:411:12:walk_pred_tree	112	static
trace_events_filter.c:542:5:filter_match_preds	64	static
trace_events_filter.c:1456:12:count_leafs_cb	0	static
trace_events_filter.c:501:12:filter_match_preds_cb	112	static
trace_events_filter.c:601:12:append_filter_string.isra.13	48	static
trace_events_filter.c:621:13:append_filter_err	48	static
trace_events_filter.c:1842:12:create_filter_start.constprop	176	static
trace_events_filter.c:1532:12:fold_pred_tree_cb	112	static
trace_events_filter.c:318:17:filter_parse_regex	0	static
trace_events_filter.c:1562:12:replace_preds	192	static
trace_events_filter.c:1901:12:create_filter	96	static
trace_events_filter.c:652:6:print_event_filter	16	static
trace_events_filter.c:662:6:print_subsystem_event_filter	48	static
trace_events_filter.c:800:6:free_event_filter	16	static
trace_events_filter.c:906:5:filter_assign_type	32	static
trace_events_filter.c:1925:5:create_event_filter	16	static
trace_events_filter.c:1967:5:apply_event_filter	80	static
trace_events_filter.c:2018:5:apply_subsystem_event_filter	176	static
trace_events_filter.c:2063:6:ftrace_profile_free_filter	16	static
trace_events_filter.c:2213:5:ftrace_profile_set_filter	96	static
