ring_buffer.c:222:1:rb_event_data_length	0	static
ring_buffer.c:735:5:ring_buffer_time_stamp	32	static
ring_buffer.c:747:6:ring_buffer_normalize_time_stamp	0	static
ring_buffer.c:2045:1:rb_add_time_stamp	0	static
ring_buffer.c:3107:6:ring_buffer_record_disable	0	static
ring_buffer.c:3120:6:ring_buffer_record_enable	0	static
ring_buffer.c:3137:6:ring_buffer_record_off	0	static
ring_buffer.c:3160:6:ring_buffer_record_on	0	static
ring_buffer.c:3455:13:rb_iter_reset	0	static
ring_buffer.c:3499:5:ring_buffer_iter_empty	0	static
ring_buffer.c:3479:6:ring_buffer_iter_reset	48	static
ring_buffer.c:4134:1:ring_buffer_read_start	64	static
ring_buffer.c:4085:1:ring_buffer_read_prepare	32	static
ring_buffer.c:4481:7:ring_buffer_alloc_read_page	16	static
ring_buffer.c:406:13:free_buffer_page	32	static
ring_buffer.c:4506:6:ring_buffer_free_read_page	16	static
ring_buffer.c:3416:15:ring_buffer_entries	48	static
ring_buffer.c:3439:15:ring_buffer_overruns	48	static
ring_buffer.c:4116:1:ring_buffer_read_prepare_sync	16	static
ring_buffer.c:1891:6:ring_buffer_change_overwrite	48	static
ring_buffer.c:290:10:ring_buffer_event_length	32	static
ring_buffer.c:921:1:rb_head_page_deactivate.isra.14	0	static
ring_buffer.c:1322:13:rb_free_cpu_buffer	48	static
ring_buffer.c:932:12:rb_head_page_set.isra.15	0	static
ring_buffer.c:2817:1:rb_update_write_stamp	0	static
ring_buffer.c:3209:6:ring_buffer_record_disable_cpu	0	static
ring_buffer.c:3229:6:ring_buffer_record_enable_cpu	0	static
ring_buffer.c:3292:15:ring_buffer_bytes_cpu	0	static
ring_buffer.c:3312:15:ring_buffer_entries_cpu	0	static
ring_buffer.c:3331:15:ring_buffer_overrun_cpu	0	static
ring_buffer.c:3354:1:ring_buffer_commit_overrun_cpu	0	static
ring_buffer.c:3376:1:ring_buffer_dropped_events_cpu	0	static
ring_buffer.c:3397:1:ring_buffer_read_events_cpu	0	static
ring_buffer.c:4216:15:ring_buffer_size	0	static
ring_buffer.c:309:1:rb_event_data	16	static
ring_buffer.c:325:7:ring_buffer_event_data	16	static
ring_buffer.c:546:13:rb_wake_up_waiters	32	static
ring_buffer.c:1129:12:rb_check_list.isra.45	32	static
ring_buffer.c:1181:12:__rb_allocate_pages.isra.49	80	static
ring_buffer.c:1451:1:ring_buffer_free	48	static
ring_buffer.c:991:1:rb_set_head_page	32	static
ring_buffer.c:3259:5:ring_buffer_oldest_event_ts	48	static
ring_buffer.c:3082:12:rb_per_cpu_empty	32	static
ring_buffer.c:3585:1:rb_get_reader_page	48	static
ring_buffer.c:3713:13:rb_advance_reader	32	static
ring_buffer.c:3784:1:rb_buffer_peek	64	static
ring_buffer.c:4545:5:ring_buffer_read_page	128	static
ring_buffer.c:1680:13:rb_update_pages	64	static
ring_buffer.c:1694:13:update_pages_handler	32	static
ring_buffer.c:2024:13:rb_inc_iter	32	static
ring_buffer.c:3736:13:rb_advance_iter	96	static
ring_buffer.c:3850:1:rb_iter_peek	64	static
ring_buffer.c:3993:1:ring_buffer_iter_peek	64	static
ring_buffer.c:4189:1:ring_buffer_read	64	static
ring_buffer.c:896:13:rb_head_page_activate.isra.13	0	static
ring_buffer.c:4278:6:ring_buffer_reset_cpu	64	static
ring_buffer.c:4315:6:ring_buffer_reset	48	static
ring_buffer.c:1146:12:rb_check_pages	64	static
ring_buffer.c:4160:1:ring_buffer_read_finish	64	static
ring_buffer.c:1712:5:ring_buffer_resize	112	static
ring_buffer.c:1254:1:rb_allocate_cpu_buffer	96	static
ring_buffer.c:4710:12:rb_cpu_notify	80	static
ring_buffer.c:1358:21:__ring_buffer_alloc	112	static
ring_buffer.c:1966:1:rb_set_commit_to_write	48	static
ring_buffer.c:2844:13:rb_commit	32	static
ring_buffer.c:2888:5:ring_buffer_unlock_commit	32	static
ring_buffer.c:2980:6:ring_buffer_discard_commit	80	static
ring_buffer.c:2350:1:rb_move_tail.isra.46	80	static
ring_buffer.c:2591:1:rb_reserve_next_event.isra.47	128	static
ring_buffer.c:2771:1:ring_buffer_lock_reserve	32	static
ring_buffer.c:3031:5:ring_buffer_write	80	static
ring_buffer.c:39:5:ring_buffer_print_entry_header	32	static
ring_buffer.c:178:6:tracing_off_permanent	16	static
ring_buffer.c:3955:1:ring_buffer_peek	80	static
ring_buffer.c:4022:1:ring_buffer_consume	112	static
ring_buffer.c:4328:5:ring_buffer_empty	80	static
ring_buffer.c:4362:5:ring_buffer_empty_cpu	64	static
ring_buffer.c:394:8:ring_buffer_page_len	0	static
ring_buffer.c:431:5:ring_buffer_print_page_header	32	static
ring_buffer.c:567:5:ring_buffer_wait	176	static
ring_buffer.c:671:5:ring_buffer_poll_wait	48	static
ring_buffer.c:1475:6:ring_buffer_set_clock	0	static
ring_buffer.c:3178:5:ring_buffer_record_is_on	0	static
ring_buffer.c:3194:5:ring_buffer_record_is_set_on	0	static
