tcp.h:1605:20:tcp_stream_memory_free	0	static
tcp_ipv4.c:1765:6:inet_sk_rx_dst_set	0	static
tcp_ipv4.c:100:15:tcp_v4_init_sequence	16	static
tcp_ipv4.c:141:5:tcp_v4_connect	144	static
tcp_ipv4.c:868:6:tcp_syn_flood_action	32	static
tcp_ipv4.c:860:13:tcp_v4_reqsk_destructor	16	static
tcp_ipv4.c:582:13:tcp_v4_send_reset	128	static
tcp_ipv4.c:1241:26:tcp_v4_route_req	48	static
tcp_ipv4.c:1230:13:tcp_v4_init_req	64	static
tcp_ipv4.c:1303:14:tcp_v4_syn_recv_sock	112	static
tcp_ipv4.c:1437:5:tcp_v4_do_rcv	96	static
tcp_ipv4.c:1823:6:tcp_v4_destroy_sock	32	static
tcp_ipv4.c:2170:5:tcp_seq_open	48	static
tcp_ipv4.c:2188:5:tcp_proc_register	16	static
tcp_ipv4.c:2364:23:tcp4_proc_init_net	16	static
tcp_ipv4.c:2149:13:tcp_seq_stop	48	static
tcp_ipv4.c:2205:6:tcp_proc_unregister	16	static
tcp_ipv4.c:2369:24:tcp4_proc_exit_net	16	static
tcp_ipv4.c:2316:12:tcp4_seq_show	304	static
tcp_ipv4.c:1808:12:tcp_v4_init_sock	32	static
tcp_ipv4.c:2475:24:tcp_sk_exit_batch	16	static
tcp_ipv4.c:2440:24:tcp_sk_exit	64	static
tcp_ipv4.c:2449:23:tcp_sk_init	96	static
tcp_ipv4.c:1978:14:established_get_first.isra.28	48	static
tcp_ipv4.c:2009:14:established_get_next	32	static
tcp_ipv4.c:108:5:tcp_twsk_unique	32	static
tcp_ipv4.c:272:6:tcp_v4_mtu_reduced	48	static
tcp_ipv4.c:712:13:tcp_v4_send_ack.isra.31	144	static
tcp_ipv4.c:804:13:tcp_v4_reqsk_send_ack	32	static
tcp_ipv4.c:1283:5:tcp_v4_conn_request	16	static
tcp_ipv4.c:1543:6:tcp_prequeue	48	static
tcp_ipv4.c:1871:14:listening_get_next.isra.34	80	static
tcp_ipv4.c:2046:14:tcp_get_idx	48	static
tcp_ipv4.c:2118:14:tcp_seq_next	48	static
tcp_ipv4.c:2096:14:tcp_seq_start	64	static
tcp_ipv4.c:332:6:tcp_v4_err	160	static
tcp_ipv4.c:544:6:__tcp_v4_send_check	64	static
tcp_ipv4.c:561:6:tcp_v4_send_check	16	static
tcp_ipv4.c:827:12:tcp_v4_send_synack	128	static
tcp_ipv4.c:1499:6:tcp_v4_early_demux	32	static
tcp_ipv4.c:1595:5:tcp_v4_rcv	128	static
tcp_ipv4.c:2379:12:tcp4_proc_init	16	static
tcp_ipv4.c:2384:6:tcp4_proc_exit	16	static
tcp_ipv4.c:2486:13:tcp_v4_init	16	static
