tcp.c:615:13:skb_entail	0	static
tcp.c:382:6:tcp_init_sock	32	static
tcp.c:450:14:tcp_poll	48	static
tcp.c:547:5:tcp_ioctl	48	static
tcp.c:692:12:tcp_splice_data_recv	32	static
tcp.c:1489:24:tcp_recv_skb	48	static
tcp.c:657:13:tcp_push	64	static
tcp.c:432:13:tcp_tx_timestamp	48	static
tcp.c:891:12:tcp_send_mss	48	static
tcp.c:1413:13:tcp_cleanup_rbuf	32	static
tcp.c:1522:5:tcp_read_sock	96	static
tcp.c:728:9:tcp_splice_read	160	static
tcp.c:1471:13:tcp_prequeue_process	48	static
tcp.c:1943:6:tcp_set_state	48	static
tcp.c:2236:5:tcp_disconnect	32	static
tcp.c:2311:6:tcp_sock_destruct	32	static
tcp.c:2683:6:tcp_get_info	48	static
tcp.c:3107:19:set_thash_entries	16	static
tcp.c:331:6:tcp_enter_memory_pressure	0	static
tcp.c:1604:5:tcp_recvmsg	192	static
tcp.c:3046:6:tcp_done	32	static
tcp.c:3067:5:tcp_abort	48	static
tcp.c:2376:12:do_tcp_setsockopt.isra.18	112	static
tcp.c:2658:5:tcp_setsockopt	16	static
tcp.c:2671:5:compat_tcp_setsockopt	16	static
tcp.c:2757:12:do_tcp_getsockopt.isra.21	192	static
tcp.c:2894:5:tcp_getsockopt	16	static
tcp.c:2907:5:compat_tcp_getsockopt	16	static
tcp.c:2016:6:tcp_shutdown	32	static
tcp.c:818:17:sk_stream_alloc_skb	48	static
tcp.c:1021:5:tcp_sendpage	176	static
tcp.c:1061:6:tcp_free_fastopen_req	32	static
tcp.c:1098:5:tcp_sendmsg	208	static
tcp.c:2036:6:tcp_check_oom	64	static
tcp.c:2050:6:tcp_close	48	static
tcp.c:3131:13:tcp_init	64	static
