dst.h:404:19:dst_discard	16	static
dst.h:425:20:dst_rcu_free	16	static
route.c:197:14:rt_cache_seq_start	0	static
route.c:204:14:rt_cache_seq_next	0	static
route.c:210:13:rt_cache_seq_stop	0	static
route.c:245:14:rt_cpu_seq_start	0	static
route.c:261:14:rt_cpu_seq_next	0	static
route.c:275:13:rt_cpu_seq_stop	0	static
route.c:1135:26:ipv4_dst_check	0	static
route.c:1383:13:rt_cache_valid	0	static
route.c:2211:26:ipv4_blackhole_dst_check	0	static
route.c:2216:21:ipv4_blackhole_mtu	0	static
route.c:2223:13:ipv4_rt_blackhole_update_pmtu	0	static
route.c:2228:13:ipv4_rt_blackhole_redirect	0	static
route.c:2233:13:ipv4_rt_blackhole_cow_metrics	0	static
route.c:474:5:ip_idents_reserve	48	static
route.c:1259:33:find_exception	48	static
route.c:488:6:__ip_select_ident	48	static
route.c:1152:13:ipv4_link_failure	32	static
route.c:145:13:ipv4_cow_metrics	16	static
route.c:572:13:fnhe_flush_routes	32	static
route.c:1322:13:rt_cache_route	16	static
route.c:1347:13:rt_add_uncached_list	32	static
route.c:1354:13:ipv4_dst_destroy	32	static
route.c:809:26:ipv4_negative_advice	16	static
route.c:441:26:ipv4_neigh_lookup	48	static
route.c:1163:12:ip_rt_bug	32	static
route.c:906:12:ip_error	80	static
route.c:1434:23:rt_dst_alloc	16	static
route.c:2742:24:ipv4_inetpeer_exit	32	static
route.c:2731:23:ipv4_inetpeer_init	32	static
route.c:2718:23:rt_genid_init	16	static
route.c:2702:24:sysctl_route_net_exit	32	static
route.c:2674:23:sysctl_route_net_init	32	static
route.c:405:24:ip_rt_do_proc_exit	32	static
route.c:360:12:rt_acct_proc_open	16	static
route.c:336:12:rt_acct_proc_show	64	static
route.c:322:12:rt_cpu_seq_open	16	static
route.c:231:12:rt_cache_seq_open	16	static
route.c:280:12:rt_cpu_seq_show	144	static
route.c:504:13:__build_flow_key.isra.24	0	static
route.c:612:13:fill_route_from_fnhe	0	static
route.c:624:13:update_or_create_fnhe	96	static
route.c:972:13:__ip_rt_update_pmtu	112	static
route.c:1000:13:ip_rt_update_pmtu	128	static
route.c:712:13:__ip_do_redirect	128	static
route.c:792:13:ip_do_redirect	112	static
route.c:1216:13:set_class_tag.isra.26	0	static
route.c:1225:21:ipv4_default_advmss	0	static
route.c:1516:13:ip_handle_martian_source.isra.28	0	static
route.c:1238:21:ipv4_mtu	0	static
route.c:1390:13:rt_set_nexthop.isra.30	96	static
route.c:1845:5:ip_route_input_noref	208	static
route.c:2030:16:__ip_route_output_key	160	static
route.c:1119:6:ipv4_sk_redirect	112	static
route.c:2288:16:ip_route_output_flow	48	static
route.c:1048:6:ipv4_sk_update_pmtu	144	static
route.c:374:23:ip_rt_do_proc_init	48	static
route.c:214:12:rt_cache_seq_show	16	static
route.c:2305:12:rt_fill_info.constprop	224	static
route.c:2423:12:inet_rtm_getroute	368	static
route.c:1102:6:ipv4_redirect	96	static
route.c:1010:6:ipv4_update_pmtu	96	static
route.c:436:6:rt_cache_flush	0	static
route.c:2537:12:ipv4_sysctl_rtcache_flush	32	static
route.c:843:6:ip_rt_send_redirect	96	static
route.c:1182:6:ip_rt_get_source	160	static
route.c:1365:6:rt_flush_dev	48	static
route.c:2251:19:ipv4_blackhole_route	48	static
route.c:2526:6:ip_rt_multicast_event	16	static
route.c:2760:12:ip_rt_init	48	static
route.c:2815:13:ip_static_sysctl_init	16	static
