soc-pcm.c:137:5:snd_soc_set_runtime_hwparams	0	static
soc-pcm.c:972:12:soc_pcm_trigger	64	static
soc-pcm.c:1011:12:soc_pcm_bespoke_trigger	64	static
soc-pcm.c:1049:26:soc_pcm_pointer	96	static
soc-pcm.c:2582:5:snd_soc_dpcm_fe_can_update	0	static
soc-pcm.c:2591:5:snd_soc_dpcm_be_can_update	0	static
soc-pcm.c:2604:2:snd_soc_dpcm_get_substream	0	static
soc-pcm.c:2612:2:snd_soc_dpcm_be_get_state	0	static
soc-pcm.c:2619:6:snd_soc_dpcm_be_set_state	0	static
soc-pcm.c:2630:5:snd_soc_dpcm_can_be_free_stop	0	static
soc-pcm.c:2657:5:snd_soc_dpcm_can_be_params	0	static
soc-pcm.c:2681:5:snd_soc_platform_trigger	16	static
soc-pcm.c:1834:12:dpcm_do_trigger	48	static
soc-pcm.c:1849:5:dpcm_be_dai_trigger	112	static
soc-pcm.c:1943:12:dpcm_fe_dai_do_trigger	64	static
soc-pcm.c:2017:12:dpcm_fe_dai_trigger	16	static
soc-pcm.c:611:13:close_delayed_work	48	static
soc-pcm.c:317:13:soc_pcm_set_msb	80	static
soc-pcm.c:178:12:soc_pcm_apply_symmetry	48	static
soc-pcm.c:915:12:soc_pcm_hw_free	80	static
soc-pcm.c:785:13:soc_pcm_codec_params_fixup	32	static
soc-pcm.c:716:12:soc_pcm_prepare	80	static
soc-pcm.c:1536:13:dpcm_set_fe_update_state	64	static
soc-pcm.c:2110:12:soc_pcm_ioctl	16	static
soc-pcm.c:2719:16:dpcm_show_state	112	static
soc-pcm.c:2777:16:dpcm_state_read_file	80	static
soc-pcm.c:1311:12:dpcm_add_paths.isra.8	128	static
soc-pcm.c:1270:12:dpcm_prune_paths.isra.7	96	static
soc-pcm.c:47:6:snd_soc_runtime_activate	0	static
soc-pcm.c:438:12:soc_pcm_open	144	static
soc-pcm.c:82:6:snd_soc_runtime_deactivate	0	static
soc-pcm.c:116:6:snd_soc_runtime_ignore_pmdown_time	0	static
soc-pcm.c:639:12:soc_pcm_close	80	static
soc-pcm.c:154:5:dpcm_dapm_stream_event	96	static
soc-pcm.c:796:5:soc_dai_hw_params	32	static
soc-pcm.c:819:12:soc_pcm_hw_params	736	static
soc-pcm.c:1151:6:dpcm_be_disconnect	112	static
soc-pcm.c:1248:5:dpcm_path_get	80	static
soc-pcm.c:1368:5:dpcm_process_paths	16	static
soc-pcm.c:1377:6:dpcm_clear_pending_state	0	static
soc-pcm.c:1415:5:dpcm_be_dai_startup	128	static
soc-pcm.c:2391:12:dpcm_fe_dai_open	160	static
soc-pcm.c:1590:5:dpcm_be_dai_shutdown	96	static
soc-pcm.c:2430:12:dpcm_fe_dai_close	64	static
soc-pcm.c:1653:5:dpcm_be_dai_hw_free	96	static
soc-pcm.c:2260:12:dpcm_run_old_update	64	static
soc-pcm.c:1692:12:dpcm_fe_dai_hw_free	48	static
soc-pcm.c:1719:5:dpcm_be_dai_hw_params	112	static
soc-pcm.c:1799:12:dpcm_fe_dai_hw_params	64	static
soc-pcm.c:2034:5:dpcm_be_dai_prepare	96	static
soc-pcm.c:2247:12:dpcm_run_new_update	80	static
soc-pcm.c:2068:12:dpcm_fe_dai_prepare	64	static
soc-pcm.c:2276:5:soc_dpcm_runtime_update	96	static
soc-pcm.c:2361:5:soc_dpcm_be_digital_mute	96	static
soc-pcm.c:2451:5:soc_new_pcm	160	static
soc-pcm.c:2808:5:soc_dpcm_debugfs_add	32	static
