services.c:1990:13:security_load_policycaps	32	static
services.c:272:12:constraint_expr_eval	160	static
services.c:2884:12:get_classes_callback	48	static
services.c:2923:12:get_permissions_callback	48	static
services.c:1321:12:string_to_context_struct	96	static
services.c:1403:12:security_context_to_sid_core	192	static
services.c:1811:12:clone_sid	16	static
services.c:3267:19:aurule_init	16	static
services.c:196:12:unmap_class	0	static
services.c:3258:12:aurule_avc_callback	16	static
services.c:450:12:dump_masked_av_helper	16	static
services.c:1188:12:context_struct_to_string	96	static
services.c:1512:12:compute_sid_handle_invalid_context	128	static
services.c:1248:12:security_sid_to_context_core	80	static
services.c:1850:12:convert_context	176	static
services.c:110:12:selinux_set_mapping.constprop	144	static
services.c:1567:12:security_compute_sid.part.8	240	static
services.c:1567:12:security_compute_sid	16	static
services.c:462:13:security_dump_masked_av.constprop	368	static
services.c:256:5:security_mls_enabled	0	static
services.c:623:6:services_compute_xperms_drivers	0	static
services.c:648:13:context_struct_compute_av	176	static
services.c:540:13:type_attribute_bounds_av.isra.9	256	static
services.c:781:5:security_validate_transition	176	static
services.c:856:5:security_bounded_transition	96	static
services.c:942:6:services_compute_xperms_decision	16	static
services.c:996:6:security_compute_xperms_decision	144	static
services.c:1087:6:security_compute_av	96	static
services.c:1136:6:security_compute_av_user	80	static
services.c:1241:13:security_get_initial_sid_context	0	static
services.c:1308:5:security_sid_to_context	16	static
services.c:1313:5:security_sid_to_context_force	16	static
services.c:1473:5:security_context_to_sid	16	static
services.c:1498:5:security_context_to_sid_default	16	static
services.c:1505:5:security_context_to_sid_force	16	static
services.c:1752:5:security_transition_sid	16	static
services.c:1759:5:security_transition_sid_user	16	static
services.c:1779:5:security_member_sid	16	static
services.c:1801:5:security_change_sid	16	static
services.c:2159:8:security_policydb_len	32	static
services.c:2176:5:security_port_sid	64	static
services.c:2215:5:security_netif_sid	64	static
services.c:2271:5:security_node_sid	64	static
services.c:2354:5:security_get_user_sids	288	static
services.c:2526:5:security_genfs_sid	64	static
services.c:2543:5:security_fs_use	64	static
services.c:2584:5:security_get_bools	96	static
services.c:2012:5:security_load_policy	256	static
services.c:2635:5:security_set_bools	112	static
services.c:2684:5:security_get_bool_value	48	static
services.c:2737:5:security_sid_mls_copy	176	static
services.c:2822:5:security_net_peersid_resolve	64	static
services.c:2897:5:security_get_classes	64	static
services.c:2936:5:security_get_permissions	64	static
services.c:2981:5:security_get_reject_unknown	0	static
services.c:2986:5:security_get_allow_unknown	0	static
services.c:3001:5:security_policycap_supported	48	static
services.c:3017:6:selinux_audit_rule_free	32	static
services.c:3027:5:selinux_audit_rule_init	80	static
services.c:3124:5:selinux_audit_rule_known	0	static
services.c:3148:5:selinux_audit_rule_match	80	static
services.c:3434:5:security_read_policy	96	static
