af_unix.c:2455:6:unix_outq_len	0	static
af_unix.c:2486:21:unix_poll	32	static
af_unix.c:189:14:unix_peer_get	32	static
af_unix.c:385:13:unix_dgram_peer_wake_disconnect	48	static
af_unix.c:416:12:unix_dgram_peer_wake_me	64	static
af_unix.c:2431:6:unix_inq_len	32	static
af_unix.c:2461:12:unix_ioctl	32	static
af_unix.c:2650:13:unix_seq_stop	16	static
af_unix.c:2858:20:af_unix_exit	32	static
af_unix.c:2829:24:unix_net_exit	32	static
af_unix.c:2787:12:unix_seq_open	16	static
af_unix.c:2735:12:unix_seq_show	112	static
af_unix.c:2810:23:unix_net_init	32	static
af_unix.c:1058:13:unix_state_double_lock	32	static
af_unix.c:1073:13:unix_state_double_unlock	32	static
af_unix.c:649:12:unix_set_peek_off	64	static
af_unix.c:243:13:__unix_insert_socket	32	static
af_unix.c:344:12:unix_dgram_peer_wake_relay	16	static
af_unix.c:1190:13:unix_wait_for_peer	112	static
af_unix.c:1493:12:unix_getname	48	static
af_unix.c:2385:12:unix_shutdown	64	static
af_unix.c:573:13:init_peercred	32	static
af_unix.c:1419:12:unix_socketpair	64	static
af_unix.c:591:12:unix_listen	48	static
af_unix.c:2521:21:unix_dgram_poll	48	static
af_unix.c:1449:12:unix_accept	80	static
af_unix.c:436:13:unix_write_space	32	static
af_unix.c:743:21:unix_create1	64	static
af_unix.c:784:12:unix_create	16	static
af_unix.c:238:13:__unix_remove_socket	32	static
af_unix.c:500:13:unix_release_sock	112	static
af_unix.c:815:12:unix_release	32	static
af_unix.c:1626:13:maybe_add_creds	0	static
af_unix.c:2603:21:unix_next_socket.isra.28	0	static
af_unix.c:2644:14:unix_seq_next	16	static
af_unix.c:2630:14:unix_seq_start	32	static
af_unix.c:2840:19:af_unix_init	32	static
af_unix.c:1529:13:unix_detach_fds.isra.31	32	static
af_unix.c:1540:13:unix_destruct_scm	96	static
af_unix.c:2168:12:unix_stream_recvmsg	304	static
af_unix.c:215:12:unix_mkname	32	static
af_unix.c:263:21:__unix_find_socket_byname.isra.33	48	static
af_unix.c:828:12:unix_autobind	112	static
af_unix.c:973:12:unix_bind	160	static
af_unix.c:1606:12:unix_scm_to_skb	64	static
af_unix.c:1857:12:unix_stream_sendmsg	192	static
af_unix.c:889:21:unix_find_other.isra.35	112	static
af_unix.c:1230:12:unix_stream_connect	128	static
af_unix.c:455:13:unix_dgram_disconnected	32	static
af_unix.c:1083:12:unix_dgram_connect	80	static
af_unix.c:472:13:unix_sock_destructor	32	static
af_unix.c:2027:12:unix_dgram_recvmsg	208	static
af_unix.c:2005:12:unix_seqpacket_recvmsg	16	static
af_unix.c:1643:12:unix_dgram_sendmsg	176	static
af_unix.c:1986:12:unix_seqpacket_sendmsg	16	static
