extents.c:176:21:ext4_ext_find_goal	16	static
extents.c:3129:12:ext4_ext_zeroout	16	static
extents.c:3111:12:ext4_zeroout_es	16	static
extents.c:59:15:ext4_extent_block_csum.part.16	16	static
extents.c:59:15:ext4_extent_block_csum	240	dynamic,bounded
extents.c:85:13:ext4_extent_block_csum_set	48	static
extents.c:3789:12:check_eofblocks_fl	32	static
extents.c:443:12:__ext4_ext_check	160	static
extents.c:503:1:__read_extent_tree_block	96	static
extents.c:139:12:ext4_ext_get_access.isra.27	16	static
extents.c:114:12:ext4_ext_truncate_extend_restart	48	static
extents.c:4692:12:ext4_alloc_file_blocks.isra.29	192	static
extents.c:5235:1:ext4_access_path	48	static
extents.c:158:5:__ext4_ext_dirty	64	static
extents.c:1681:12:ext4_ext_correct_indexes	96	static
extents.c:2381:12:ext4_ext_rm_idx	80	static
extents.c:311:5:ext4_ext_calc_metadata_amount	0	static
extents.c:497:5:ext4_ext_check_inode	16	static
extents.c:712:6:ext4_ext_drop_refs	48	static
extents.c:568:5:ext4_ext_precache	112	static
extents.c:848:5:ext4_ext_tree_init	16	static
extents.c:862:1:ext4_find_extent	112	static
extents.c:1617:1:ext4_ext_next_allocated_block	16	static
extents.c:4207:12:get_implied_cluster_alloc	64	static
extents.c:1739:1:ext4_can_extents_be_merged	0	static
extents.c:1789:12:ext4_ext_try_to_merge_right	96	static
extents.c:1875:13:ext4_ext_try_to_merge	80	static
extents.c:1953:5:ext4_ext_insert_extent	224	static
extents.c:3169:12:ext4_split_extent_at	224	static
extents.c:3311:12:ext4_split_extent	80	static
extents.c:3672:12:ext4_split_convert_extents	16	static
extents.c:3403:12:ext4_ext_convert_to_initialized	240	static
extents.c:2437:5:ext4_ext_calc_credits_for_single_extent	16	static
extents.c:2474:5:ext4_ext_index_trans_blocks	0	static
extents.c:2843:5:ext4_ext_remove_space	288	static
extents.c:3063:6:ext4_ext_init	0	static
extents.c:3094:6:ext4_ext_release	0	static
extents.c:3844:5:ext4_find_delalloc_range	96	static
extents.c:3908:1:get_reserved_cluster_alloc	80	static
extents.c:3862:5:ext4_find_delalloc_cluster	16	static
extents.c:4287:5:ext4_ext_map_blocks	224	static
extents.c:4658:6:ext4_ext_truncate	48	static
extents.c:5029:5:ext4_convert_unwritten_extents	112	static
extents.c:5176:5:ext4_fiemap	208	static
extents.c:5429:5:ext4_collapse_range	192	static
extents.c:4930:6:ext4_fallocate	144	static
extents.c:5565:1:ext4_swap_extents	176	static
