super.c:2791:16:ext4_attr_show	16	static
super.c:2801:16:ext4_attr_store	16	static
super.c:3464:21:ext4_calculate_resv_clusters	0	static
ext4.h:78:1:perf_trace_ext4_free_inode	96	static
ext4.h:107:1:perf_trace_ext4_request_inode	112	static
ext4.h:129:1:perf_trace_ext4_allocate_inode	112	static
ext4.h:154:1:perf_trace_ext4_evict_inode	96	static
ext4.h:176:1:perf_trace_ext4_drop_inode	112	static
ext4.h:198:1:perf_trace_ext4_mark_inode_dirty	112	static
ext4.h:220:1:perf_trace_ext4_begin_ordered_truncate	112	static
ext4.h:243:1:perf_trace_ext4__write_begin	128	static
ext4.h:288:1:perf_trace_ext4__write_end	128	static
ext4.h:340:1:perf_trace_ext4_writepages	112	static
ext4.h:382:1:perf_trace_ext4_da_write_pages	112	static
ext4.h:411:1:perf_trace_ext4_da_write_pages_extent	112	static
ext4.h:438:1:perf_trace_ext4_writepages_result	128	static
ext4.h:473:1:perf_trace_ext4__page_op	96	static
ext4.h:518:1:perf_trace_ext4_invalidatepage_op	112	static
ext4.h:558:1:perf_trace_ext4_discard_blocks	112	static
ext4.h:582:1:perf_trace_ext4__mb_new_pa	112	static
ext4.h:627:1:perf_trace_ext4_mb_release_inode_pa	112	static
ext4.h:654:1:perf_trace_ext4_mb_release_group_pa	112	static
ext4.h:677:1:perf_trace_ext4_discard_preallocations	96	static
ext4.h:698:1:perf_trace_ext4_mb_discard_preallocations	112	static
ext4.h:719:1:perf_trace_ext4_request_blocks	96	static
ext4.h:759:1:perf_trace_ext4_allocate_blocks	112	static
ext4.h:801:1:perf_trace_ext4_free_blocks	128	static
ext4.h:832:1:perf_trace_ext4_sync_file_enter	112	static
ext4.h:859:1:perf_trace_ext4_sync_file_exit	112	static
ext4.h:882:1:perf_trace_ext4_sync_fs	112	static
ext4.h:903:1:perf_trace_ext4_alloc_da_blocks	96	static
ext4.h:928:1:perf_trace_ext4_mballoc_alloc	96	static
ext4.h:995:1:perf_trace_ext4_mballoc_prealloc	96	static
ext4.h:1035:1:perf_trace_ext4__mballoc	128	static
ext4.h:1089:1:perf_trace_ext4_forget	112	static
ext4.h:1116:1:perf_trace_ext4_da_update_reserve_space	112	static
ext4.h:1159:1:perf_trace_ext4_da_reserve_space	112	static
ext4.h:1193:1:perf_trace_ext4_da_release_space	112	static
ext4.h:1230:1:perf_trace_ext4__bitmap_load	112	static
ext4.h:1279:1:perf_trace_ext4_direct_IO_enter	128	static
ext4.h:1306:1:perf_trace_ext4_direct_IO_exit	128	static
ext4.h:1337:1:perf_trace_ext4__fallocate_mode	128	static
ext4.h:1386:1:perf_trace_ext4_fallocate_exit	128	static
ext4.h:1415:1:perf_trace_ext4_unlink_enter	112	static
ext4.h:1440:1:perf_trace_ext4_unlink_exit	112	static
ext4.h:1463:1:perf_trace_ext4__truncate	96	static
ext4.h:1500:1:perf_trace_ext4_ext_convert_to_initialized_enter	112	static
ext4.h:1538:1:perf_trace_ext4_ext_convert_to_initialized_fastpath	128	static
ext4.h:1580:1:perf_trace_ext4__map_blocks_enter	128	static
ext4.h:1622:1:perf_trace_ext4__map_blocks_exit	128	static
ext4.h:1672:1:perf_trace_ext4_ext_load_extent	112	static
ext4.h:1697:1:perf_trace_ext4_load_inode	96	static
ext4.h:1717:1:perf_trace_ext4_journal_start	128	static
ext4.h:1742:1:perf_trace_ext4_journal_start_reserved	112	static
ext4.h:1764:1:perf_trace_ext4__trim	128	static
ext4.h:1813:1:perf_trace_ext4_ext_handle_unwritten_extents	128	static
ext4.h:1851:1:perf_trace_ext4_get_implied_cluster_alloc_exit	112	static
ext4.h:1880:1:perf_trace_ext4_ext_put_in_cache	128	static
ext4.h:1910:1:perf_trace_ext4_ext_in_cache	112	static
ext4.h:1937:1:perf_trace_ext4_find_delalloc_range	144	static
ext4.h:1972:1:perf_trace_ext4_get_reserved_cluster_alloc	112	static
ext4.h:1998:1:perf_trace_ext4_ext_show_extent	128	static
ext4.h:2028:1:perf_trace_ext4_remove_blocks	128	static
ext4.h:2069:1:perf_trace_ext4_ext_rm_leaf	128	static
ext4.h:2107:1:perf_trace_ext4_ext_rm_idx	112	static
ext4.h:2130:1:perf_trace_ext4_ext_remove_space	128	static
ext4.h:2160:1:perf_trace_ext4_ext_remove_space_done	144	static
ext4.h:2197:1:perf_trace_ext4__es_extent	112	static
ext4.h:2239:1:perf_trace_ext4_es_remove_extent	112	static
ext4.h:2264:1:perf_trace_ext4_es_find_delayed_extent_range_enter	112	static
ext4.h:2286:1:perf_trace_ext4_es_find_delayed_extent_range_exit	112	static
ext4.h:2316:1:perf_trace_ext4_es_lookup_extent_enter	112	static
ext4.h:2338:1:perf_trace_ext4_es_lookup_extent_exit	112	static
ext4.h:2372:1:perf_trace_ext4__es_shrink_enter	112	static
ext4.h:2406:1:perf_trace_ext4_es_shrink_scan_exit	112	static
ext4.h:2428:1:perf_trace_ext4_collapse_range	112	static
ext4.h:2453:1:perf_trace_ext4_es_shrink	144	static
ext4.h:78:1:ftrace_raw_event_ext4_free_inode	112	static
ext4.h:107:1:ftrace_raw_event_ext4_request_inode	128	static
ext4.h:129:1:ftrace_raw_event_ext4_allocate_inode	128	static
ext4.h:154:1:ftrace_raw_event_ext4_evict_inode	112	static
ext4.h:176:1:ftrace_raw_event_ext4_drop_inode	128	static
ext4.h:198:1:ftrace_raw_event_ext4_mark_inode_dirty	128	static
ext4.h:220:1:ftrace_raw_event_ext4_begin_ordered_truncate	128	static
ext4.h:243:1:ftrace_raw_event_ext4__write_begin	144	static
ext4.h:288:1:ftrace_raw_event_ext4__write_end	144	static
ext4.h:340:1:ftrace_raw_event_ext4_writepages	128	static
ext4.h:382:1:ftrace_raw_event_ext4_da_write_pages	128	static
ext4.h:411:1:ftrace_raw_event_ext4_da_write_pages_extent	128	static
ext4.h:438:1:ftrace_raw_event_ext4_writepages_result	144	static
ext4.h:473:1:ftrace_raw_event_ext4__page_op	112	static
ext4.h:518:1:ftrace_raw_event_ext4_invalidatepage_op	128	static
ext4.h:558:1:ftrace_raw_event_ext4_discard_blocks	128	static
ext4.h:582:1:ftrace_raw_event_ext4__mb_new_pa	128	static
ext4.h:627:1:ftrace_raw_event_ext4_mb_release_inode_pa	128	static
ext4.h:654:1:ftrace_raw_event_ext4_mb_release_group_pa	128	static
ext4.h:677:1:ftrace_raw_event_ext4_discard_preallocations	112	static
ext4.h:698:1:ftrace_raw_event_ext4_mb_discard_preallocations	128	static
ext4.h:719:1:ftrace_raw_event_ext4_request_blocks	112	static
ext4.h:759:1:ftrace_raw_event_ext4_allocate_blocks	128	static
ext4.h:801:1:ftrace_raw_event_ext4_free_blocks	144	static
ext4.h:832:1:ftrace_raw_event_ext4_sync_file_enter	128	static
ext4.h:859:1:ftrace_raw_event_ext4_sync_file_exit	128	static
ext4.h:882:1:ftrace_raw_event_ext4_sync_fs	128	static
ext4.h:903:1:ftrace_raw_event_ext4_alloc_da_blocks	112	static
ext4.h:928:1:ftrace_raw_event_ext4_mballoc_alloc	112	static
ext4.h:995:1:ftrace_raw_event_ext4_mballoc_prealloc	112	static
ext4.h:1035:1:ftrace_raw_event_ext4__mballoc	144	static
ext4.h:1089:1:ftrace_raw_event_ext4_forget	128	static
ext4.h:1116:1:ftrace_raw_event_ext4_da_update_reserve_space	128	static
ext4.h:1159:1:ftrace_raw_event_ext4_da_reserve_space	128	static
ext4.h:1193:1:ftrace_raw_event_ext4_da_release_space	128	static
ext4.h:1230:1:ftrace_raw_event_ext4__bitmap_load	128	static
ext4.h:1279:1:ftrace_raw_event_ext4_direct_IO_enter	144	static
ext4.h:1306:1:ftrace_raw_event_ext4_direct_IO_exit	144	static
ext4.h:1337:1:ftrace_raw_event_ext4__fallocate_mode	144	static
ext4.h:1386:1:ftrace_raw_event_ext4_fallocate_exit	144	static
ext4.h:1415:1:ftrace_raw_event_ext4_unlink_enter	128	static
ext4.h:1440:1:ftrace_raw_event_ext4_unlink_exit	128	static
ext4.h:1463:1:ftrace_raw_event_ext4__truncate	112	static
ext4.h:1500:1:ftrace_raw_event_ext4_ext_convert_to_initialized_enter	128	static
ext4.h:1538:1:ftrace_raw_event_ext4_ext_convert_to_initialized_fastpath	144	static
ext4.h:1580:1:ftrace_raw_event_ext4__map_blocks_enter	144	static
ext4.h:1622:1:ftrace_raw_event_ext4__map_blocks_exit	144	static
ext4.h:1672:1:ftrace_raw_event_ext4_ext_load_extent	128	static
ext4.h:1697:1:ftrace_raw_event_ext4_load_inode	112	static
ext4.h:1717:1:ftrace_raw_event_ext4_journal_start	144	static
ext4.h:1742:1:ftrace_raw_event_ext4_journal_start_reserved	128	static
ext4.h:1764:1:ftrace_raw_event_ext4__trim	144	static
ext4.h:1813:1:ftrace_raw_event_ext4_ext_handle_unwritten_extents	144	static
ext4.h:1851:1:ftrace_raw_event_ext4_get_implied_cluster_alloc_exit	128	static
ext4.h:1880:1:ftrace_raw_event_ext4_ext_put_in_cache	144	static
ext4.h:1910:1:ftrace_raw_event_ext4_ext_in_cache	128	static
ext4.h:1937:1:ftrace_raw_event_ext4_find_delalloc_range	160	static
ext4.h:1972:1:ftrace_raw_event_ext4_get_reserved_cluster_alloc	128	static
ext4.h:1998:1:ftrace_raw_event_ext4_ext_show_extent	144	static
ext4.h:2028:1:ftrace_raw_event_ext4_remove_blocks	144	static
ext4.h:2069:1:ftrace_raw_event_ext4_ext_rm_leaf	144	static
ext4.h:2107:1:ftrace_raw_event_ext4_ext_rm_idx	128	static
ext4.h:2130:1:ftrace_raw_event_ext4_ext_remove_space	144	static
ext4.h:2160:1:ftrace_raw_event_ext4_ext_remove_space_done	160	static
ext4.h:2197:1:ftrace_raw_event_ext4__es_extent	128	static
ext4.h:2239:1:ftrace_raw_event_ext4_es_remove_extent	128	static
ext4.h:2264:1:ftrace_raw_event_ext4_es_find_delayed_extent_range_enter	128	static
ext4.h:2286:1:ftrace_raw_event_ext4_es_find_delayed_extent_range_exit	128	static
ext4.h:2316:1:ftrace_raw_event_ext4_es_lookup_extent_enter	128	static
ext4.h:2338:1:ftrace_raw_event_ext4_es_lookup_extent_exit	128	static
ext4.h:2372:1:ftrace_raw_event_ext4__es_shrink_enter	128	static
ext4.h:2406:1:ftrace_raw_event_ext4_es_shrink_scan_exit	128	static
ext4.h:2428:1:ftrace_raw_event_ext4_collapse_range	128	static
ext4.h:2453:1:ftrace_raw_event_ext4_es_shrink	160	static
ext4.h:78:1:ftrace_raw_output_ext4_free_inode	48	static
ext4.h:107:1:ftrace_raw_output_ext4_request_inode	32	static
ext4.h:129:1:ftrace_raw_output_ext4_allocate_inode	32	static
ext4.h:154:1:ftrace_raw_output_ext4_evict_inode	32	static
ext4.h:176:1:ftrace_raw_output_ext4_drop_inode	32	static
ext4.h:198:1:ftrace_raw_output_ext4_mark_inode_dirty	32	static
ext4.h:220:1:ftrace_raw_output_ext4_begin_ordered_truncate	32	static
ext4.h:243:1:ftrace_raw_output_ext4__write_begin	32	static
ext4.h:288:1:ftrace_raw_output_ext4__write_end	32	static
ext4.h:340:1:ftrace_raw_output_ext4_writepages	80	static
ext4.h:382:1:ftrace_raw_output_ext4_da_write_pages	32	static
ext4.h:438:1:ftrace_raw_output_ext4_writepages_result	48	static
ext4.h:473:1:ftrace_raw_output_ext4__page_op	32	static
ext4.h:518:1:ftrace_raw_output_ext4_invalidatepage_op	32	static
ext4.h:558:1:ftrace_raw_output_ext4_discard_blocks	32	static
ext4.h:582:1:ftrace_raw_output_ext4__mb_new_pa	32	static
ext4.h:627:1:ftrace_raw_output_ext4_mb_release_inode_pa	32	static
ext4.h:654:1:ftrace_raw_output_ext4_mb_release_group_pa	32	static
ext4.h:677:1:ftrace_raw_output_ext4_discard_preallocations	32	static
ext4.h:698:1:ftrace_raw_output_ext4_mb_discard_preallocations	32	static
ext4.h:832:1:ftrace_raw_output_ext4_sync_file_enter	32	static
ext4.h:859:1:ftrace_raw_output_ext4_sync_file_exit	32	static
ext4.h:882:1:ftrace_raw_output_ext4_sync_fs	32	static
ext4.h:903:1:ftrace_raw_output_ext4_alloc_da_blocks	32	static
ext4.h:995:1:ftrace_raw_output_ext4_mballoc_prealloc	80	static
ext4.h:1035:1:ftrace_raw_output_ext4__mballoc	32	static
ext4.h:1089:1:ftrace_raw_output_ext4_forget	32	static
ext4.h:1116:1:ftrace_raw_output_ext4_da_update_reserve_space	64	static
ext4.h:1159:1:ftrace_raw_output_ext4_da_reserve_space	48	static
ext4.h:1193:1:ftrace_raw_output_ext4_da_release_space	64	static
ext4.h:1230:1:ftrace_raw_output_ext4__bitmap_load	32	static
ext4.h:1279:1:ftrace_raw_output_ext4_direct_IO_enter	32	static
ext4.h:1306:1:ftrace_raw_output_ext4_direct_IO_exit	48	static
ext4.h:1386:1:ftrace_raw_output_ext4_fallocate_exit	32	static
ext4.h:1415:1:ftrace_raw_output_ext4_unlink_enter	32	static
ext4.h:1440:1:ftrace_raw_output_ext4_unlink_exit	32	static
ext4.h:1463:1:ftrace_raw_output_ext4__truncate	32	static
ext4.h:1500:1:ftrace_raw_output_ext4_ext_convert_to_initialized_enter	48	static
ext4.h:1538:1:ftrace_raw_output_ext4_ext_convert_to_initialized_fastpath	80	static
ext4.h:1672:1:ftrace_raw_output_ext4_ext_load_extent	32	static
ext4.h:1697:1:ftrace_raw_output_ext4_load_inode	32	static
ext4.h:1717:1:ftrace_raw_output_ext4_journal_start	32	static
ext4.h:1742:1:ftrace_raw_output_ext4_journal_start_reserved	32	static
ext4.h:1764:1:ftrace_raw_output_ext4__trim	32	static
ext4.h:1880:1:ftrace_raw_output_ext4_ext_put_in_cache	32	static
ext4.h:1910:1:ftrace_raw_output_ext4_ext_in_cache	32	static
ext4.h:1937:1:ftrace_raw_output_ext4_find_delalloc_range	48	static
ext4.h:1972:1:ftrace_raw_output_ext4_get_reserved_cluster_alloc	32	static
ext4.h:1998:1:ftrace_raw_output_ext4_ext_show_extent	32	static
ext4.h:2028:1:ftrace_raw_output_ext4_remove_blocks	64	static
ext4.h:2069:1:ftrace_raw_output_ext4_ext_rm_leaf	48	static
ext4.h:2107:1:ftrace_raw_output_ext4_ext_rm_idx	32	static
ext4.h:2130:1:ftrace_raw_output_ext4_ext_remove_space	32	static
ext4.h:2160:1:ftrace_raw_output_ext4_ext_remove_space_done	48	static
ext4.h:2239:1:ftrace_raw_output_ext4_es_remove_extent	32	static
ext4.h:2264:1:ftrace_raw_output_ext4_es_find_delayed_extent_range_enter	32	static
ext4.h:2316:1:ftrace_raw_output_ext4_es_lookup_extent_enter	32	static
ext4.h:2372:1:ftrace_raw_output_ext4__es_shrink_enter	32	static
ext4.h:2406:1:ftrace_raw_output_ext4_es_shrink_scan_exit	32	static
ext4.h:2428:1:ftrace_raw_output_ext4_collapse_range	32	static
ext4.h:2453:1:ftrace_raw_output_ext4_es_shrink	48	static
ext4.h:411:1:ftrace_raw_output_ext4_da_write_pages_extent	80	static
ext4.h:719:1:ftrace_raw_output_ext4_request_blocks	112	static
ext4.h:759:1:ftrace_raw_output_ext4_allocate_blocks	112	static
ext4.h:801:1:ftrace_raw_output_ext4_free_blocks	96	static
ext4.h:928:1:ftrace_raw_output_ext4_mballoc_alloc	320	static
ext4.h:1337:1:ftrace_raw_output_ext4__fallocate_mode	80	static
ext4.h:1580:1:ftrace_raw_output_ext4__map_blocks_enter	80	static
ext4.h:1622:1:ftrace_raw_output_ext4__map_blocks_exit	128	static
ext4.h:1813:1:ftrace_raw_output_ext4_ext_handle_unwritten_extents	112	static
ext4.h:1851:1:ftrace_raw_output_ext4_get_implied_cluster_alloc_exit	96	static
ext4.h:2197:1:ftrace_raw_output_ext4__es_extent	96	static
ext4.h:2286:1:ftrace_raw_output_ext4_es_find_delayed_extent_range_exit	96	static
ext4.h:2338:1:ftrace_raw_output_ext4_es_lookup_extent_exit	112	static
super.c:3013:13:ext4_remove_li_request	16	static
super.c:301:13:__save_error_info	64	static
super.c:5217:12:ext4_statfs	64	static
super.c:2627:16:es_ui_show	16	static
super.c:2604:16:sbi_ui_show	16	static
super.c:2675:16:sbi_deprecated_show	16	static
super.c:2637:16:reserved_clusters_show	16	static
super.c:2552:16:delayed_allocation_blocks_show	32	static
super.c:947:13:ext4_i_callback	16	static
super.c:2028:15:ext4_group_desc_csum	400	dynamic,bounded
super.c:3129:13:ext4_clear_request_list	32	static
super.c:3027:13:ext4_unregister_li_request	48	static
super.c:5638:23:ext4_mount	16	static
super.c:2612:16:sbi_ui_store	80	static
super.c:2586:16:inode_readahead_blks_store	64	static
super.c:2573:16:lifetime_write_kbytes_show	80	static
super.c:2561:16:session_write_kbytes_show	80	static
super.c:2835:16:ext4_feat_show	16	static
super.c:2812:13:ext4_sb_release	16	static
super.c:2830:13:ext4_feat_release	16	static
super.c:5497:12:ext4_quota_off	64	static
super.c:5534:12:ext4_quota_off_sysfile	16	static
super.c:5337:12:ext4_write_info	48	static
super.c:5303:12:ext4_release_dquot	32	static
super.c:5287:12:ext4_acquire_dquot	32	static
super.c:5269:12:ext4_write_dquot	32	static
super.c:5322:12:ext4_mark_dquot_dirty	32	static
super.c:1055:23:ext4_fh_to_parent	16	static
super.c:1048:23:ext4_fh_to_dentry	16	static
super.c:1068:12:bdev_try_to_free_page	48	static
super.c:1799:12:_ext4_show_options	128	static
super.c:1876:12:ext4_show_options	16	static
super.c:4466:13:ext4_init_journal_params	48	static
super.c:4867:12:ext4_sync_fs	96	static
super.c:5739:13:ext4_exit_feat_adverts	32	static
super.c:898:22:ext4_alloc_inode	32	static
super.c:1892:12:options_open_fs	32	static
super.c:1881:12:options_seq_show	32	static
super.c:5547:16:ext4_quota_read	96	static
super.c:967:13:init_once	32	static
super.c:128:15:ext4_superblock_csum.part.100	16	static
super.c:128:15:ext4_superblock_csum	240	dynamic,bounded
super.c:939:12:ext4_drop_inode	48	static
ext4.h:78:1:ftrace_define_fields_ext4_free_inode	32	static
ext4.h:107:1:ftrace_define_fields_ext4_request_inode	32	static
ext4.h:129:1:ftrace_define_fields_ext4_allocate_inode	32	static
ext4.h:154:1:ftrace_define_fields_ext4_evict_inode	32	static
ext4.h:176:1:ftrace_define_fields_ext4_drop_inode	32	static
ext4.h:198:1:ftrace_define_fields_ext4_mark_inode_dirty	32	static
ext4.h:220:1:ftrace_define_fields_ext4_begin_ordered_truncate	32	static
ext4.h:243:1:ftrace_define_fields_ext4__write_begin	32	static
ext4.h:288:1:ftrace_define_fields_ext4__write_end	32	static
ext4.h:340:1:ftrace_define_fields_ext4_writepages	32	static
ext4.h:382:1:ftrace_define_fields_ext4_da_write_pages	32	static
ext4.h:411:1:ftrace_define_fields_ext4_da_write_pages_extent	32	static
ext4.h:438:1:ftrace_define_fields_ext4_writepages_result	32	static
ext4.h:473:1:ftrace_define_fields_ext4__page_op	32	static
ext4.h:518:1:ftrace_define_fields_ext4_invalidatepage_op	32	static
ext4.h:558:1:ftrace_define_fields_ext4_discard_blocks	32	static
ext4.h:582:1:ftrace_define_fields_ext4__mb_new_pa	32	static
ext4.h:627:1:ftrace_define_fields_ext4_mb_release_inode_pa	32	static
ext4.h:654:1:ftrace_define_fields_ext4_mb_release_group_pa	32	static
ext4.h:677:1:ftrace_define_fields_ext4_discard_preallocations	32	static
ext4.h:698:1:ftrace_define_fields_ext4_mb_discard_preallocations	32	static
ext4.h:719:1:ftrace_define_fields_ext4_request_blocks	48	static
ext4.h:759:1:ftrace_define_fields_ext4_allocate_blocks	48	static
ext4.h:801:1:ftrace_define_fields_ext4_free_blocks	32	static
ext4.h:832:1:ftrace_define_fields_ext4_sync_file_enter	32	static
ext4.h:859:1:ftrace_define_fields_ext4_sync_file_exit	32	static
ext4.h:882:1:ftrace_define_fields_ext4_sync_fs	32	static
ext4.h:903:1:ftrace_define_fields_ext4_alloc_da_blocks	32	static
ext4.h:928:1:ftrace_define_fields_ext4_mballoc_alloc	64	static
ext4.h:995:1:ftrace_define_fields_ext4_mballoc_prealloc	48	static
ext4.h:1035:1:ftrace_define_fields_ext4__mballoc	32	static
ext4.h:1089:1:ftrace_define_fields_ext4_forget	32	static
ext4.h:1116:1:ftrace_define_fields_ext4_da_update_reserve_space	32	static
ext4.h:1159:1:ftrace_define_fields_ext4_da_reserve_space	32	static
ext4.h:1193:1:ftrace_define_fields_ext4_da_release_space	32	static
ext4.h:1230:1:ftrace_define_fields_ext4__bitmap_load	32	static
ext4.h:1279:1:ftrace_define_fields_ext4_direct_IO_enter	32	static
ext4.h:1306:1:ftrace_define_fields_ext4_direct_IO_exit	32	static
ext4.h:1337:1:ftrace_define_fields_ext4__fallocate_mode	32	static
ext4.h:1386:1:ftrace_define_fields_ext4_fallocate_exit	32	static
ext4.h:1415:1:ftrace_define_fields_ext4_unlink_enter	32	static
ext4.h:1440:1:ftrace_define_fields_ext4_unlink_exit	32	static
ext4.h:1463:1:ftrace_define_fields_ext4__truncate	32	static
ext4.h:1500:1:ftrace_define_fields_ext4_ext_convert_to_initialized_enter	48	static
ext4.h:1538:1:ftrace_define_fields_ext4_ext_convert_to_initialized_fastpath	48	static
ext4.h:1580:1:ftrace_define_fields_ext4__map_blocks_enter	32	static
ext4.h:1622:1:ftrace_define_fields_ext4__map_blocks_exit	32	static
ext4.h:1672:1:ftrace_define_fields_ext4_ext_load_extent	32	static
ext4.h:1697:1:ftrace_define_fields_ext4_load_inode	32	static
ext4.h:1717:1:ftrace_define_fields_ext4_journal_start	32	static
ext4.h:1742:1:ftrace_define_fields_ext4_journal_start_reserved	32	static
ext4.h:1764:1:ftrace_define_fields_ext4__trim	32	static
ext4.h:1813:1:ftrace_define_fields_ext4_ext_handle_unwritten_extents	48	static
ext4.h:1851:1:ftrace_define_fields_ext4_get_implied_cluster_alloc_exit	32	static
ext4.h:1880:1:ftrace_define_fields_ext4_ext_put_in_cache	32	static
ext4.h:1910:1:ftrace_define_fields_ext4_ext_in_cache	32	static
ext4.h:1937:1:ftrace_define_fields_ext4_find_delalloc_range	48	static
ext4.h:1972:1:ftrace_define_fields_ext4_get_reserved_cluster_alloc	32	static
ext4.h:1998:1:ftrace_define_fields_ext4_ext_show_extent	32	static
ext4.h:2028:1:ftrace_define_fields_ext4_remove_blocks	32	static
ext4.h:2069:1:ftrace_define_fields_ext4_ext_rm_leaf	32	static
ext4.h:2107:1:ftrace_define_fields_ext4_ext_rm_idx	32	static
ext4.h:2130:1:ftrace_define_fields_ext4_ext_remove_space	32	static
ext4.h:2160:1:ftrace_define_fields_ext4_ext_remove_space_done	32	static
ext4.h:2197:1:ftrace_define_fields_ext4__es_extent	32	static
ext4.h:2239:1:ftrace_define_fields_ext4_es_remove_extent	32	static
ext4.h:2264:1:ftrace_define_fields_ext4_es_find_delayed_extent_range_enter	32	static
ext4.h:2286:1:ftrace_define_fields_ext4_es_find_delayed_extent_range_exit	32	static
ext4.h:2316:1:ftrace_define_fields_ext4_es_lookup_extent_enter	32	static
ext4.h:2338:1:ftrace_define_fields_ext4_es_lookup_extent_exit	32	static
ext4.h:2372:1:ftrace_define_fields_ext4__es_shrink_enter	32	static
ext4.h:2406:1:ftrace_define_fields_ext4_es_shrink_scan_exit	32	static
ext4.h:2428:1:ftrace_define_fields_ext4_collapse_range	32	static
ext4.h:2453:1:ftrace_define_fields_ext4_es_shrink	32	static
super.c:353:13:ext4_journal_commit_callback	64	static
super.c:3052:12:ext4_lazyinit_thread	128	static
super.c:1019:22:ext4_nfs_get_inode	32	static
super.c:5750:19:ext4_init_fs	80	static
super.c:2644:16:reserved_clusters_store	64	static
super.c:5825:20:ext4_exit_fs	32	static
super.c:149:6:ext4_superblock_csum_set	48	static
super.c:159:7:ext4_kvmalloc	32	static
super.c:169:7:ext4_kvzalloc	32	static
super.c:179:6:ext4_kvfree	16	static
super.c:188:14:ext4_block_bitmap	0	static
super.c:196:14:ext4_inode_bitmap	0	static
super.c:204:14:ext4_inode_table	0	static
super.c:212:7:ext4_free_group_clusters	0	static
super.c:220:7:ext4_free_inodes_count	0	static
super.c:228:7:ext4_used_dirs_count	0	static
super.c:236:7:ext4_itable_unused_count	0	static
super.c:244:6:ext4_block_bitmap_set	0	static
super.c:252:6:ext4_inode_bitmap_set	0	static
super.c:260:6:ext4_inode_table_set	0	static
super.c:268:6:ext4_free_group_clusters_set	0	static
super.c:276:6:ext4_free_inodes_set	0	static
super.c:284:6:ext4_used_dirs_set	0	static
super.c:292:6:ext4_itable_unused_set	0	static
super.c:508:13:ext4_decode_error	32	static
super.c:612:6:__ext4_msg	176	static
super.c:4716:12:ext4_commit_super	96	static
super.c:330:13:save_error_info	32	static
super.c:4955:12:ext4_unfreeze	16	static
super.c:4917:12:ext4_freeze	48	static
super.c:4790:13:ext4_mark_recovery_complete.isra.186	32	static
super.c:388:13:ext4_handle_error	32	static
super.c:422:6:__ext4_error	160	static
super.c:2658:16:trigger_test_error	64	static
super.c:5424:12:ext4_quota_enable	112	static
super.c:5485:12:ext4_quota_on_sysfile	16	static
super.c:441:6:__ext4_error_inode	176	static
super.c:471:6:__ext4_error_file	272	static
super.c:545:6:__ext4_std_error	96	static
super.c:578:6:__ext4_abort	176	static
super.c:5380:12:ext4_quota_on	64	static
super.c:5584:16:ext4_quota_write	96	static
super.c:801:13:ext4_put_super	64	static
super.c:953:13:ext4_destroy_inode	48	static
super.c:2921:13:print_daily_error_info	48	static
super.c:1296:12:set_qf_name	48	static
super.c:1342:12:clear_qf_name	32	static
super.c:1687:12:parse_options	208	static
super.c:2863:12:ext4_feature_set_ok	32	static
super.c:628:6:__ext4_warning	160	static
super.c:4818:13:ext4_clear_journal_err.isra.192	96	static
super.c:5457:12:ext4_enable_quotas	80	static
super.c:646:6:__ext4_grp_locked_error	176	static
super.c:699:6:ext4_update_dynamic_rev	32	static
super.c:1905:12:ext4_setup_super	64	static
super.c:999:6:ext4_clear_inode	32	static
super.c:1962:5:ext4_alloc_flex_bg_array	64	static
super.c:2075:5:ext4_group_desc_csum_verify	32	static
super.c:2086:6:ext4_group_desc_csum_set	32	static
super.c:3229:5:ext4_register_li_request	96	static
super.c:4985:12:ext4_remount	224	static
super.c:3419:5:ext4_calculate_overhead	144	static
super.c:3506:12:ext4_fill_super	480	dynamic,bounded
super.c:4856:5:ext4_force_commit	16	static
