xattr.c:191:1:ext4_xattr_check_names	0	static
xattr.c:421:1:ext4_xattr_list_entries	64	static
xattr.c:625:15:ext4_xattr_free_space	0	static
xattr.c:1729:13:ext4_xattr_rehash	0	static
xattr.c:1571:1:ext4_xattr_cache_insert	48	static
xattr.c:270:1:ext4_xattr_find_entry	80	static
xattr.c:641:1:ext4_xattr_set_entry	112	static
xattr.c:121:15:ext4_xattr_block_csum.isra.5	400	dynamic,bounded
xattr.c:141:12:ext4_xattr_block_csum_verify	64	static
xattr.c:763:1:ext4_xattr_block_find	48	static
xattr.c:151:13:ext4_xattr_block_csum_set	64	static
xattr.c:566:1:ext4_xattr_release_block	64	static
xattr.c:805:1:ext4_xattr_block_set	192	static
xattr.c:238:1:__xattr_check_inode	48	static
xattr.c:1256:13:ext4_xattr_shift_entries	16	static
xattr.c:1076:12:ext4_xattr_ibody_set.isra.8	48	static
xattr.c:185:1:ext4_listxattr	128	static
xattr.c:349:1:ext4_xattr_ibody_get	128	static
xattr.c:402:1:ext4_xattr_get	112	static
xattr.c:1009:5:ext4_xattr_ibody_find	32	static
xattr.c:1038:5:ext4_xattr_ibody_inline_set	64	static
xattr.c:1113:1:ext4_xattr_set_handle	272	static
xattr.c:1225:1:ext4_xattr_set	128	static
xattr.c:1281:5:ext4_expand_extra_isize_ea	304	static
xattr.c:1526:1:ext4_xattr_delete_inode	48	static
xattr.c:1557:1:ext4_xattr_put_super	16	static
xattr.c:1756:1:ext4_xattr_create_cache	16	static
xattr.c:1761:6:ext4_xattr_destroy_cache	16	static
