plat_common.h:58:12:hal_log_print	432	static
mtk_btif_exp.c:74:5:mtk_wcn_btif_open	112	static
mtk_btif_exp.c:24:12:btif_exp_srh_id	64	static
mtk_btif_exp.c:164:5:mtk_wcn_btif_close	64	static
mtk_btif_exp.c:239:5:mtk_wcn_btif_write	48	static
mtk_btif_exp.c:296:5:mtk_wcn_btif_dpidle_ctrl	32	static
mtk_btif_exp.c:330:5:mtk_wcn_btif_rx_cb_register	32	static
mtk_btif_exp.c:358:5:mtk_wcn_btif_wakeup_consys	16	static
mtk_btif_exp.c:396:5:mtk_wcn_btif_loopback_ctrl	32	static
mtk_btif_exp.c:429:5:mtk_wcn_btif_dbg_ctrl	48	static
mtk_btif_exp.c:496:6:mtk_wcn_btif_parser_wmt_evt	48	static
mtk_btif_exp.c:788:5:mtk_btif_exp_rx_has_pending_data	32	static
mtk_btif_exp.c:813:5:mtk_btif_exp_tx_has_pending_data	32	static
mtk_btif_exp.c:827:21:mtk_btif_exp_rx_thread_get	32	static
mtk_btif_exp.c:279:5:mtk_wcn_btif_read	0	static
mtk_btif_exp.c:515:5:btif_open_no_id	32	static
mtk_btif_exp.c:530:5:btif_close_no_id	32	static
mtk_btif_exp.c:544:5:btif_write_no_id	32	static
mtk_btif_exp.c:565:5:btif_dpidle_ctrl_no_id	16	static
mtk_btif_exp.c:578:5:btif_wakeup_consys_no_id	16	static
mtk_btif_exp.c:589:5:btif_loopback_ctrl_no_id	16	static
mtk_btif_exp.c:600:5:btif_dbg_ctrl_no_id	48	static
mtk_btif_exp.c:661:5:mtk_btif_exp_open_test	32	static
mtk_btif_exp.c:676:5:mtk_btif_exp_close_test	32	static
mtk_btif_exp.c:696:5:mtk_btif_exp_write_stress_test	80	static
mtk_btif_exp.c:691:5:mtk_btif_exp_write_test	16	static
mtk_btif_exp.c:734:5:mtk_btif_exp_suspend_test	16	static
mtk_btif_exp.c:743:5:mtk_btif_exp_restore_noirq_test	16	static
mtk_btif_exp.c:752:5:mtk_btif_exp_clock_ctrl	16	static
mtk_btif_exp.c:761:5:mtk_btif_exp_resume_test	16	static
mtk_btif_exp.c:770:5:mtk_btif_exp_enter_dpidle_test	16	static
mtk_btif_exp.c:775:5:mtk_btif_exp_exit_dpidle_test	16	static
mtk_btif_exp.c:780:5:mtk_btif_exp_log_debug_test	16	static
