mtk_btif.c:618:16:btif_file_read	0	static
mtk_btif.c:624:9:btif_file_write	0	static
plat_common.h:58:12:hal_log_print	432	static
mtk_btif.c:255:12:mtk_btif_remove	32	static
mtk_btif.c:240:12:mtk_btif_probe	32	static
mtk_btif.c:530:14:btif_poll	64	static
mtk_btif.c:2064:12:btif_rx_data_consummer	80	static
mtk_btif.c:2498:12:_btif_rx_btm_sched	32	static
mtk_btif.c:1398:5:_btif_lpbk_ctrl	48	static
mtk_btif.c:1706:5:_btif_enter_dpidle_from_on	112	static
mtk_btif.c:2320:13:btif_rx_tasklet	48	static
mtk_btif.c:715:16:driver_flag_read	16	static
mtk_btif.c:1826:12:_btif_vfifo_init	96	static
mtk_btif.c:2523:12:_btif_rx_btm_deinit	32	static
mtk_btif.c:1874:12:_btif_vfifo_deinit	80	static
mtk_btif.c:869:5:_btif_irq_reg	32	static
mtk_btif.c:609:12:btif_file_release	16	static
mtk_btif.c:600:12:btif_file_open	16	static
mtk_btif.c:521:6:btif_rx_notify_cb	48	static
mtk_btif.c:2212:5:mtk_btif_rxd_be_blocked_flag_get	144	static
mtk_btif.c:2260:13:btif_rx_worker	48	static
mtk_btif.c:2227:12:btif_rx_thread	64	static
mtk_btif.c:2052:12:_btif_state_deinit	32	static
mtk_btif.c:3375:13:BTIF_exit	48	static
mtk_btif.c:2704:5:_btif_dump_memory.constprop	80	static
mtk_btif.c:2565:14:btif_bbs_write.constprop	80	static
mtk_btif.c:928:5:_btif_irq_free	48	static
mtk_btif.c:1474:5:_btif_controller_free	32	static
mtk_btif.c:1180:5:_btif_controller_tx_free	32	static
mtk_btif.c:1214:5:_btif_controller_rx_free	48	static
mtk_btif.c:967:13:btif_irq_handler	32	static
mtk_btif.c:995:13:btif_tx_dma_irq_handler	32	static
mtk_btif.c:1020:13:btif_rx_dma_irq_handler	48	static
mtk_btif.c:1242:5:_btif_rx_pio_setup	32	static
mtk_btif.c:1926:12:_btif_state_set	48	static
mtk_btif.c:1482:5:_btif_init	80	static
mtk_btif.c:1584:5:_btif_exit_dpidle	32	static
mtk_btif.c:1627:5:_btif_enter_dpidle	32	static
mtk_btif.c:720:16:driver_flag_set	352	static
mtk_btif.c:264:5:_btif_suspend	48	static
mtk_btif.c:323:12:mtk_btif_suspend	32	static
mtk_btif.c:308:12:mtk_btif_drv_suspend	16	static
mtk_btif.c:336:5:_btif_restore_noirq	48	static
mtk_btif.c:376:12:mtk_btif_restore_noirq	48	static
mtk_btif.c:395:5:_btif_resume	48	static
mtk_btif.c:418:12:mtk_btif_resume	32	static
mtk_btif.c:316:12:mtk_btif_drv_resume	16	static
mtk_btif.c:1096:6:btif_parser_wmt_evt	96	static
mtk_btif.c:1374:5:btif_lpbk_ctrl	48	static
mtk_btif.c:1415:5:btif_clock_ctrl	48	static
mtk_btif.c:1615:5:btif_exit_dpidle	32	static
mtk_btif.c:1652:5:btif_enter_dpidle	32	static
mtk_btif.c:1770:5:btif_rx_cb_reg	32	static
mtk_btif.c:1782:5:btif_raise_wak_signal	32	static
mtk_btif.c:2782:5:btif_dump_reg	64	static
mtk_btif.c:2849:5:btif_rx_notify_reg	32	static
mtk_btif.c:2861:5:btif_dump_data	144	static
mtk_btif.c:2948:13:btif_log_buf_dmp_out_work	128	static
mtk_btif.c:2886:5:btif_log_buf_dmp_in	128	static
mtk_btif.c:1077:14:btif_pio_rx_data_receiver	48	static
mtk_btif.c:1058:14:btif_dma_rx_data_receiver	48	static
mtk_btif.c:2747:5:_btif_send_data	96	static
mtk_btif.c:2718:5:btif_send_data	64	static
mtk_btif.c:2276:13:btif_tx_worker	480	static
mtk_btif.c:2994:5:btif_log_buf_dmp_out	80	static
mtk_btif.c:3047:5:btif_log_buf_enable	32	static
mtk_btif.c:3059:5:btif_log_buf_disable	32	static
mtk_btif.c:1549:5:btif_close	48	static
mtk_btif.c:3071:5:btif_log_output_enable	32	static
mtk_btif.c:3083:5:btif_log_output_disable	32	static
mtk_btif.c:3095:5:btif_log_buf_reset	32	static
mtk_btif.c:1518:5:btif_open	48	static
mtk_btif.c:639:6:btif_unlocked_ioctl	48	static
mtk_btif.c:630:6:btif_compat_ioctl	48	static
mtk_btif.c:3113:5:btif_log_buf_init	48	static
mtk_btif.c:3162:12:BTIF_init	80	static
mtk_btif.c:3411:5:mtk_btif_hal_get_log_lvl	0	static
mtk_btif.c:3426:5:btif_rx_data_path_lock	32	static
mtk_btif.c:3437:5:btif_rx_data_path_unlock	32	static
mtk_btif.c:3444:5:btif_rx_dma_has_pending_data	16	static
mtk_btif.c:3449:5:btif_tx_dma_has_pending_data	16	static
mtk_btif.c:3454:5:btif_rx_buf_has_pending_data	0	static
mtk_btif.c:3462:21:btif_rx_thread_get	0	static
