plat_common.h:58:12:hal_log_print	432	static
btif_dma_plat.c:1307:12:_is_tx_dma_in_flush.isra.1	0	static
btif_dma_plat.c:642:5:btif_rx_dma_ier_ctrl.isra.2	32	static
btif_dma_plat.c:661:5:btif_tx_dma_ier_ctrl.isra.4	32	static
btif_dma_plat.c:624:5:hal_btif_dma_ier_ctrl	32	static
btif_dma_plat.c:1290:12:_tx_dma_flush.isra.8	32	static
btif_dma_plat.c:236:20:hal_btif_dma_info_get	112	static
btif_dma_plat.c:268:5:hal_btif_dma_clk_ctrl	48	static
btif_dma_plat.c:402:5:hal_btif_dma_hw_init	16	static
btif_dma_plat.c:493:5:hal_btif_dma_ctrl	48	static
btif_dma_plat.c:510:5:hal_btif_dma_rx_cb_reg	32	static
btif_dma_plat.c:596:5:hal_btif_vfifo_reset	32	static
btif_dma_plat.c:707:5:hal_tx_dma_irq_handler	80	static
btif_dma_plat.c:903:6:hal_dma_is_tx_complete	48	static
btif_dma_plat.c:938:5:hal_dma_get_ava_room	32	static
btif_dma_plat.c:962:6:hal_dma_is_tx_allow	32	static
btif_dma_plat.c:795:5:hal_dma_send_data	112	static
btif_dma_plat.c:994:5:hal_rx_dma_irq_handler	176	static
btif_dma_plat.c:1276:5:hal_dma_dump_reg	96	static
btif_dma_plat.c:1320:5:hal_dma_pm_ops	32	static
btif_dma_plat.c:1473:5:hal_dma_tx_has_pending	0	static
btif_dma_plat.c:1500:5:hal_dma_rx_has_pending	0	static
btif_dma_plat.c:1525:5:hal_rx_dma_lock	32	static
