sysctl.c:2048:12:proc_put_char	0	static
sysctl.c:2030:12:proc_put_long	96	static
sysctl.c:1935:15:proc_skip_spaces	32	static
sysctl.c:2060:12:do_proc_dointvec_conv	0	static
sysctl.c:2261:12:do_proc_dointvec_minmax_conv	0	static
sysctl.c:2498:12:do_proc_dointvec_jiffies_conv	0	static
sysctl.c:2312:13:validate_coredump_safety	16	static
sysctl.c:1900:13:warn_sysctl_write.isra.4	16	static
sysctl.c:1925:5:proc_dostring	96	static
sysctl.c:2334:12:proc_dostring_coredump	32	static
sysctl.c:2521:12:do_proc_dointvec_userhz_jiffies_conv	32	static
sysctl.c:2544:12:do_proc_dointvec_ms_jiffies_conv	32	static
sysctl.c:1971:12:proc_get_long.constprop	160	static
sysctl.c:2344:12:__do_proc_doulongvec_minmax	192	static
sysctl.c:2489:5:proc_doulongvec_ms_jiffies_minmax	16	static
sysctl.c:2081:12:__do_proc_dointvec	176	static
sysctl.c:2636:12:proc_do_cad_pid	96	static
sysctl.c:2301:5:proc_dointvec_minmax	64	static
sysctl.c:2324:12:proc_dointvec_minmax_coredump	32	static
sysctl.c:2246:12:proc_dointvec_minmax_sysadmin	64	static
sysctl.c:2629:5:proc_dointvec_ms_jiffies	16	static
sysctl.c:2203:5:proc_dointvec	16	static
sysctl.c:204:12:sysrq_sysctl_handler	32	static
sysctl.c:2466:5:proc_doulongvec_minmax	16	static
sysctl.c:2214:12:proc_taint	160	static
sysctl.c:2584:5:proc_dointvec_jiffies	16	static
sysctl.c:2606:5:proc_dointvec_userhz_jiffies	16	static
sysctl.c:1816:12:sysctl_init	16	static
sysctl.c:2675:5:proc_do_large_bitmap	176	static
