workqueue.c:663:31:get_work_pwq	0	static
workqueue.c:783:13:too_many_workers	0	static
workqueue.c:981:23:find_worker_executing_work	0	static
workqueue.c:1012:13:move_linked_works	0	static
workqueue.c:4747:13:work_for_cpu_fn	32	static
workqueue.h:10:1:ftrace_define_fields_workqueue_work	16	static
workqueue.h:10:1:perf_trace_workqueue_work	96	static
workqueue.h:37:1:perf_trace_workqueue_queue_work	112	static
workqueue.h:86:1:perf_trace_workqueue_execute_start	96	static
workqueue.h:10:1:ftrace_raw_event_workqueue_work	112	static
workqueue.h:37:1:ftrace_raw_event_workqueue_queue_work	128	static
workqueue.h:86:1:ftrace_raw_event_workqueue_execute_start	112	static
workqueue.h:37:1:ftrace_raw_output_workqueue_queue_work	32	static
workqueue.h:10:1:ftrace_raw_output_workqueue_work	32	static
workqueue.h:86:1:ftrace_raw_output_workqueue_execute_start	32	static
workqueue.c:615:13:set_work_pool_and_clear_pending	48	static
workqueue.c:688:28:get_work_pool	16	static
workqueue.c:4345:6:workqueue_congested	32	static
workqueue.c:814:13:wake_up_worker	16	static
workqueue.c:1765:13:destroy_worker	16	static
workqueue.c:4378:14:work_busy	48	static
workqueue.c:1094:13:pwq_activate_delayed_work	48	static
workqueue.c:2330:13:wq_barrier_func	16	static
workqueue.c:1674:13:worker_detach_from_pool	64	static
workqueue.c:2428:13:flush_workqueue_prep_pwqs	112	static
workqueue.c:2475:6:flush_workqueue	192	static
workqueue.c:2982:6:flush_scheduled_work	16	static
workqueue.c:2632:6:drain_workqueue	112	static
workqueue.c:2758:12:cwt_wakefn	16	static
workqueue.c:4497:13:wq_unbind_fn	80	static
workqueue.c:3231:19:wq_sysfs_init	16	static
workqueue.c:3050:16:max_active_show	16	static
workqueue.c:3041:16:per_cpu_show	16	static
workqueue.c:3183:16:wq_numa_show	48	static
workqueue.c:3100:16:wq_nice_show	48	static
workqueue.c:3080:16:wq_pool_ids_show	48	static
workqueue.c:3237:13:wq_device_release	16	static
workqueue.c:3149:16:wq_cpumask_show	48	static
workqueue.c:1785:13:idle_worker_timeout	32	static
workqueue.c:1566:13:worker_enter_idle	32	static
workqueue.c:525:12:worker_pool_assign_id	32	static
workqueue.c:1641:13:worker_attach_to_pool	48	static
workqueue.c:3470:13:put_unbound_pool	112	static
workqueue.c:3593:13:rcu_free_pwq	16	static
workqueue.c:3744:13:free_unbound_pwq	32	static
workqueue.c:4070:12:wq_clamp_max_active	48	static
workqueue.c:1617:23:alloc_worker.isra.24	16	static
workqueue.c:1704:23:create_worker	96	static
workqueue.c:3776:13:wq_calc_node_cpumask	0	static
workqueue.h:37:1:ftrace_define_fields_workqueue_queue_work	32	static
workqueue.h:86:1:ftrace_define_fields_workqueue_execute_start	32	static
workqueue.c:1043:13:get_pwq.isra.29	32	static
workqueue.c:1276:13:insert_work	80	static
workqueue.c:1313:13:__queue_work	80	static
workqueue.c:1425:6:queue_work_on	64	static
workqueue.c:3000:5:execute_in_process_context	32	static
workqueue.c:1443:6:delayed_work_timer_fn	16	static
workqueue.c:1452:13:__queue_delayed_work	64	static
workqueue.c:1498:6:queue_delayed_work_on	64	static
workqueue.c:2736:6:flush_work	144	static
workqueue.c:4765:6:work_on_cpu	96	static
workqueue.c:2861:6:flush_delayed_work	32	static
workqueue.c:1057:13:put_pwq	32	static
workqueue.c:1081:13:put_pwq_unlocked	32	static
workqueue.c:4205:6:destroy_workqueue	64	static
workqueue.c:1126:13:pwq_dec_nr_in_flight	48	static
workqueue.c:1970:13:process_one_work	80	static
workqueue.c:2109:13:process_scheduled_works	32	static
workqueue.c:1189:12:try_to_grab_pending	64	static
workqueue.c:1536:6:mod_delayed_work_on	96	static
workqueue.c:2887:6:cancel_delayed_work	64	static
workqueue.c:3682:13:init_pwq.part.33	16	static
workqueue.c:3643:13:pwq_adjust_max_active	48	static
workqueue.c:3700:13:link_pwq	48	static
workqueue.c:4290:6:workqueue_set_max_active	64	static
workqueue.c:3058:16:max_active_store	64	static
workqueue.c:777:13:need_to_create_worker	0	static
workqueue.c:1837:13:pool_mayday_timeout	80	static
workqueue.c:2767:13:__cancel_work_timer	144	static
workqueue.c:2843:6:cancel_work_sync	16	static
workqueue.c:2915:6:cancel_delayed_work_sync	16	static
workqueue.c:2232:12:rescuer_thread	160	static
workqueue.c:2130:12:worker_thread	96	static
workqueue.c:833:6:wq_worker_waking_up	48	static
workqueue.c:858:21:wq_worker_sleeping	48	static
workqueue.c:2932:5:schedule_on_each_cpu	80	static
workqueue.c:3259:5:workqueue_sysfs_register	64	static
workqueue.c:3338:6:free_workqueue_attrs	16	static
workqueue.c:3450:13:rcu_free_pool	32	static
workqueue.c:3603:13:pwq_unbound_release_workfn	64	static
workqueue.c:3355:25:alloc_workqueue_attrs	32	static
workqueue.c:3114:32:wq_sysfs_prep_attrs	48	static
workqueue.c:3417:12:init_worker_pool	32	static
workqueue.c:3721:31:alloc_unbound_pwq	64	static
workqueue.c:3962:13:wq_update_unbound_numa	0	static
workqueue.c:4662:12:workqueue_cpu_up_callback	144	static
workqueue.c:4710:12:workqueue_cpu_down_callback	80	static
workqueue.c:3832:5:apply_workqueue_attrs	80	static
workqueue.c:3197:16:wq_numa_store	96	static
workqueue.c:3163:16:wq_cpumask_store	48	static
workqueue.c:3128:16:wq_nice_store	64	static
workqueue.c:4082:26:__alloc_workqueue_key	256	static
workqueue.c:4932:19:init_workqueues	144	static
workqueue.c:4320:6:current_is_workqueue_rescuer	32	static
workqueue.c:4411:6:set_worker_desc	192	static
workqueue.c:4437:6:print_worker_info	144	static
workqueue.c:4790:6:freeze_workqueues_begin	80	static
workqueue.c:4823:6:freeze_workqueues_busy	112	static
workqueue.c:4865:6:thaw_workqueues	80	static
