signal.c:62:12:sig_handler_ignored	0	static
signal.c:3152:1:do_sigaltstack	0	static
signal.h:96:1:perf_trace_signal_deliver	112	static
signal.h:50:1:perf_trace_signal_generate	128	static
signal.h:50:1:ftrace_raw_event_signal_generate	144	static
signal.h:96:1:ftrace_raw_event_signal_deliver	128	static
signal.h:50:1:ftrace_raw_output_signal_generate	48	static
signal.h:96:1:ftrace_raw_output_signal_deliver	32	static
signal.c:135:12:recalc_sigpending_tsk	16	static
signal.c:524:1:block_all_signals	64	static
signal.c:1177:19:setup_print_fatal_signals	32	static
signal.c:364:1:__sigqueue_alloc	64	static
signal.c:161:6:recalc_sigpending	32	static
signal.c:538:1:unblock_all_signals	48	static
signal.h:96:1:ftrace_define_fields_signal_deliver	32	static
signal.h:50:1:ftrace_define_fields_signal_generate	32	static
signal.c:398:13:__sigqueue_free	32	static
signal.c:438:13:__flush_itimer_signals	64	static
signal.c:721:12:flush_sigqueue_mask	48	static
signal.c:3090:6:kernel_sigaction	64	static
signal.c:775:12:check_kill_permission	48	static
signal.c:174:5:next_signal	0	static
signal.c:593:12:__dequeue_signal	80	static
signal.c:620:5:dequeue_signal	96	static
signal.c:251:6:task_set_jobctl_pending	16	static
signal.c:279:6:task_clear_jobctl_trapping	16	static
signal.c:303:6:task_clear_jobctl_pending	16	static
signal.c:332:13:task_participate_group_stop	48	static
signal.c:407:6:flush_sigqueue	32	static
signal.c:422:6:__flush_signals	32	static
signal.c:429:6:flush_signals	48	static
signal.c:461:6:flush_itimer_signals	48	static
signal.c:472:6:ignore_signals	16	static
signal.c:487:1:flush_signal_handlers	0	static
signal.c:503:5:unhandled_signal	0	static
signal.c:701:6:signal_wake_up_state	32	static
signal.c:2416:13:retarget_shared_pending	64	static
signal.c:2522:13:__set_task_blocked	64	static
signal.c:155:6:recalc_sigpending_and_wake	32	static
signal.c:827:13:ptrace_trap_notify	32	static
signal.c:846:13:prepare_signal	112	static
signal.c:934:13:complete_signal	112	static
signal.c:1036:12:__send_signal.constprop	80	static
signal.c:1187:1:__group_send_sig_info	16	static
signal.c:1735:13:do_notify_parent_cldstop	208	static
signal.c:1837:13:ptrace_stop	64	static
signal.c:1959:13:ptrace_do_notify	192	static
signal.c:2006:13:do_signal_stop	96	static
signal.c:1224:1:force_sig_info	64	static
signal.c:1495:1:force_sig	16	static
signal.c:1252:5:zap_other_threads	80	static
signal.c:1273:24:__lock_task_sighand	48	static
signal.c:1386:5:kill_pid_info_as_cred	96	static
signal.c:1198:5:do_send_sig_info	96	static
signal.c:1473:5:send_sig_info	16	static
signal.c:1489:1:send_sig	16	static
signal.c:2918:1:do_send_specific	64	static
signal.c:2947:12:do_tkill	208	static
signal.c:3041:12:do_rt_tgsigqueueinfo	64	static
signal.c:1308:5:group_send_sig_info	64	static
signal.c:1327:5:__kill_pgrp_info	48	static
signal.c:1519:5:kill_pgrp	48	static
signal.c:1342:5:kill_pid_info	64	static
signal.c:1531:5:kill_pid	16	static
signal.c:1366:5:kill_proc_info	48	static
signal.c:2995:12:do_rt_sigqueueinfo	48	static
signal.c:1507:1:force_sigsegv	32	static
signal.c:1546:18:sigqueue_alloc	16	static
signal.c:1556:6:sigqueue_free	32	static
signal.c:1581:5:send_sigqueue	96	static
signal.c:1632:6:do_notify_parent	224	static
signal.c:1973:6:ptrace_notify	32	static
signal.c:2190:5:get_signal	144	static
signal.c:2443:6:exit_signals	64	static
signal.c:2511:1:sys_restart_syscall	16	static
signal.c:2517:6:do_no_restart_syscall	0	static
signal.c:2547:6:__set_current_blocked	48	static
signal.c:2541:6:set_current_blocked	16	static
signal.c:2403:6:signal_setup_done	64	static
signal.c:2564:5:sigprocmask	48	static
signal.c:2598:1:SyS_rt_sigprocmask	80	static
signal.c:2629:1:compat_SyS_rt_sigprocmask	16	static
signal.c:2688:1:SyS_rt_sigpending	64	static
signal.c:2698:1:compat_SyS_rt_sigpending	16	static
signal.c:2720:5:copy_siginfo_to_user	16	static
signal.c:2806:5:do_sigtimedwait	80	static
signal.c:2868:1:SyS_rt_sigtimedwait	208	static
signal.c:2904:1:SyS_kill	224	static
signal.c:2970:1:SyS_tgkill	16	static
signal.c:2986:1:SyS_tkill	16	static
signal.c:3018:1:SyS_rt_sigqueueinfo	192	static
signal.c:3028:1:compat_SyS_rt_sigqueueinfo	192	static
signal.c:3061:1:SyS_rt_tgsigqueueinfo	192	static
signal.c:3073:1:compat_SyS_rt_tgsigqueueinfo	208	static
signal.c:3108:5:do_sigaction	128	static
signal.c:3216:1:SyS_sigaltstack	16	static
signal.c:3221:5:restore_altstack	16	static
signal.c:3228:5:__save_altstack	0	static
signal.c:3237:1:compat_SyS_sigaltstack	112	static
signal.c:3271:5:compat_restore_altstack	16	static
signal.c:3278:5:__compat_save_altstack	0	static
signal.c:3293:1:SyS_sigpending	16	static
signal.c:3311:1:SyS_sigprocmask	80	static
signal.c:3359:1:SyS_rt_sigaction	128	static
signal.c:3386:1:compat_SyS_rt_sigaction	144	static
signal.c:3471:1:compat_SyS_sigaction	112	static
signal.c:3556:1:sys_pause	32	static
signal.c:3567:5:sigsuspend	32	static
signal.c:3584:1:SyS_rt_sigsuspend	48	static
signal.c:3598:1:compat_SyS_rt_sigsuspend	16	static
signal.c:3628:1:SyS_sigsuspend	48	static
signal.c:3636:20:arch_vma_name	0	static
signal.c:3641:13:signals_init	16	static
