kthread.c:79:6:kthread_should_stop	0	static
kthread.c:537:6:__init_kthread_worker	0	static
kthread.c:110:6:kthread_freezable_should_stop	32	static
kthread.c:645:13:kthread_flush_work_fn	16	static
kthread.c:157:13:__kthread_parkme	64	static
kthread.c:268:21:kthread_create_on_node	224	static
kthread.c:176:12:kthread	160	static
kthread.c:563:5:kthread_worker_fn	80	static
kthread.c:603:13:insert_kthread_work	16	static
kthread.c:658:6:flush_kthread_work	176	static
kthread.c:624:6:queue_kthread_work	48	static
kthread.c:699:6:flush_kthread_worker	160	static
kthread.c:329:13:__kthread_bind_mask	64	static
kthread.c:400:13:__kthread_unpark	32	static
kthread.c:477:5:kthread_stop	48	static
kthread.c:366:6:kthread_bind	16	static
kthread.c:96:6:kthread_should_park	0	static
kthread.c:134:7:kthread_data	0	static
kthread.c:148:7:probe_kthread_data	48	static
kthread.c:171:6:kthread_parkme	16	static
kthread.c:215:5:tsk_fork_get_node	0	static
kthread.c:352:6:kthread_bind_mask	16	static
kthread.c:424:6:kthread_unpark	16	static
kthread.c:444:5:kthread_park	48	static
kthread.c:383:21:kthread_create_on_cpu	32	static
kthread.c:500:5:kthreadd	96	static
