printk.c:107:6:set_detect_count	0	static
printk.c:124:5:get_detect_count	0	static
printk.c:134:6:set_logtoomuch_enable	0	static
printk.c:142:5:get_logtoomuch_enable	0	static
printk.c:454:27:log_from_idx	0	static
printk.c:468:12:log_next	0	static
printk.c:2467:19:console_suspend_disable	0	static
printk.h:9:1:ftrace_define_fields_console	16	static
printk.h:9:1:perf_trace_console	112	static
printk.h:9:1:ftrace_raw_event_console	128	static
printk.h:9:1:ftrace_raw_output_console	32	static
printk.c:1003:12:devkmsg_release	16	static
printk.c:951:21:devkmsg_poll	48	static
printk.c:913:15:devkmsg_llseek	64	static
printk.c:791:16:devkmsg_read	176	static
printk.c:1055:20:log_buf_len_update	0	static
printk.c:1064:19:log_buf_len_setup	32	static
printk.c:3290:5:kmsg_dump_register	48	static
printk.c:2839:14:console_conditional_schedule	16	static
printk.c:2536:6:console_lock	16	static
printk.c:3251:5:__printk_ratelimit	16	static
printk.c:3266:6:printk_timed_ratelimit	48	static
printk.c:3319:5:kmsg_dump_unregister	48	static
printk.c:1223:15:print_time.part.10	16	static
printk.c:2354:12:__add_preferred_console.constprop	64	static
printk.c:2388:19:console_setup	80	static
printk.c:1717:13:call_console_drivers.constprop	400	static
printk.c:2556:5:console_trylock	32	static
printk.c:510:12:log_make_free_space	80	static
printk.c:567:12:log_store	224	static
printk.c:1939:13:cont_flush	48	static
printk.c:1967:13:cont_add	64	static
printk.c:1239:15:print_prefix	48	static
printk.c:1270:15:msg_print_text	112	static
printk.c:1328:12:syslog_print	304	static
printk.c:1442:12:syslog_print_all	128	static
printk.c:3481:6:kmsg_dump_get_buffer	128	static
printk.c:158:6:mt_get_uartlog_status	0	static
printk.c:163:6:set_uartlog_status	0	static
printk.c:393:6:mt_disable_uart	0	static
printk.c:398:6:mt_enable_uart	0	static
printk.c:409:6:is_logbuf_lock	0	static
printk.c:417:7:log_buf_addr_get	0	static
printk.c:423:5:log_buf_len_get	0	static
printk.c:1843:6:aee_wdt_zap_locks	16	static
printk.c:2441:5:add_preferred_console	16	static
printk.c:2446:5:update_console_cmdline	80	static
printk.c:2570:5:is_console_locked	0	static
printk.c:3216:6:wake_up_klogd	16	static
printk.c:2677:6:console_unlock	128	static
printk.c:2025:16:vprintk_emit	176	static
printk.c:2216:16:vprintk	48	static
printk.c:2222:16:printk_emit	144	static
printk.c:2258:26:printk	720	static
printk.c:741:16:devkmsg_write	96	static
printk.c:702:12:check_syslog_permissions	32	static
printk.c:974:12:devkmsg_open	48	static
printk.c:1537:5:do_syslog	160	static
printk.c:1707:1:SyS_syslog	16	static
printk.c:1107:13:setup_log_buf	80	static
printk.c:1151:19:ignore_loglevel_setup	16	static
printk.c:2483:6:suspend_console	32	static
printk.c:2930:19:keep_bootcon_setup	16	static
printk.c:2493:6:resume_console	16	static
printk.c:2846:6:console_unblank	32	static
printk.c:2873:6:console_flush_on_panic	16	static
printk.c:2890:20:console_device	48	static
printk.c:2912:6:console_stop	32	static
printk.c:2920:6:console_start	32	static
printk.c:3115:5:unregister_console	48	static
printk.c:3158:19:printk_late_init	32	static
printk.c:2959:6:register_console	64	static
printk.c:2513:12:console_cpu_notify	16	static
printk.c:3197:13:wake_up_klogd_work_func	32	static
printk.c:3226:5:printk_deferred	192	static
printk.c:3348:6:kmsg_dump	80	static
printk.c:3399:6:kmsg_dump_get_line_nolock	64	static
printk.c:3448:6:kmsg_dump_get_line	80	static
printk.c:3570:6:kmsg_dump_rewind_nolock	0	static
printk.c:3586:6:kmsg_dump_rewind	48	static
printk.c:3608:13:dump_stack_set_arch_desc	176	static
printk.c:3625:6:dump_stack_print_info	96	static
printk.c:3647:6:show_regs_print_info	32	static
printk.c:3656:6:get_kernel_log_buffer	0	static
