seq_oss_synth.c:192:1:get_sdev	48	static
seq_oss_synth.c:359:1:get_synthdev	16	static
seq_oss_synth.c:386:1:reset_channels.part.1	0	static
seq_oss_synth.c:92:1:snd_seq_oss_synth_init	0	static
seq_oss_synth.c:101:1:snd_seq_oss_synth_register	64	static
seq_oss_synth.c:152:1:snd_seq_oss_synth_unregister	48	static
seq_oss_synth.c:211:1:snd_seq_oss_synth_setup	80	static
seq_oss_synth.c:271:1:snd_seq_oss_synth_setup_midi	64	static
seq_oss_synth.c:305:1:snd_seq_oss_synth_cleanup	64	static
seq_oss_synth.c:404:1:snd_seq_oss_synth_reset	144	static
seq_oss_synth.c:457:1:snd_seq_oss_synth_load_patch	80	static
seq_oss_synth.c:483:1:snd_seq_oss_synth_is_valid	16	static
seq_oss_synth.c:558:1:snd_seq_oss_synth_addr	48	static
seq_oss_synth.c:501:1:snd_seq_oss_synth_sysex	64	static
seq_oss_synth.c:572:1:snd_seq_oss_synth_ioctl	64	static
seq_oss_synth.c:594:1:snd_seq_oss_synth_raw_event	48	static
seq_oss_synth.c:608:1:snd_seq_oss_synth_make_info	192	static
seq_oss_synth.c:642:1:snd_seq_oss_synth_info_read	96	static
