seq_file.c:591:14:single_start	0	static
seq_file.c:596:14:single_next	0	static
seq_file.c:602:13:single_stop	0	static
seq_file.c:697:5:seq_putc	0	static
seq_file.c:807:19:seq_list_start	0	static
seq_file.c:828:19:seq_list_next	0	static
seq_file.c:845:20:seq_hlist_start	0	static
seq_file.c:881:20:seq_hlist_next	0	static
seq_file.c:905:20:seq_hlist_start_rcu	0	static
seq_file.c:951:20:seq_hlist_next_rcu	0	static
seq_file.c:64:5:seq_open	48	static
seq_file.c:35:14:seq_buf_alloc	16	static
seq_file.c:105:12:traverse	80	static
seq_file.c:326:8:seq_lseek	64	static
seq_file.c:173:9:seq_read	144	static
seq_file.c:372:5:seq_release	32	static
seq_file.c:606:5:single_open	64	static
seq_file.c:627:5:single_open_size	64	static
seq_file.c:645:5:single_release	32	static
seq_file.c:654:5:seq_release_private	48	static
seq_file.c:664:7:__seq_open_private	48	static
seq_file.c:690:5:seq_open_private	16	static
seq_file.c:391:5:seq_escape	80	static
seq_file.c:457:7:mangle_path	64	static
seq_file.c:417:5:seq_vprintf	64	static
seq_file.c:433:5:seq_printf	160	static
seq_file.c:797:6:seq_pad	32	static
seq_file.c:487:5:seq_path	48	static
seq_file.c:559:5:seq_bitmap	32	static
seq_file.c:575:5:seq_bitmap_list	32	static
seq_file.c:707:5:seq_puts	48	static
seq_file.c:780:5:seq_write	32	static
seq_file.c:974:1:seq_hlist_start_percpu	64	static
seq_file.c:819:19:seq_list_start_head	16	static
seq_file.c:864:20:seq_hlist_start_head	16	static
seq_file.c:929:20:seq_hlist_start_head_rcu	16	static
seq_file.c:998:1:seq_hlist_next_percpu	80	static
seq_file.c:727:5:seq_put_decimal_ull	32	static
seq_file.c:754:5:seq_put_decimal_ll	16	static
seq_file.c:510:5:seq_path_root	48	static
seq_file.c:540:5:seq_dentry	48	static
