exec.c:87:6:unregister_binfmt	32	static
exec.c:596:12:shift_arg_pages	240	static
exec.c:661:5:setup_arg_pages	96	static
exec.c:777:21:do_open_exec	96	static
exec.c:813:14:open_exec	80	static
exec.c:820:5:kernel_read	64	static
exec.c:837:9:read_code	64	static
exec.c:1057:7:get_task_comm	48	static
exec.c:1124:6:would_dump	32	static
exec.c:1205:5:bprm_change_interp	32	static
exec.c:1220:6:install_exec_creds	32	static
exec.c:1188:13:free_bprm	32	static
exec.c:1628:6:set_binfmt	32	static
exec.c:170:13:acct_arg_size.isra.14	0	static
exec.c:419:27:get_user_arg_ptr.isra.20	0	static
exec.c:74:6:__register_binfmt	48	static
exec.c:474:12:copy_strings.isra.23	160	static
exec.c:565:5:copy_strings_kernel	32	static
exec.c:1081:5:flush_old_exec	80	static
exec.c:1339:5:prepare_binprm	64	static
exec.c:1405:5:search_binary_handler	80	static
exec.c:443:12:count.isra.22.constprop	64	static
exec.c:1362:5:remove_arg_zero	112	static
exec.c:1072:6:__set_task_comm	64	static
exec.c:1175:5:prepare_bprm_creds	48	static
exec.c:1483:12:do_execve_common.isra.29	144	static
exec.c:1602:5:do_execve	16	static
exec.c:1644:6:set_dumpable	16	static
exec.c:1131:6:setup_new_exec	48	static
exec.c:1657:1:SyS_execve	32	static
exec.c:1665:1:compat_SyS_execve	48	static
