buffer.c:50:6:init_buffer	0	static
buffer.c:57:13:touch_buffer	32	static
buffer.c:1436:13:has_bh_in_lru	0	static
buffer.c:2928:10:generic_block_bmap	144	static
buffer.c:64:6:__lock_buffer	32	static
buffer.c:70:6:unlock_buffer	32	static
buffer.c:117:6:__wait_on_buffer	16	static
buffer.c:150:13:__end_buffer_read_notouch	32	static
buffer.c:165:6:end_buffer_read_sync	32	static
buffer.c:2470:13:end_buffer_read_nobh	16	static
buffer.c:536:13:do_thaw_all	32	static
buffer.c:528:13:do_thaw_one	96	static
buffer.c:479:13:__remove_assoc_queue	32	static
buffer.c:802:6:invalidate_inode_buffers	32	static
buffer.c:627:13:__set_page_dirty	80	static
buffer.c:668:5:__set_page_dirty_buffers	64	static
buffer.c:1145:6:mark_buffer_dirty	48	static
buffer.c:257:13:free_more_memory	48	static
buffer.c:3190:1:drop_buffers	48	static
buffer.c:198:1:__find_get_block_slow	128	static
buffer.c:1449:6:invalidate_bh_lrus	16	static
buffer.c:1513:6:block_invalidatepage	80	static
buffer.c:2941:13:end_bio_bh_io_sync	32	static
buffer.c:941:1:init_page_buffers	80	static
buffer.c:3314:13:recalc_bh_state	64	static
buffer.c:3327:21:alloc_buffer_head	48	static
buffer.c:3380:5:bh_uptodate_or_lock	32	static
buffer.c:83:6:buffer_check_dirty_writeback	16	static
buffer.c:1455:6:set_bh_page	16	static
buffer.c:2118:5:block_is_partially_uptodate	16	static
buffer.c:2480:13:attach_nobh_buffers	48	static
buffer.c:131:13:buffer_io_error	96	static
buffer.c:172:6:end_buffer_write_sync	32	static
buffer.c:340:6:end_buffer_async_write	64	static
buffer.c:279:13:end_buffer_async_read	64	static
buffer.c:599:6:mark_buffer_dirty_inode	48	static
buffer.c:1849:6:page_zero_new_buffers	96	static
buffer.c:1968:12:__block_commit_write.isra.22	80	static
buffer.c:2380:5:block_commit_write	16	static
buffer.c:2035:5:block_write_end	48	static
buffer.c:2071:5:generic_write_end	64	static
buffer.c:1181:6:__brelse	16	static
buffer.c:3365:12:buffer_cpu_notify	64	static
buffer.c:1424:13:invalidate_bh_lru	32	static
buffer.c:1195:6:__bforget	32	static
buffer.c:1614:6:unmap_underlying_metadata	32	static
buffer.c:1268:13:bh_lru_install	224	static
buffer.c:1345:1:__find_get_block	32	static
buffer.c:2253:5:generic_cont_expand_simple	80	static
buffer.c:3341:6:free_buffer_head	32	static
buffer.c:855:21:alloc_page_buffers	96	static
buffer.c:1568:6:create_empty_buffers	48	static
buffer.c:2645:5:nobh_write_end	80	static
buffer.c:3218:5:try_to_free_buffers	64	static
buffer.c:1643:28:create_page_buffers	32	static
buffer.c:1074:1:__getblk_slow	112	static
buffer.c:1370:1:__getblk_gfp	64	static
buffer.c:420:6:mark_buffer_async_write	16	static
buffer.c:488:5:inode_has_buffers	0	static
buffer.c:548:6:emergency_thaw_all	16	static
buffer.c:823:5:remove_inode_buffers	48	static
buffer.c:2968:6:guard_bio_eod	32	static
buffer.c:3004:5:_submit_bh	48	static
buffer.c:3059:5:submit_bh	16	static
buffer.c:1408:1:__bread_gfp	32	static
buffer.c:2163:5:block_read_full_page	240	static
buffer.c:3090:6:ll_rw_block	80	static
buffer.c:588:6:write_boundary_block	48	static
buffer.c:1385:6:__breadahead	48	static
buffer.c:1886:5:__block_write_begin	192	static
buffer.c:2012:5:block_write_begin	64	static
buffer.c:2356:5:cont_write_begin	192	static
buffer.c:2406:5:__block_page_mkwrite	64	static
buffer.c:2445:5:block_page_mkwrite	48	static
buffer.c:2810:5:block_truncate_page	96	static
buffer.c:2732:5:nobh_truncate_page	224	static
buffer.c:2504:5:nobh_write_begin	176	static
buffer.c:3119:6:write_dirty_buffer	32	static
buffer.c:570:5:sync_mapping_buffers	176	static
buffer.c:3137:5:__sync_dirty_buffer	48	static
buffer.c:3157:5:sync_dirty_buffer	16	static
buffer.c:3398:5:bh_submit_read	32	static
buffer.c:1681:12:__block_write_full_page.constprop	112	static
buffer.c:2889:5:block_write_full_page	64	static
buffer.c:2685:5:nobh_writepage	64	static
buffer.c:3274:1:SyS_bdflush	32	static
buffer.c:3417:13:buffer_init	32	static
