namespace.c:720:27:lookup_mountpoint	0	static
namespace.c:887:22:next_mnt	0	static
namespace.c:1154:18:mntget	0	static
namespace.c:1268:12:m_show	16	static
namespace.c:3355:21:mntns_inum	0	static
namespace.c:39:19:set_mhash_entries	32	static
namespace.c:49:19:set_mphash_entries	32	static
namespace.c:3301:14:mntns_get	32	static
namespace.c:1263:13:m_stop	16	static
namespace.c:135:12:mnt_alloc_group_id	48	static
namespace.c:573:13:free_vfsmnt	32	static
namespace.c:583:13:delayed_free_vfsmnt	16	static
namespace.c:1183:5:generic_show_options	48	static
namespace.c:1220:6:replace_mount_options	32	static
namespace.c:1254:14:m_next	32	static
namespace.c:1233:14:m_start	32	static
namespace.c:1328:5:may_umount	48	static
namespace.c:786:13:touch_mnt_namespace	16	static
namespace.c:269:5:__mnt_is_readonly	0	static
namespace.c:401:5:mnt_clone_write	32	static
namespace.c:297:21:mnt_get_writers.isra.13	64	static
namespace.c:848:13:attach_shadowed.part.16	0	static
namespace.c:120:13:mnt_free_id.isra.17	48	static
namespace.c:196:22:alloc_vfsmnt	80	static
namespace.c:914:1:vfs_kern_mount	80	static
namespace.c:3184:18:kern_mount_data	16	static
namespace.c:955:22:clone_mnt	80	static
namespace.c:1768:18:clone_private_mount	48	static
namespace.c:1047:13:cleanup_mnt	32	static
namespace.c:1075:13:delayed_mntput	32	static
namespace.c:1069:13:__cleanup_mnt	16	static
namespace.c:765:13:put_mountpoint	48	static
namespace.c:808:13:detach_mnt	32	static
namespace.c:1388:13:umount_tree	64	static
namespace.c:1213:6:save_mount_options	32	static
namespace.c:1636:13:is_mnt_ns_file.isra.20	32	static
namespace.c:2779:30:alloc_mnt_ns.isra.21	32	static
namespace.c:865:13:commit_tree	64	static
namespace.c:154:6:mnt_release_group_id	32	static
namespace.c:1801:13:cleanup_group_ids	48	static
namespace.c:1811:12:invent_group_ids	48	static
namespace.c:180:14:mnt_get_count	64	static
namespace.c:1087:13:mntput_no_expire	48	static
namespace.c:1142:6:mntput	16	static
namespace.c:1344:13:namespace_unlock	48	static
namespace.c:2008:13:unlock_mount	32	static
namespace.c:2490:6:mnt_set_expiry	48	static
namespace.c:2505:6:mark_mounts_for_expiry	112	static
namespace.c:2882:30:create_mnt_ns	32	static
namespace.c:3199:6:kern_unmount	32	static
namespace.c:1291:5:may_umount_tree	64	static
namespace.c:338:5:__mnt_want_write	48	static
namespace.c:377:5:mnt_want_write	32	static
namespace.c:420:5:__mnt_want_write_file	16	static
namespace.c:435:5:mnt_want_write_file	32	static
namespace.c:455:6:__mnt_drop_write	16	static
namespace.c:470:6:mnt_drop_write	32	static
namespace.c:482:6:mnt_drop_write_file	16	static
namespace.c:477:6:__mnt_drop_write_file	16	static
namespace.c:537:5:sb_prepare_remount_readonly	48	static
namespace.c:589:6:legitimize_mnt	48	static
namespace.c:623:15:__lookup_mnt	0	static
namespace.c:638:15:__lookup_mnt_last	32	static
namespace.c:669:18:lookup_mnt	48	static
namespace.c:1977:27:lock_mount	64	static
namespace.c:700:6:__is_local_mountpoint	48	static
namespace.c:824:6:mnt_set_mountpoint	48	static
namespace.c:839:13:attach_mnt	48	static
namespace.c:1162:18:mnt_clone_internal	16	static
namespace.c:1546:6:__detach_mounts	32	static
namespace.c:1584:1:SyS_umount	144	static
namespace.c:1665:15:copy_tree	128	static
namespace.c:1735:18:collect_mounts	32	static
namespace.c:1750:6:drop_collected_mounts	48	static
namespace.c:1786:5:iterate_mounts	48	static
namespace.c:1828:5:count_mounts	48	static
namespace.c:1913:12:attach_recursive_mnt	112	static
namespace.c:2016:12:graft_tree	16	static
namespace.c:2358:12:do_add_mount	64	static
namespace.c:2455:5:finish_automount	64	static
namespace.c:2635:5:copy_mount_options	64	static
namespace.c:2668:7:copy_mount_string	16	static
namespace.c:2687:6:do_mount	176	static
namespace.c:2804:23:copy_mnt_ns	96	static
namespace.c:2927:1:SyS_mount	96	static
namespace.c:2966:6:is_path_reachable	16	static
namespace.c:2976:5:path_is_under	48	static
namespace.c:3011:1:SyS_pivot_root	192	static
namespace.c:3136:13:mnt_init	112	static
namespace.c:3176:6:put_mnt_ns	32	static
namespace.c:2897:16:mount_subtree	96	static
namespace.c:3322:12:mntns_install	96	static
namespace.c:3317:13:mntns_put	16	static
namespace.c:3210:6:our_mnt	0	static
namespace.c:3215:6:current_chrooted	96	static
