dcache.c:1256:24:check_mount	0	static
dcache.c:2896:12:prepend_name	0	static
dcache.c:2111:37:slow_dentry_cmp	16	static
dcache.c:1673:17:d_flags_for_inode	0	static
dcache.c:442:6:__d_drop	48	static
dcache.c:873:16:d_find_alias	64	static
dcache.c:465:6:d_drop	32	static
dcache.c:1700:13:__d_instantiate	48	static
dcache.c:2382:5:d_validate	64	static
dcache.c:2935:12:prepend_path	176	static
dcache.c:1144:13:d_walk	144	static
dcache.c:1273:5:have_submounts	48	static
dcache.c:3389:6:d_genocide	16	static
dcache.c:411:13:d_lru_shrink_move	48	static
dcache.c:389:13:d_shrink_add	48	static
dcache.c:1643:6:d_set_d_op	48	static
dcache.c:994:1:dentry_lru_isolate	64	static
dcache.c:1076:24:dentry_lru_isolate_shrink	48	static
dcache.c:258:13:__d_free_external	32	static
dcache.c:251:13:__d_free	16	static
dcache.c:270:13:dentry_free	32	static
dcache.c:1902:16:d_find_any_alias	32	static
dcache.c:2497:6:dentry_update_name_case	48	static
dcache.c:2868:12:prepend	16	static
dcache.c:3116:7:d_path	96	static
dcache.c:3169:7:simple_dname	80	static
dcache.c:3509:6:take_dentry_name_snapshot	64	static
dcache.c:1879:6:d_instantiate_new	48	static
dcache.c:2423:6:d_delete	48	static
dcache.c:3525:6:release_dentry_name_snapshot	16	static
dcache.c:3411:19:set_dhash_entries	32	static
dcache.c:3374:24:d_genocide_kill	0	static
dcache.c:1458:13:check_and_drop	16	static
dcache.c:2455:13:__d_rehash	48	static
dcache.c:2475:6:d_rehash	32	static
dcache.c:1391:24:umount_check	16	static
dcache.c:373:13:d_lru_del	32	static
dcache.c:1337:24:select_collect	48	static
dcache.c:1445:24:detach_and_collect	16	static
dcache.c:473:13:__dentry_kill	48	static
dcache.c:727:6:dput	64	static
dcache.c:890:6:d_prune_aliases	64	static
dcache.c:913:13:shrink_dentry_list	80	static
dcache.c:1104:6:shrink_dcache_sb	96	static
dcache.c:1372:6:shrink_dcache_parent	96	static
dcache.c:1414:13:do_one_tree	32	static
dcache.c:1476:6:d_invalidate	112	static
dcache.c:785:16:dget_parent	64	static
dcache.c:3184:14:__dentry_path.part.19	144	static
dcache.c:1729:6:d_instantiate	32	static
dcache.c:3394:6:d_tmpfile	48	static
dcache.c:1792:16:d_instantiate_unique	48	static
dcache.c:1825:5:d_instantiate_no_diralias	48	static
dcache.c:3229:7:dentry_path_raw	16	static
dcache.c:152:5:proc_nr_dentry	112	static
dcache.c:1064:6:prune_dcache_sb	96	static
dcache.c:1291:5:d_set_mounted	48	static
dcache.c:1425:6:shrink_dcache_for_umount	32	static
dcache.c:1530:16:__d_alloc	64	static
dcache.c:1598:16:d_alloc	48	static
dcache.c:1632:16:d_alloc_name	80	static
dcache.c:1626:16:d_alloc_pseudo	16	static
dcache.c:1843:16:d_make_root	32	static
dcache.c:1913:23:__d_obtain_alias	80	static
dcache.c:1987:16:d_obtain_alias	16	static
dcache.c:2008:16:d_obtain_root	16	static
dcache.c:2158:16:__d_lookup_rcu	96	static
dcache.c:2276:16:__d_lookup	96	static
dcache.c:2246:16:d_lookup	64	static
dcache.c:2354:16:d_hash_and_lookup	32	static
dcache.c:2742:16:d_ancestor	0	static
dcache.c:2635:13:__d_move	96	static
dcache.c:2707:6:d_move	64	static
dcache.c:2720:6:d_exchange	48	static
dcache.c:2814:16:d_splice_alias	80	static
dcache.c:2030:16:d_add_ci	64	static
dcache.c:3034:7:__d_path	80	static
dcache.c:3051:7:d_absolute_path	96	static
dcache.c:3151:7:dynamic_dname	224	static
dcache.c:3235:7:dentry_path	80	static
dcache.c:3284:1:SyS_getcwd	144	static
dcache.c:3348:5:is_subdir	80	static
dcache.c:3482:13:vfs_caches_init_early	64	static
dcache.c:3488:13:vfs_caches_init	64	static
