aio.c:289:12:aio_ring_mmap	0	static
aio.c:489:12:kiocb_cancel	16	static
aio.c:845:13:put_reqs_available	0	static
aio.c:862:13:get_reqs_available	0	static
aio.c:899:13:refill_reqs_available	16	static
aio.c:223:19:aio_setup	32	static
aio.c:210:23:aio_mount	16	static
aio.c:473:6:kiocb_set_cancel_fn	48	static
aio.c:790:9:wait_on_sync_kiocb	48	static
aio.c:629:13:aio_nr_sub	48	static
aio.c:752:12:kill_ioctx	48	static
aio.c:981:13:kiocb_free	32	static
aio.c:1020:6:aio_complete	112	static
aio.c:537:13:free_ioctx_reqs	32	static
aio.c:529:13:free_ioctx_rcufn	16	static
aio.c:554:13:free_ioctx_users	48	static
aio.c:300:12:aio_migratepage	96	static
aio.c:990:23:lookup_ioctx	64	static
aio.c:1203:13:aio_read_events	176	static
aio.c:1220:13:read_events	208	static
aio.c:247:13:put_aio_ring_file.isra.8	32	static
aio.c:263:13:aio_free_ring	64	static
aio.c:516:13:free_ioctx	32	static
aio.c:1386:16:aio_run_iocb	288	static
aio.c:811:6:exit_aio	176	static
aio.c:1272:1:SyS_io_setup	256	static
aio.c:1308:1:SyS_io_destroy	144	static
aio.c:1568:6:do_io_submit	272	static
aio.c:1633:1:SyS_io_submit	16	static
aio.c:1671:1:SyS_io_cancel	64	static
aio.c:1723:1:SyS_io_getevents	64	static
