jhash.h:70:19:jhash	0	static
af_netlink.c:155:12:lockdep_nl_sk_hash_is_held	0	static
af_netlink.c:458:13:netlink_compare	0	static
af_netlink.c:498:1:netlink_update_listeners	0	static
af_netlink.c:835:1:netlink_update_subscriptions	0	static
af_netlink.c:879:13:netlink_unbind	80	static
af_netlink.c:998:12:netlink_getname	0	static
af_netlink.c:1471:13:netlink_update_socket_mc	32	static
af_netlink.c:1557:12:netlink_getsockopt	0	static
af_netlink.c:192:5:netlink_add_tap	48	static
af_netlink.c:233:5:netlink_remove_tap	64	static
af_netlink.c:771:6:__netlink_ns_capable	32	static
af_netlink.c:790:6:netlink_ns_capable	16	static
af_netlink.c:806:6:netlink_capable	16	static
af_netlink.c:822:6:netlink_net_capable	16	static
af_netlink.c:329:13:netlink_overrun	32	static
af_netlink.c:365:13:netlink_skb_set_owner_r	32	static
af_netlink.c:352:13:netlink_skb_destructor	32	static
af_netlink.c:1234:17:netlink_alloc_skb	16	static
af_netlink.c:1154:24:netlink_trim	48	static
af_netlink.c:1448:5:netlink_set_err	96	static
af_netlink.c:2337:13:netlink_seq_stop	16	static
af_netlink.c:1793:13:netlink_data_ready	16	static
af_netlink.c:571:12:__netlink_create	48	static
af_netlink.c:374:13:netlink_sock_destruct	32	static
af_netlink.c:1949:1:__nlmsg_put	80	static
af_netlink.c:1887:1:netlink_kernel_release	16	static
af_netlink.c:2396:5:netlink_register_notifier	16	static
af_netlink.c:2402:5:netlink_unregister_notifier	16	static
af_netlink.c:2444:24:netlink_net_exit	16	static
af_netlink.c:2380:12:netlink_seq_open	16	static
af_netlink.c:2345:12:netlink_seq_show	144	static
af_netlink.c:2435:23:netlink_net_init	16	static
af_netlink.c:602:12:netlink_create	96	static
af_netlink.c:2255:21:netlink_seq_socket_idx.isra.26	0	static
af_netlink.c:2285:14:netlink_seq_start	48	static
af_netlink.c:2293:14:netlink_seq_next	16	static
af_netlink.c:1241:5:netlink_has_listeners	48	static
af_netlink.c:479:21:netlink_lookup.constprop	96	static
af_netlink.c:312:13:netlink_deliver_tap	128	static
af_netlink.c:1129:12:__netlink_sendskb	48	static
af_netlink.c:1346:5:netlink_broadcast_filtered	160	static
af_netlink.c:1397:5:netlink_broadcast	16	static
af_netlink.c:1971:12:netlink_dump	48	static
af_netlink.c:1701:12:netlink_recvmsg	160	static
af_netlink.c:2062:5:__netlink_dump_start	80	static
af_netlink.c:521:12:netlink_insert	128	static
af_netlink.c:404:6:netlink_table_grab	112	static
af_netlink.c:429:6:netlink_table_ungrab	16	static
af_netlink.c:1805:1:__netlink_kernel_create	112	static
af_netlink.c:725:12:netlink_autobind.isra.30	112	static
af_netlink.c:959:12:netlink_connect	48	static
af_netlink.c:846:12:netlink_realloc_groups	64	static
af_netlink.c:1487:12:netlink_setsockopt	48	static
af_netlink.c:892:12:netlink_bind	112	static
af_netlink.c:661:12:netlink_release	96	static
af_netlink.c:2476:19:netlink_proto_init	208	static
af_netlink.c:1038:14:netlink_getsockbyfilp	0	static
af_netlink.c:1089:5:netlink_attachskb	112	static
af_netlink.c:1140:5:netlink_sendskb	32	static
af_netlink.c:1198:5:netlink_unicast	112	static
af_netlink.c:2218:5:nlmsg_notify	64	static
af_netlink.c:1617:12:netlink_sendmsg	160	static
af_netlink.c:2131:6:netlink_ack	64	static
af_netlink.c:2167:5:netlink_rcv_skb	48	static
af_netlink.c:1148:6:netlink_detachskb	32	static
af_netlink.c:1893:5:__netlink_change_ngroups	48	static
af_netlink.c:1928:5:netlink_change_ngroups	32	static
af_netlink.c:1939:6:__netlink_clear_multicast_users	32	static
