dynamic_debug.c:707:24:ddebug_iter_next	0	static
dynamic_debug.c:283:12:check_set	32	static
dynamic_debug.c:754:14:ddebug_proc_next	48	static
dynamic_debug.c:112:13:vpr_info_dq	64	static
dynamic_debug.c:804:13:ddebug_proc_stop	16	static
dynamic_debug.c:844:5:ddebug_add_module	48	static
dynamic_debug.c:922:5:ddebug_remove_module	64	static
dynamic_debug.c:955:19:dynamic_debug_init_debugfs	32	static
dynamic_debug.c:824:12:ddebug_proc_open	32	static
dynamic_debug.c:512:14:dynamic_emit_prefix	48	static
dynamic_debug.c:544:6:__dynamic_pr_debug	208	static
dynamic_debug.c:564:6:__dynamic_dev_dbg	224	static
dynamic_debug.c:595:6:__dynamic_netdev_dbg	304	static
dynamic_debug.c:635:19:ddebug_setup_query	32	static
dynamic_debug.c:89:14:ddebug_describe_flags.constprop	0	static
dynamic_debug.c:776:12:ddebug_proc_show	112	static
dynamic_debug.c:437:12:ddebug_exec_query	288	static
dynamic_debug.c:470:12:ddebug_exec_queries	96	static
dynamic_debug.c:872:12:ddebug_dyndbg_param_cb	48	static
dynamic_debug.c:893:12:ddebug_dyndbg_boot_param_cb	32	static
dynamic_debug.c:652:16:ddebug_proc_write	64	static
dynamic_debug.c:974:19:dynamic_debug_init	128	static
dynamic_debug.c:729:14:ddebug_proc_start	64	static
dynamic_debug.c:905:5:ddebug_dyndbg_module_param_cb	48	static
