kobject.c:752:16:kobj_attr_show	16	static
kobject.c:764:16:kobj_attr_store	16	static
kobject.c:146:7:kobject_get_path	80	static
kobject.c:673:13:dynamic_kobj_release	32	static
kobject.c:840:13:kset_release	32	static
kobject.c:312:6:kobject_init	32	static
kobject.c:641:13:kobject_release	64	static
kobject.c:662:6:kobject_put	32	static
kobject.c:176:13:kobj_kset_leave	32	static
kobject.c:554:6:kobject_del	32	static
kobject.c:805:6:kset_unregister	32	static
kobject.c:575:17:kobject_get	32	static
kobject.c:255:5:kobject_set_name_vargs	80	static
kobject.c:287:5:kobject_set_name	160	static
kobject.c:695:17:kobject_create	32	static
kobject.c:744:6:kset_init	0	static
kobject.c:822:17:kset_find_obj	48	static
kobject.c:934:5:kobj_ns_type_register	64	static
kobject.c:961:5:kobj_ns_type_registered	48	static
kobject.c:973:39:kobj_child_ns_ops	16	static
kobject.c:983:39:kobj_ns_ops	16	static
kobject.c:30:13:kobject_namespace	32	static
kobject.c:200:12:kobject_add_internal	64	static
kobject.c:415:5:kobject_init_and_add	208	static
kobject.c:786:5:kset_register	32	static
kobject.c:911:14:kset_create_and_add	48	static
kobject.c:380:5:kobject_add	208	static
kobject.c:720:17:kobject_create_and_add	48	static
kobject.c:441:5:kobject_rename	112	static
kobject.c:503:5:kobject_move	112	static
kobject.c:988:6:kobj_ns_current_may_mount	48	static
kobject.c:1001:7:kobj_ns_grab_current	48	static
kobject.c:1014:13:kobj_ns_netlink	64	static
kobject.c:1027:13:kobj_ns_initial	48	static
kobject.c:1040:6:kobj_ns_drop	64	static
