rt.c:2443:21:get_rr_interval_rt	0	static
rt.c:1980:28:pick_next_pushable_task	16	static
rt.c:527:12:rt_se_boosted	0	static
rt.c:2242:13:rq_online_rt	96	static
rt.c:314:13:update_rt_migration	32	static
rt.c:1399:13:__enqueue_rt_entity	48	static
rt.c:1842:12:find_lowest_rq	128	static
rt.c:1547:1:select_task_rq_rt	80	static
rt.c:386:13:dequeue_pushable_task	32	static
rt.c:2432:13:set_curr_task_rt	64	static
rt.c:375:13:enqueue_pushable_task	48	static
rt.c:1527:13:requeue_task_rt.isra.24	0	static
rt.c:1538:13:yield_task_rt	16	static
rt.c:1656:13:check_preempt_curr_rt	32	static
rt.c:2094:12:pull_rt_task	112	static
rt.c:910:12:balance_runtime	112	static
rt.c:1226:1:enqueue_top_rt_rq	48	static
rt.c:1210:1:dequeue_top_rt_rq	48	static
rt.c:1440:13:dequeue_rt_stack	80	static
rt.c:1457:13:enqueue_rt_entity	48	static
rt.c:488:13:sched_rt_rq_enqueue	48	static
rt.c:21:29:sched_rt_period_timer	144	static
rt.c:2253:13:rq_offline_rt	160	static
rt.c:1486:1:enqueue_task_rt	32	static
rt.c:1467:13:dequeue_rt_entity	32	static
rt.c:1134:13:update_curr_rt	128	static
rt.c:1759:13:put_prev_task_rt	48	static
rt.c:1499:13:dequeue_task_rt	48	static
rt.c:2399:13:task_tick_rt	48	static
rt.c:2340:1:prio_changed_rt	32	static
rt.c:2280:13:switched_from_rt	32	static
rt.c:2005:12:push_rt_task.part.35	96	static
rt.c:2312:13:switched_to_rt	32	static
rt.c:1720:1:pick_next_task_rt	64	static
rt.c:2202:13:set_cpus_allowed_rt	32	static
rt.c:2087:13:push_rt_tasks	32	static
rt.c:2190:13:task_woken_rt	16	static
rt.c:2181:13:post_schedule_rt	16	static
rt.c:42:6:init_rt_bandwidth	32	static
rt.c:73:6:init_rt_rq	0	static
rt.c:149:6:free_rt_sched_group	64	static
rt.c:167:6:init_tg_rt_entry	0	static
rt.c:194:5:alloc_rt_sched_group	112	static
rt.c:626:6:sched_rt_bandwidth_account	0	static
rt.c:2263:6:unthrottle_offline_rt_rqs	80	static
rt.c:2296:13:init_sched_rt_class	48	static
rt.c:2490:6:print_rt_stats	96	static
