fair.c:564:13:update_min_vruntime	0	static
fair.c:2201:1:account_entity_enqueue	0	static
fair.c:2218:1:account_entity_dequeue	0	static
fair.c:2722:13:__update_entity_load_avg_contrib	0	static
fair.c:2751:13:__update_entity_utilization_avg_contrib	0	static
fair.c:3307:13:clear_buddies	0	static
fair.c:4912:22:source_load	0	static
fair.c:4927:22:target_load	0	static
fair.c:4978:13:task_waking_fair	0	static
fair.c:5051:13:effective_load	0	static
fair.c:10680:13:task_move_group_fair	0	static
fair.c:156:12:get_update_sysctl_factor	16	static
fair.c:177:13:update_sysctl	16	static
fair.c:10478:13:rq_offline_fair	16	static
fair.c:10468:13:rq_online_fair	16	static
fair.c:2938:13:update_cfs_rq_blocked_load	0	static
fair.c:5794:1:migrate_task_rq_fair	0	static
fair.c:316:12:__calc_delta	0	static
fair.c:5877:13:set_next_buddy	0	static
fair.c:866:1:update_stats_wait_end	48	static
fair.c:806:13:update_curr	48	static
fair.c:841:13:update_curr_fair	16	static
fair.c:2290:13:update_cfs_shares	48	static
fair.c:6124:13:yield_task_fair	48	static
fair.c:6155:13:yield_to_task_fair	32	static
fair.c:5570:1:select_task_rq_fair	256	static
fair.c:6477:5:can_migrate_task	64	static
fair.c:593:13:__enqueue_entity	16	static
fair.c:6759:12:detach_tasks	112	static
fair.c:3192:13:check_spread.isra.26	0	static
fair.c:5854:1:wakeup_preempt_entity.isra.45	32	static
fair.c:5895:13:check_preempt_wakeup	80	static
fair.c:7409:22:default_scale_cpu_capacity.isra.49	0	static
fair.c:9062:12:sched_ilb_notifier	48	static
fair.c:738:12:sched_slice.isra.61	64	static
fair.c:10892:21:get_rr_interval_fair	16	static
fair.c:2441:12:__compute_runnable_contrib	0	static
fair.c:10565:1:prio_changed_fair	16	static
fair.c:10623:13:switched_to_fair	16	static
fair.c:7146:13:attach_task	32	static
fair.c:7171:13:attach_tasks	32	static
fair.c:10515:13:task_fork_fair	80	static
fair.c:10582:13:switched_from_fair	0	static
fair.c:8866:12:active_load_balance_cpu_stop	224	static
fair.c:189:6:sched_init_granularity	16	static
fair.c:641:22:__pick_first_entity	0	static
fair.c:3448:1:pick_next_entity	64	static
fair.c:662:22:__pick_last_entity	16	static
fair.c:676:5:sched_proc_update_handler	32	static
fair.c:784:6:init_task_runnable_average	48	static
fair.c:4319:6:init_cfs_bandwidth	0	static
fair.c:7404:22:arch_scale_freq_capacity	0	static
fair.c:7417:22:arch_scale_cpu_capacity	16	static
fair.c:7222:13:update_blocked_averages	192	static
fair.c:3407:1:set_next_entity	160	static
fair.c:10652:13:set_curr_task_fair	32	static
fair.c:3500:13:put_prev_entity	160	static
fair.c:6108:13:put_prev_task_fair	32	static
fair.c:4834:13:dequeue_task_fair	192	static
fair.c:4775:1:enqueue_task_fair	176	static
fair.c:10494:13:task_tick_fair	176	static
fair.c:3091:6:idle_enter_fair	80	static
fair.c:3101:6:idle_exit_fair	48	static
fair.c:7476:6:update_group_capacity	64	static
fair.c:8104:28:find_busiest_group	432	static
fair.c:8383:12:load_balance	288	static
fair.c:9092:13:rebalance_domains	144	static
fair.c:10431:13:run_rebalance_domains	112	static
fair.c:5979:1:pick_next_task_fair	128	static
fair.c:9019:6:set_cpu_sd_state_idle	32	static
fair.c:9040:6:nohz_balance_enter_idle	64	static
fair.c:9081:6:update_max_interval	16	static
fair.c:10454:6:trigger_load_balance	80	static
fair.c:10665:6:init_cfs_rq	0	static
fair.c:10734:6:free_fair_sched_group	64	static
fair.c:10791:6:unregister_fair_sched_group	48	static
fair.c:10808:6:init_tg_cfs_entry	0	static
fair.c:10751:5:alloc_fair_sched_group	96	static
fair.c:10841:5:sched_group_set_shares	96	static
fair.c:10950:6:print_cfs_stats	96	static
fair.c:10961:13:init_sched_fair_class	16	static
