NVTtouch_206_ext_proc.c:369:14:c_start	0	static
NVTtouch_206_ext_proc.c:383:14:c_next	0	static
NVTtouch_206_ext_proc.c:397:13:c_stop	0	static
NVTtouch_206_ext_proc.c:169:16:nvt_get_fw_pipe	48	static
NVTtouch_206_ext_proc.c:315:16:c_fw_version_show	16	static
NVTtouch_206_ext_proc.c:321:16:c_tp_fw_ver_show	16	static
NVTtouch_206_ext_proc.c:336:16:c_show	80	static
NVTtouch_206_ext_proc.c:638:16:c_keyTest_show	176	static
NVTtouch_206_ext_proc.c:89:6:nvt_change_mode	64	static
NVTtouch_206_ext_proc.c:122:6:nvt_get_fw_info	160	static
NVTtouch_206_ext_proc.c:439:16:nvt_tp_fw_ver_open	32	static
NVTtouch_206_ext_proc.c:432:16:nvt_fw_version_open	32	static
NVTtouch_206_ext_proc.c:199:6:nvt_read_mdata	224	static
NVTtouch_206_ext_proc.c:564:16:nvt_diff_open	48	static
NVTtouch_206_ext_proc.c:513:16:nvt_raw_open	48	static
NVTtouch_206_ext_proc.c:469:16:nvt_baseline_open	64	static
NVTtouch_206_ext_proc.c:301:6:nvt_get_mdata	16	static
NVTtouch_206_ext_proc.c:620:6:nvt_change_mode_0xBB	48	static
NVTtouch_206_ext_proc.c:756:16:nvtc_keyTest_proc	112	static
NVTtouch_206_ext_proc.c:835:9:nvt_extra_proc_init	48	static
