NVTtouch_206.c:1799:20:nvt_driver_exit	16	static
NVTtouch_206.c:1420:12:nvt_i2c_detect	16	static
NVTtouch_206.c:1411:12:nvt_i2c_remove	16	static
NVTtouch_206.c:879:16:nvt_flash_close	16	static
NVTtouch_206.c:1426:20:tpd_eint_handler	32	static
NVTtouch_206.c:1631:12:nvt_local_init	80	static
NVTtouch_206.c:856:16:nvt_flash_open	32	static
NVTtouch_206.c:1782:19:nvt_driver_init	32	static
NVTtouch_206.c:159:5:i2c_dma_read_1	160	static
NVTtouch_206.c:204:5:i2c_dma_write_1	96	static
NVTtouch_206.c:241:5:i2c_read_bytes_dma_1	80	static
NVTtouch_206.c:274:5:i2c_write_bytes_dma_1	80	static
NVTtouch_206.c:753:16:nvt_flash_read	144	static
NVTtouch_206.c:309:5:i2c_read_bytes_non_dma_1	160	static
NVTtouch_206.c:374:5:i2c_write_bytes_non_dma_1	144	static
NVTtouch_206.c:439:9:CTP_I2C_READ	16	static
NVTtouch_206.c:1438:12:touch_event_handler	304	static
NVTtouch_206.c:483:9:CTP_I2C_READ_DUMMY	48	static
NVTtouch_206.c:499:9:CTP_I2C_WRITE	16	static
NVTtouch_206.c:515:6:nvt_hw_reset	16	static
NVTtouch_206.c:533:6:nvt_set_i2c_debounce	128	static
NVTtouch_206.c:583:6:nvt_sw_reset_idle	48	static
NVTtouch_206.c:604:6:nvt_bootloader_reset	48	static
NVTtouch_206.c:624:9:nvt_clear_fw_status	96	static
NVTtouch_206.c:669:9:nvt_check_fw_status	96	static
NVTtouch_206.c:709:9:nvt_check_fw_reset_state	80	static
NVTtouch_206.c:1726:13:nvt_ts_resume	48	static
NVTtouch_206.c:1116:5:tpd_power_switch	32	static
NVTtouch_206.c:1673:13:nvt_ts_suspend	80	static
NVTtouch_206.c:1176:12:nvt_i2c_probe	128	static
