kmemleak.c:342:13:unreferenced_object	0	static
kmemleak.c:432:12:get_object	0	static
kmemleak.c:440:13:free_object_rcu	48	static
kmemleak.c:501:12:__save_stack_trace	64	static
kmemleak.c:1487:13:stop_scan_thread	32	static
kmemleak.c:378:13:dump_object_info	64	static
kmemleak.c:479:32:find_and_get_object	80	static
kmemleak.c:1584:12:kmemleak_open	16	static
kmemleak.c:1565:12:kmemleak_seq_show	192	static
kmemleak.c:1500:14:kmemleak_seq_start	64	static
kmemleak.c:1770:13:kmemleak_disable	16	static
kmemleak.c:518:32:create_object	96	static
kmemleak.c:1791:12:kmemleak_boot_config	32	static
kmemleak.c:805:20:log_early	48	static
kmemleak.c:894:12:kmemleak_alloc	48	static
kmemleak.c:915:12:kmemleak_alloc_percpu	80	static
kmemleak.c:465:13:put_object	32	static
kmemleak.c:604:13:__delete_object	48	static
kmemleak.c:1526:14:kmemleak_seq_next	80	static
kmemleak.c:1548:13:kmemleak_seq_stop	32	static
kmemleak.c:630:13:delete_object_full	32	static
kmemleak.c:1729:13:__kmemleak_do_cleanup	64	static
kmemleak.c:1744:13:kmemleak_do_cleanup	32	static
kmemleak.c:942:12:kmemleak_free	32	static
kmemleak.c:980:12:kmemleak_free_percpu	64	static
kmemleak.c:962:12:kmemleak_free_part	48	static
kmemleak.c:1002:12:kmemleak_update_trace	48	static
kmemleak.c:1098:12:kmemleak_no_scan	48	static
kmemleak.c:1078:12:kmemleak_scan_area	64	static
kmemleak.c:840:13:early_alloc	32	static
kmemleak.c:701:13:paint_ptr	48	static
kmemleak.c:1036:12:kmemleak_not_leak	32	static
kmemleak.c:1056:12:kmemleak_ignore	32	static
kmemleak.c:1127:12:scan_should_stop	16	static
kmemleak.c:1472:13:start_scan_thread	48	static
kmemleak.c:1905:19:kmemleak_late_init	32	static
kmemleak.c:1148:13:scan_block	64	static
kmemleak.c:1259:13:scan_gray_list	64	static
kmemleak.c:1293:13:kmemleak_scan	112	static
kmemleak.c:1653:16:kmemleak_write	176	static
kmemleak.c:1436:12:kmemleak_scan_thread	48	static
kmemleak.c:1819:13:kmemleak_init	160	static
