mmap.c:101:10:vm_get_page_prot	0	static
mmap.c:109:17:vm_pgprot_modify	0	static
mmap.c:150:15:vm_memory_committed	0	static
mmap.c:379:13:vma_compute_subtree_gap	0	static
mmap.c:515:1:vma_gap_callbacks_rotate	32	static
mmap.c:523:13:vma_gap_update	32	static
mmap.c:609:12:find_vma_links	0	static
mmap.c:1148:1:can_vma_merge_before	0	static
mmap.c:1355:25:reusable_anon_vma	0	static
mmap.c:3187:13:special_mapping_close	0	static
mmap.c:3191:20:special_mapping_name	0	static
mmap.c:3494:12:init_user_reserve	0	static
mmap.c:3515:12:init_admin_reserve	0	static
mmap.c:3587:22:init_reserve_notifier	0	static
mmap.c:256:13:__remove_shared_vm_struct	48	static
mmap.c:695:13:__vma_link_file	48	static
mmap.c:291:31:remove_vma	32	static
mmap.c:2646:13:unmap_region	224	static
mmap.c:2550:19:cmdline_parse_stack_guard_gap	48	static
mmap.c:3207:12:special_mapping_fault	32	static
mmap.c:2238:1:get_unmapped_area	32	static
mmap.c:2272:24:find_vma	48	static
mmap.c:541:13:__vma_rb_erase	96	static
mmap.c:172:5:__vm_enough_memory	64	static
mmap.c:276:6:unlink_file_vma	48	static
mmap.c:671:6:__vma_link_rb	64	static
mmap.c:726:13:vma_link	80	static
mmap.c:803:5:__vma_adjust	224	static
mmap.c:2697:12:__split_vma.isra.33	64	static
mmap.c:1222:24:vma_merge	96	static
mmap.c:1374:18:find_mergeable_anon_vma	32	static
mmap.c:1407:6:vm_stat_account	0	static
mmap.c:2779:5:do_munmap	96	static
mmap.c:2869:5:vm_munmap	64	static
mmap.c:1639:1:SyS_mmap_pgoff	80	static
mmap.c:1719:5:vma_wants_writenotify	48	static
mmap.c:115:6:vma_set_page_prot	48	static
mmap.c:1934:15:unmapped_area	0	static
mmap.c:2037:15:unmapped_area_topdown	0	static
mmap.c:2310:1:find_vma_prev	48	static
mmap.c:2149:1:arch_get_unmapped_area	144	static
mmap.c:2186:1:arch_get_unmapped_area_topdown	144	static
mmap.c:2765:5:split_vma	16	static
mmap.c:2881:1:SyS_munmap	48	static
mmap.c:3000:6:exit_mmap	192	static
mmap.c:3053:5:insert_vm_struct	80	static
mmap.c:3240:31:__install_special_mapping	96	static
mmap.c:3089:24:copy_vma	144	static
mmap.c:3169:5:may_expand_vm	0	static
mmap.c:2902:22:do_brk	144	static
mmap.c:307:1:SyS_brk	64	static
mmap.c:2983:15:vm_brk	64	static
mmap.c:1766:15:mmap_region	160	static
mmap.c:1488:15:do_mmap_pgoff	112	static
mmap.c:2472:5:expand_downwards	80	static
mmap.c:2586:5:expand_stack	16	static
mmap.c:2592:1:find_extend_vma	64	static
mmap.c:3288:24:_install_special_mapping	16	static
mmap.c:3297:5:install_special_mapping	16	static
mmap.c:3454:6:mm_drop_all_locks	48	static
mmap.c:3383:5:mm_take_all_locks	80	static
mmap.c:3476:13:mmap_init	16	static
