migrate.h:23:1:perf_trace_mm_migrate_pages	128	static
migrate.h:23:1:ftrace_raw_event_mm_migrate_pages	144	static
migrate.h:23:1:ftrace_raw_output_mm_migrate_pages	80	static
migrate.h:51:1:ftrace_raw_output_mm_numa_migrate_ratelimit	32	static
migrate.h:51:1:perf_trace_mm_numa_migrate_ratelimit	112	static
migrate.h:51:1:ftrace_raw_event_mm_numa_migrate_ratelimit	128	static
migrate.c:286:13:buffer_migrate_lock_buffers	48	static
migrate.c:342:5:migrate_page_move_mapping	112	static
migrate.c:543:6:migrate_page_copy	64	static
migrate.c:218:13:remove_migration_ptes	96	static
migrate.c:107:12:remove_migration_pte	96	static
migrate.c:196:12:remove_linear_migration_ptes_from_nonlinear	64	static
migrate.h:23:1:ftrace_define_fields_mm_migrate_pages	32	static
migrate.h:51:1:ftrace_define_fields_mm_numa_migrate_ratelimit	32	static
migrate.c:608:5:migrate_page	48	static
migrate.c:632:5:buffer_migrate_page	48	static
migrate.c:811:12:__unmap_and_move	144	static
migrate.c:55:5:migrate_prep	16	static
migrate.c:69:5:migrate_prep_local	16	static
migrate.c:84:6:putback_movable_pages	48	static
migrate.c:234:6:__migration_entry_wait	48	static
migrate.c:269:6:migration_entry_wait	16	static
migrate.c:277:6:migration_entry_wait_huge	16	static
migrate.c:453:5:migrate_huge_page_move_mapping	64	static
migrate.c:1123:5:migrate_pages	160	static
migrate.c:1200:5:migrate_replace_page	48	static
