page_alloc.c:1863:13:__zone_watermark_ok	0	static
page_alloc.c:3632:12:build_zonelists_node	0	static
page_alloc.c:4016:13:build_zonelists	64	static
page_alloc.c:323:13:bad_page	64	static
page_alloc.c:407:12:destroy_compound_page	80	static
page_alloc.c:840:13:free_pages_prepare	96	static
page_alloc.c:5707:6:adjust_managed_page_count	64	static
page_alloc.c:768:13:free_pcppages_bulk	144	static
page_alloc.c:1416:13:drain_pages	64	static
page_alloc.c:1440:6:drain_local_pages	16	static
page_alloc.c:1597:6:split_page	64	static
page_alloc.c:3288:22:nr_free_zone_pages	64	static
page_alloc.c:3335:15:nr_free_buffer_pages	16	static
page_alloc.c:3367:6:si_meminfo	32	static
page_alloc.c:4526:13:pageset_init	0	static
page_alloc.c:4599:5:zone_wait_table_init	64	static
page_alloc.c:5841:12:page_alloc_cpu_notify	32	static
page_alloc.c:5879:13:calculate_totalreserve_pages	32	static
page_alloc.c:5924:13:setup_per_zone_lowmem_reserve	48	static
page_alloc.c:4440:12:zone_batchsize.isra.66	0	static
page_alloc.c:4559:13:pageset_set_high_and_batch	32	static
page_alloc.c:3344:15:nr_unallocated_buffer_pages	48	static
page_alloc.c:4084:12:__build_all_zonelists	64	static
page_alloc.c:147:6:pm_restore_gfp_mask	16	static
page_alloc.c:156:6:pm_restrict_gfp_mask	32	static
page_alloc.c:164:6:pm_suspended_storage	0	static
page_alloc.c:388:6:prep_compound_page	0	static
page_alloc.c:1121:5:move_freepages	0	static
page_alloc.c:1165:5:move_freepages_block	16	static
page_alloc.c:1454:6:drain_all_pages	80	static
page_alloc.c:1903:6:zone_watermark_ok	16	static
page_alloc.c:1910:6:zone_watermark_ok_safe	96	static
page_alloc.c:2311:6:warn_alloc_failed	176	static
page_alloc.c:2695:6:gfp_pfmemalloc_allowed	0	static
page_alloc.c:3356:15:nr_free_pagecache_pages	16	static
page_alloc.c:3408:6:skip_free_areas_node	0	static
page_alloc.c:3460:6:show_free_areas	592	static
page_alloc.c:4143:12:build_all_zonelists	32	static
page_alloc.c:4590:13:setup_per_cpu_pageset	80	static
page_alloc.c:4656:15:init_currently_empty_zone	48	static
page_alloc.c:5065:19:set_pageblock_order	0	static
page_alloc.c:5752:13:mem_init_print_info	112	static
page_alloc.c:5830:13:set_dma_reserve	0	static
page_alloc.c:5870:13:page_alloc_init	16	static
page_alloc.c:6200:5:lowmem_reserve_ratio_sysctl_handler	16	static
page_alloc.c:6213:5:percpu_pagelist_fraction_sysctl_handler	112	static
page_alloc.c:6393:15:get_pfnblock_flags_mask	0	static
page_alloc.c:869:13:__free_pages_ok	112	static
page_alloc.c:383:13:free_compound_page	16	static
page_alloc.c:1529:6:free_hot_cold_page	64	static
page_alloc.c:1579:6:free_hot_cold_page_list	80	static
page_alloc.c:3129:6:__free_pages	16	static
page_alloc.c:5720:15:free_reserved_area	96	static
page_alloc.c:886:13:__free_pages_bootmem	16	static
page_alloc.c:3141:6:free_pages	16	static
page_alloc.c:3200:14:make_alloc_exact	48	static
page_alloc.c:3267:6:free_pages_exact	32	static
page_alloc.c:3186:6:__free_kmem_pages	16	static
page_alloc.c:3192:6:free_kmem_pages	16	static
page_alloc.c:6421:6:set_pfnblock_flags_mask	0	static
page_alloc.c:259:6:set_pageblock_migratetype	16	static
page_alloc.c:1636:5:__isolate_free_page	80	static
page_alloc.c:1686:5:split_free_page	48	static
page_alloc.c:1312:21:__rmqueue	128	static
page_alloc.c:2100:1:get_page_from_freelist	288	static
page_alloc.c:2457:1:__alloc_pages_direct_compact	144	static
page_alloc.c:2961:1:__alloc_pages_nodemask	272	static
page_alloc.c:3106:15:__get_free_pages	16	static
page_alloc.c:3123:15:get_zeroed_page	16	static
page_alloc.c:3229:7:alloc_pages_exact	48	static
page_alloc.c:6270:14:alloc_large_system_hash	96	static
page_alloc.c:3158:14:alloc_kmem_pages	16	static
page_alloc.c:3170:14:alloc_kmem_pages_node	16	static
page_alloc.c:3251:18:alloc_pages_exact_nid	32	static
page_alloc.c:4367:16:memmap_init_zone	80	static
page_alloc.c:5244:19:free_area_init_node	144	static
page_alloc.c:5835:13:free_area_init	16	static
page_alloc.c:6036:6:setup_per_zone_wmarks	144	static
page_alloc.c:6110:15:init_per_zone_wmark_min	32	static
page_alloc.c:6141:5:min_free_kbytes_sysctl_handler	48	static
page_alloc.c:6462:6:has_unmovable_pages	64	static
page_alloc.c:6537:6:is_pageblock_removable_nolock	16	static
page_alloc.c:6776:6:zone_pcp_reset	80	static
page_alloc.c:6871:5:free_reserved_memory	80	static
