vmscan.c:169:22:zone_reclaimable_pages	0	static
vmscan.h:39:1:ftrace_define_fields_mm_vmscan_kswapd_sleep	16	static
vmscan.h:144:1:ftrace_define_fields_mm_vmscan_direct_reclaim_end_template	16	static
vmscan.h:39:1:perf_trace_mm_vmscan_kswapd_sleep	96	static
vmscan.h:56:1:perf_trace_mm_vmscan_kswapd_wake	112	static
vmscan.h:75:1:perf_trace_mm_vmscan_wakeup_kswapd	112	static
vmscan.h:99:1:perf_trace_mm_vmscan_direct_reclaim_begin_template	112	static
vmscan.h:144:1:perf_trace_mm_vmscan_direct_reclaim_end_template	96	static
vmscan.h:182:1:perf_trace_mm_shrink_slab_start	144	static
vmscan.h:230:1:perf_trace_mm_shrink_slab_end	144	static
vmscan.h:267:1:perf_trace_mm_vmscan_lru_isolate_template	144	static
vmscan.h:331:1:perf_trace_mm_vmscan_writepage	112	static
vmscan.h:354:1:perf_trace_mm_vmscan_lru_shrink_inactive	144	static
vmscan.h:39:1:ftrace_raw_event_mm_vmscan_kswapd_sleep	112	static
vmscan.h:56:1:ftrace_raw_event_mm_vmscan_kswapd_wake	128	static
vmscan.h:75:1:ftrace_raw_event_mm_vmscan_wakeup_kswapd	128	static
vmscan.h:99:1:ftrace_raw_event_mm_vmscan_direct_reclaim_begin_template	128	static
vmscan.h:144:1:ftrace_raw_event_mm_vmscan_direct_reclaim_end_template	112	static
vmscan.h:182:1:ftrace_raw_event_mm_shrink_slab_start	160	static
vmscan.h:230:1:ftrace_raw_event_mm_shrink_slab_end	160	static
vmscan.h:267:1:ftrace_raw_event_mm_vmscan_lru_isolate_template	160	static
vmscan.h:331:1:ftrace_raw_event_mm_vmscan_writepage	128	static
vmscan.h:354:1:ftrace_raw_event_mm_vmscan_lru_shrink_inactive	160	static
vmscan.h:39:1:ftrace_raw_output_mm_vmscan_kswapd_sleep	32	static
vmscan.h:56:1:ftrace_raw_output_mm_vmscan_kswapd_wake	32	static
vmscan.h:75:1:ftrace_raw_output_mm_vmscan_wakeup_kswapd	32	static
vmscan.h:144:1:ftrace_raw_output_mm_vmscan_direct_reclaim_end_template	32	static
vmscan.h:230:1:ftrace_raw_output_mm_shrink_slab_end	48	static
vmscan.h:267:1:ftrace_raw_output_mm_vmscan_lru_isolate_template	32	static
vmscan.h:99:1:ftrace_raw_output_mm_vmscan_direct_reclaim_begin_template	48	static
vmscan.h:182:1:ftrace_raw_output_mm_shrink_slab_start	96	static
vmscan.h:331:1:ftrace_raw_output_mm_vmscan_writepage	48	static
vmscan.h:354:1:ftrace_raw_output_mm_vmscan_lru_shrink_inactive	80	static
vmscan.c:238:5:register_shrinker	32	static
vmscan.c:264:19:add_shrinker_debug	16	static
vmscan.c:223:12:debug_shrinker_open	16	static
vmscan.c:199:12:debug_shrinker_show	112	static
vmscan.c:276:6:unregister_shrinker	32	static
vmscan.c:291:1:shrink_slab_node	144	static
vmscan.c:596:12:__remove_mapping	64	static
vmscan.c:1714:13:move_active_pages_to_lru	96	static
vmscan.c:2868:13:pfmemalloc_watermark_ok	16	static
vmscan.c:2910:13:throttle_direct_reclaim	128	static
vmscan.c:1537:12:current_may_throttle	16	static
vmscan.c:1876:12:inactive_anon_is_low	0	static
vmscan.h:56:1:ftrace_define_fields_mm_vmscan_kswapd_wake	32	static
vmscan.h:75:1:ftrace_define_fields_mm_vmscan_wakeup_kswapd	32	static
vmscan.h:99:1:ftrace_define_fields_mm_vmscan_direct_reclaim_begin_template	32	static
vmscan.h:182:1:ftrace_define_fields_mm_shrink_slab_start	32	static
vmscan.h:230:1:ftrace_define_fields_mm_shrink_slab_end	48	static
vmscan.h:267:1:ftrace_define_fields_mm_vmscan_lru_isolate_template	48	static
vmscan.h:331:1:ftrace_define_fields_mm_vmscan_writepage	32	static
vmscan.h:354:1:ftrace_define_fields_mm_vmscan_lru_shrink_inactive	48	static
vmscan.c:3126:13:zone_balanced	32	static
vmscan.c:3788:12:cpu_callback	32	static
vmscan.c:183:6:zone_reclaimable	32	static
vmscan.c:3177:13:pgdat_balanced	96	static
vmscan.c:420:15:shrink_slab	80	static
vmscan.c:680:5:remove_mapping	32	static
vmscan.c:1241:5:__isolate_lru_page	48	static
vmscan.c:1335:22:isolate_lru_pages.isra.60	112	static
vmscan.c:1402:5:isolate_lru_page	64	static
vmscan.c:3723:6:wakeup_kswapd	64	static
vmscan.c:3812:5:kswapd_run	48	static
vmscan.c:3845:19:kswapd_init	16	static
vmscan.c:3835:6:kswapd_stop	32	static
vmscan.c:4080:5:page_evictable	32	static
vmscan.c:703:6:putback_lru_page	32	static
vmscan.c:860:22:shrink_page_list	336	static
vmscan.c:1203:15:reclaim_clean_pages_from_list	224	static
vmscan.c:1477:1:putback_inactive_pages	144	static
vmscan.c:1549:1:shrink_inactive_list	272	static
vmscan.c:1755:13:shrink_active_list	224	static
vmscan.c:2366:13:shrink_lruvec.isra.62	272	static
vmscan.c:2561:13:shrink_zone	80	static
vmscan.c:2805:22:do_try_to_free_pages	192	static
vmscan.c:2994:15:try_to_free_pages	144	static
vmscan.c:3754:15:shrink_all_memory	112	static
vmscan.c:3365:22:balance_pgdat	256	static
vmscan.c:3624:12:kswapd	176	static
vmscan.c:4101:6:check_move_unevictable_pages	112	static
