percpu.c:242:27:pcpu_page_idx	0	static
percpu.c:247:22:pcpu_chunk_addr	0	static
percpu.c:333:12:pcpu_count_occupied_pages	0	static
percpu.c:2311:19:percpu_enable_async	0	static
percpu.c:1736:19:percpu_alloc_setup	16	static
percpu.c:316:13:pcpu_mem_free	16	static
percpu.c:750:13:pcpu_free_chunk	32	static
percpu.c:254:28:pcpu_next_unpop	48	static
percpu.c:2203:22:pcpu_dfl_fc_alloc	16	static
percpu.c:2210:20:pcpu_dfl_fc_free	16	static
percpu.c:1441:13:pcpu_dump_alloc_info	192	static
percpu.c:188:13:pcpu_schedule_balance_work	16	static
percpu.c:400:12:pcpu_need_to_extend	48	static
percpu.c:298:14:pcpu_mem_zalloc	32	static
percpu.c:444:12:pcpu_extend_area_map	80	static
percpu-vm.c:329:27:pcpu_create_chunk	48	static
percpu-vm.c:33:22:pcpu_get_pages.isra.11	32	static
percpu-vm.c:55:13:pcpu_free_pages.isra.13	80	static
percpu-vm.c:273:12:pcpu_populate_chunk	112	static
percpu.c:215:12:pcpu_size_to_slot	0	static
percpu.c:222:12:pcpu_chunk_slot	16	static
percpu.c:369:13:pcpu_chunk_relocate	48	static
percpu.c:669:13:pcpu_free_area	80	static
percpu.c:1250:6:free_percpu	80	static
percpu.c:554:12:pcpu_alloc_area	176	static
percpu.c:871:23:pcpu_alloc	176	static
percpu.c:1066:16:__alloc_percpu_gfp	16	static
percpu.c:1079:16:__alloc_percpu	16	static
percpu.c:1112:13:pcpu_balance_workfn	208	static
percpu.c:1101:16:__alloc_reserved_percpu	16	static
percpu.c:1300:6:is_kernel_percpu_address	48	static
percpu.c:1341:13:per_cpu_ptr_to_phys	64	static
percpu.c:1394:33:pcpu_alloc_alloc_info	48	static
percpu.c:1429:13:pcpu_free_alloc_info	16	static
percpu.c:1547:12:pcpu_setup_first_chunk	112	static
percpu.c:1964:12:pcpu_embed_first_chunk	192	static
percpu.c:2215:13:setup_per_cpu_areas	48	static
percpu.c:2282:13:percpu_init_late	96	static
