sd.c:1820:13:msdc_sdio_power	0	static
sd.c:2165:13:msdc_set_timeout	0	static
sd.c:2925:13:msdc_pin_reset	32	static
sd.c:3404:12:msdc_can_apply_cache	0	static
sd.c:5452:13:msdc_dma_clear	0	static
sd.c:5901:5:hs400_restore_pad_tune	0	static
sd.c:5912:5:hs400_restore_pb1	0	static
sd.c:5926:5:hs400_restore_ddly0	0	static
sd.c:5937:5:hs400_restore_ddly1	0	static
sd.c:5948:5:hs400_restore_cmd_tune	0	static
sd.c:5962:5:hs400_restore_dat01_tune	0	static
sd.c:5978:5:hs400_restore_dat23_tune	0	static
sd.c:5994:5:hs400_restore_dat45_tune	0	static
sd.c:6010:5:hs400_restore_dat67_tune	0	static
sd.c:6026:5:hs400_restore_ds_tune	0	static
sd.c:7755:5:msdc_execute_tuning	0	static
sd.c:7766:12:msdc_card_busy	0	static
sd.c:7386:13:msdc_set_buswidth	16	static
sd.c:7412:13:msdc_apply_ett_settings	80	static
sd.c:4647:13:msdc_update_cahce_status	32	static
sd.c:641:13:msdc_dump_dbg_register	624	static
sd.c:1167:5:msdc_hwPowerOn	32	static
sd.c:1193:6:msdc_hwPowerDown	16	static
sd.c:7646:13:msdc_ops_enable_sdio_irq	96	static
sd.c:5465:13:msdc_post_req	80	static
sd.c:5409:13:msdc_pre_req	128	static
sd.c:2252:13:msdc_select_clksrc	80	static
sd.c:7572:12:msdc_ops_get_cd	32	static
sd.c:9489:20:mt_msdc_exit	32	static
sd.c:4378:13:msdc_dma_start	32	static
sd.c:3505:19:init_get_cache_work	32	static
sd.c:668:13:msdc_dump_clock_sts.isra.14	32	static
sd.c:841:5:msdc_get_dma_status	16	static
sd.c:3321:19:msdc_get_host	32	static
sd.c:3466:6:get_emmc_cache_info	32	static
sd.c:1544:13:msdc_pin_pud.isra.17	16	static
sd.c:6666:13:msdc_dump_trans_error	64	static
sd.c:2190:13:msdc_eirq_sdio	32	static
sd.c:1214:12:msdc_ldo_power.part.21	48	static
sd.c:1214:12:msdc_ldo_power	48	static
sd.c:1647:13:msdc_emmc_power	32	static
sd.c:1977:13:msdc_set_bad_card_and_remove	48	static
sd.c:9463:19:mt_msdc_init	48	static
sd.c:1867:13:msdc_reset_tmo_tune_counter.constprop	32	static
sd.c:1906:13:msdc_reset_crc_tune_counter.constprop	48	static
sd.c:7628:13:msdc_ops_card_event	32	static
sd.c:4562:13:msdc_dma_setup	160	static
sd.c:2961:13:msdc_set_power_mode	112	static
sd.c:8283:13:msdc_deinit_hw	16	static
sd.c:9301:12:msdc_drv_remove	80	static
sd.c:518:6:msdc_dump_padctl	32	static
sd.c:582:6:msdc_dump_register	640	static
sd.c:761:6:msdc_dump_info	48	static
sd.c:925:13:msdc_clr_fifo	48	static
sd.c:954:13:msdc_reset_hw	48	static
sd.c:3517:21:msdc_command_start.isra.28	96	static
sd.c:968:12:msdc_clk_stable	112	static
sd.c:3066:13:msdc_clksrc_onoff	48	static
sd.c:8447:6:SRC_trigger_signal	48	static
sd.c:8393:13:msdc_timer_pm	48	static
sd.c:3698:21:msdc_command_resp_polling.isra.29	80	static
sd.c:3918:12:msdc_pio_abort.isra.30	32	static
sd.c:1059:6:msdc_set_startbit	0	static
sd.c:1069:6:msdc_set_smpl	80	static
sd.c:2337:13:msdc_set_mclk	96	static
sd.c:7685:12:msdc_ops_switch_volt	96	static
sd.c:4606:13:msdc_restore_info	96	static
sd.c:1271:6:msdc_sd_power_off	32	static
sd.c:1278:6:msdc_set_smt	16	static
sd.c:1309:6:msdc_set_tdsel	16	static
sd.c:1336:6:msdc_set_rdsel	16	static
sd.c:1362:6:msdc_set_rdtdsel_dbg	0	static
sd.c:1429:6:msdc_get_rdtdsel_dbg	0	static
sd.c:1464:6:msdc_set_sr	16	static
sd.c:1495:6:msdc_set_driving	16	static
sd.c:1688:13:msdc_sd_power	32	static
sd.c:2447:12:msdc_power_tuning	144	static
sd.c:5730:12:msdc_lower_freq	96	static
sd.c:1714:13:msdc_sd_power_switch	48	static
sd.c:2014:6:msdc_gate_clock	64	static
sd.c:2060:6:msdc_ungate_clock	64	static
sd.c:7554:12:msdc_ops_get_ro	64	static
sd.c:3214:13:msdc_pm	64	static
sd.c:9410:12:msdc_drv_resume	32	static
sd.c:9345:12:msdc_drv_suspend	80	static
sd.c:7487:13:msdc_ops_set_ios	96	static
sd.c:2075:6:msdc_clk_status	80	static
sd.c:2306:6:msdc_sdio_set_long_timing_delay_by_freq	0	static
sd.c:3899:14:msdc_do_command	48	static
sd.c:6611:12:msdc_get_card_status.isra.36	208	static
sd.c:3432:5:msdc_cache_ctrl	240	static
sd.c:2575:13:msdc_send_stop	208	static
sd.c:5712:12:msdc_app_cmd.isra.37	208	static
sd.c:3945:5:msdc_pio_read	384	static
sd.c:4167:5:msdc_pio_write	384	static
sd.c:5790:5:msdc_tune_cmdrsp	112	static
sd.c:2592:5:msdc_reinit	112	static
sd.c:2883:12:msdc_status_verify	128	static
sd.c:6178:5:emmc_hs400_tune_rw	32	static
sd.c:6237:5:msdc_tune_read	96	static
sd.c:6469:5:msdc_tune_write	80	static
sd.c:7316:5:sdcard_hw_reset	32	static
sd.c:8294:6:msdc_dump_gpd_bd	64	static
sd.c:797:6:msdc_polling_axi_status	80	static
sd.c:4401:13:msdc_dma_stop	64	static
sd.c:7065:13:msdc_tune_async_request	208	static
sd.c:7303:13:msdc_async_tune	16	static
sd.c:7798:20:msdc_irq	96	static
sd.c:8082:13:msdc_check_write_timeout	144	static
sd.c:7337:13:msdc_ops_request	272	static
sd.c:8706:5:msdc_of_parse	112	static
sd.c:8781:12:msdc_drv_probe	128	static
