dbg.c:2086:12:msdc_check_emmc_cache_status	32	static
dbg.c:809:12:emmc_multi_rw_compare_slave	1024	static
dbg.c:583:12:sd_multi_rw_compare_slave	1152	static
dbg.c:2038:12:rwThread	80	static
dbg.c:764:12:sd_multi_rw_compare	96	static
dbg.c:3515:12:msdc_help_proc_open	16	static
dbg.c:3502:12:msdc_proc_open	16	static
dbg.c:1835:12:msdc_help_proc_show	64	static
dbg.c:1661:12:smp_test_on_one_host	272	static
dbg.c:2106:12:msdc_enable_emmc_cache	48	static
dbg.c:3093:16:msdc_debug_proc_write	48	static
dbg.c:3649:5:msdc_debug_proc_init	32	static
dbg.c:3714:19:msdc_dbg_init	16	static
dbg.c:1751:12:smp_test_on_all_host.isra.4	304	static
dbg.c:184:6:dbg_add_host_log	96	static
dbg.c:234:6:mmc_cmd_dump	224	static
dbg.c:336:6:get_msdc_aee_buffer	96	static
dbg.c:424:5:msdc_time_calc	32	static
dbg.c:442:6:msdc_sdio_profile	96	static
dbg.c:504:6:msdc_performance	48	static
dbg.c:960:5:emmc_multi_rw_compare	80	static
dbg.c:1639:12:write_read_thread	32	static
dbg.c:1257:6:msdc_ett_hs400	1376	static
dbg.c:1360:5:msdc_ett_set_voltage	48	static
dbg.c:1393:5:msdc_ett_get_voltage	32	static
dbg.c:1426:5:msdc_ett_tunning	688	static
dbg.c:1990:6:msdc_hw_parameter_debug	64	static
dbg.c:2139:12:msdc_debug_proc_show	160	static
