mrdump_mini.c:174:22:fill_note	16	static
mrdump_mini.c:956:5:mini_rdump_reserve_memory	16	static
mrdump_mini.c:845:5:mrdump_mini_create_oops_dump	96	static
mrdump_mini.c:65:13:get_android_log_buffer	0	static
mrdump_mini.c:70:13:get_disp_err_buffer	0	static
mrdump_mini.c:75:13:get_disp_fence_buffer	0	static
mrdump_mini.c:79:13:get_disp_dbg_buffer	0	static
mrdump_mini.c:83:13:get_disp_dump_buffer	0	static
mrdump_mini.c:87:13:get_hang_detect_buffer	0	static
mrdump_mini.c:91:26:find_vm_area	0	static
mrdump_mini.c:221:6:mrdump_mini_add_misc_pa	80	static
mrdump_mini.c:243:6:mrdump_mini_add_misc	80	static
mrdump_mini.c:914:5:mrdump_mini_init	496	static
mrdump_mini.c:551:12:mrdump_mini_cpu_regs	128	static
mrdump_mini.c:572:6:mrdump_mini_per_cpu_regs	16	static
mrdump_mini.c:250:5:kernel_addr_valid	64	static
mrdump_mini.c:284:6:mrdump_mini_add_entry_module	112	static
mrdump_mini.c:415:6:mrdump_mini_add_entry	112	static
mrdump_mini.c:483:13:mrdump_mini_add_tsk_ti.isra.3	80	static
mrdump_mini.c:749:13:mrdump_mini_add_loads	432	static
mrdump_mini.c:578:6:mrdump_mini_build_task_info	512	static
mrdump_mini.c:666:5:mrdump_task_info	16	static
mrdump_mini.c:675:5:mrdump_modules_info	48	static
mrdump_mini.c:691:6:mrdump_mini_ke_cpu_regs	368	static
mrdump_mini.c:854:6:mrdump_mini_ipanic_done	0	static
mrdump_mini.c:949:6:mrdump_mini_reserve_memory	16	static
