af_packet.c:305:12:__packet_pick_tx_queue	0	static
af_packet.c:1417:13:match_fanout_group	0	static
af_packet.c:3733:13:packet_mm_open	0	static
af_packet.c:3743:13:packet_mm_close	0	static
af_packet.c:4183:20:packet_exit	32	static
af_packet.c:4172:24:packet_net_exit	16	static
af_packet.c:4145:12:packet_seq_open	16	static
af_packet.c:4114:12:packet_seq_show	128	static
af_packet.c:4102:14:packet_seq_next	16	static
af_packet.c:4108:13:packet_seq_stop	16	static
af_packet.c:4093:14:packet_seq_start	32	static
af_packet.c:4161:23:packet_net_init	32	static
af_packet.c:276:27:packet_cached_dev_get	32	static
af_packet.c:1513:13:fanout_release	48	static
af_packet.c:1390:13:__fanout_link	48	static
af_packet.c:1550:12:packet_rcv_spkt	48	static
af_packet.c:1763:12:packet_rcv	96	static
af_packet.c:1257:13:packet_sock_destruct	32	static
af_packet.c:2897:12:packet_recvmsg	144	static
af_packet.c:3652:12:packet_ioctl	48	static
af_packet.c:3051:12:packet_getname_spkt	48	static
af_packet.c:3072:12:packet_getname	64	static
af_packet.c:439:14:tpacket_get_timestamp	32	static
af_packet.c:417:12:__packet_get_status	32	static
af_packet.c:488:14:packet_lookup_frame	48	static
af_packet.c:394:13:__packet_set_status	32	static
af_packet.c:3758:13:free_pg_vec	64	static
af_packet.c:3977:12:packet_mmap	112	static
af_packet.c:310:13:packet_pick_tx_queue	48	static
af_packet.c:240:12:packet_direct_xmit	48	static
af_packet.c:3494:12:packet_getsockopt	112	static
af_packet.c:2094:13:tpacket_destruct_skb	96	static
af_packet.c:1203:21:packet_read_pending.isra.36	64	static
af_packet.c:1023:13:prb_fill_curr_block	32	static
af_packet.c:3103:12:packet_dev_mc	16	static
af_packet.c:1532:13:packet_extra_vlan_len_allowed.isra.46	0	static
af_packet.c:1622:12:packet_sendmsg_spkt	160	static
af_packet.c:357:13:__unregister_prot_hook	48	static
af_packet.c:330:13:__register_prot_hook	32	static
af_packet.c:2672:12:packet_do_bind	96	static
af_packet.c:2769:12:packet_bind_spkt	64	static
af_packet.c:2790:12:packet_bind	16	static
af_packet.c:4191:19:packet_init	32	static
af_packet.c:790:13:prb_close_block	128	static
af_packet.c:3600:12:packet_notifier	64	static
af_packet.c:2818:12:packet_create	64	static
af_packet.c:1234:13:packet_rcv_has_room.isra.50.part.51	32	static
af_packet.c:1302:21:fanout_demux_rollover	96	static
af_packet.c:1335:12:packet_rcv_fanout	80	static
af_packet.c:3705:21:packet_poll	48	static
af_packet.c:841:13:prb_open_block	80	static
af_packet.c:916:14:prb_dispatch_next_block	32	static
af_packet.c:674:13:prb_retire_rx_blk_timer_expired	48	static
af_packet.c:3826:12:packet_set_ring	208	static
af_packet.c:2604:12:packet_release	112	static
af_packet.c:3245:1:packet_setsockopt	176	static
af_packet.c:1875:12:tpacket_rcv	176	static
af_packet.c:2587:12:packet_sendmsg	272	static
