irq-mt-eic.c:187:12:is_bulitin_eint_hw_deb	0	static
irq-mt-eic.c:374:21:mt_eint_get_mask	0	static
irq-mt-eic.c:747:12:mt_eint_get_sens	0	static
irq-mt-eic.c:844:12:mt_eint_get_status	0	static
irq-mt-eic.c:1675:25:pin_search	0	static
irq-mt-eic.c:1937:6:mt_eint_virq_soft_clr	0	static
irq-mt-eic.c:2236:21:mt_eint_get_debounce_cnt	64	static
irq-mt-eic.c:2302:6:mt_eint_print_status	80	static
irq-mt-eic.c:1006:13:eint_do_tasklet	16	static
irq-mt-eic.c:1192:16:per_eint_dump_store	64	static
irq-mt-eic.c:1954:19:mt_eint_init	144	static
irq-mt-eic.c:199:13:mt_eint_clr_deint_selection	0	static
irq-mt-eic.c:1729:14:mt_gpio_to_eint	16	static
irq-mt-eic.c:257:5:mt_eint_clr_deint	16	static
irq-mt-eic.c:1786:14:mt_gpio_to_irq	80	static
irq-mt-eic.c:1895:5:mt_eint_domain_xlate_onetwocell	48	static
irq-mt-eic.c:543:6:mt_eint_mask	0	static
irq-mt-eic.c:1813:13:mt_eint_irq_mask	16	static
irq-mt-eic.c:565:6:mt_eint_unmask	0	static
irq-mt-eic.c:1022:13:mt_eint_timer_event_handler	48	static
irq-mt-eic.c:1818:13:mt_eint_irq_unmask	16	static
irq-mt-eic.c:588:6:mt_eint_set_polarity	48	static
irq-mt-eic.c:635:5:mt_eint_get_polarity	0	static
irq-mt-eic.c:1173:16:per_eint_dump_show	96	static
irq-mt-eic.c:662:5:mt_eint_get_polarity_external	0	static
irq-mt-eic.c:693:6:mt_eint_revert_polarity	32	static
irq-mt-eic.c:711:14:mt_eint_set_sens	16	static
irq-mt-eic.c:303:5:mt_eint_set_deint	48	static
irq-mt-eic.c:773:14:mt_eint_ack	0	static
irq-mt-eic.c:1837:21:mt_eint_flip_edge.isra.10	48	static
irq-mt-eic.c:1257:20:mt_eint_demux	160	static
irq-mt-eic.c:1860:12:mt_eint_irq_set_type	48	static
irq-mt-eic.c:1823:13:mt_eint_irq_ack	16	static
irq-mt-eic.c:901:6:mt_eint_set_hw_debounce	112	static
irq-mt-eic.c:1664:5:mt_gpio_set_debounce	16	static
irq-mt-eic.c:1364:6:mt_eint_dis_debounce	0	static
irq-mt-eic.c:2287:6:mt_eint_dump_status	64	static
