x_tables.c:466:12:xt_check_entry_match	0	static
x_tables.c:533:5:xt_compat_calc_jump	0	static
x_tables.c:551:6:xt_compat_init_offsets	0	static
x_tables.c:558:5:xt_compat_match_offset	0	static
x_tables.c:629:5:xt_compat_check_entry_offsets	16	static
x_tables.c:709:5:xt_check_entry_offsets	16	static
x_tables.c:771:6:xt_find_jump_offset	0	static
x_tables.c:916:5:xt_compat_target_offset	0	static
x_tables.c:1629:23:xt_net_init	0	static
x_tables.c:1057:6:xt_compat_lock	16	static
x_tables.c:72:5:xt_register_target	48	static
x_tables.c:84:1:xt_unregister_target	48	static
x_tables.c:115:1:xt_unregister_targets	48	static
x_tables.c:95:1:xt_register_targets	64	static
x_tables.c:122:5:xt_register_match	48	static
x_tables.c:134:1:xt_unregister_match	48	static
x_tables.c:165:1:xt_unregister_matches	48	static
x_tables.c:145:1:xt_register_matches	64	static
x_tables.c:1050:6:xt_table_unlock	16	static
x_tables.c:1063:6:xt_compat_unlock	16	static
x_tables.c:1261:13:xt_table_seq_stop	16	static
x_tables.c:290:12:target_revfn	80	static
x_tables.c:270:12:match_revfn	80	static
x_tables.c:311:5:xt_find_revision	112	static
x_tables.c:180:18:xt_find_match	80	static
x_tables.c:226:19:xt_find_target	80	static
x_tables.c:1036:18:xt_find_table_lock	64	static
x_tables.c:383:5:xt_check_proc_name	32	static
x_tables.c:497:5:xt_compat_add_offset	48	static
x_tables.c:522:6:xt_compat_flush_offsets	32	static
x_tables.c:565:6:xt_compat_match_from_user	128	static
x_tables.c:923:6:xt_compat_target_from_user	128	static
x_tables.c:595:5:xt_compat_match_to_user	112	static
x_tables.c:953:5:xt_compat_target_to_user	112	static
x_tables.c:748:15:xt_alloc_entry_offsets	32	static
x_tables.c:862:7:xt_copy_counters_from_user	112	static
x_tables.c:1016:6:xt_free_table_info	48	static
x_tables.c:982:23:xt_alloc_table_info	80	static
x_tables.c:1223:7:xt_unregister_table	48	static
x_tables.c:1112:1:xt_replace_table	112	static
x_tables.c:1174:18:xt_register_table	112	static
x_tables.c:1511:21:xt_hook_link	80	static
x_tables.c:1550:6:xt_hook_unlink	32	static
x_tables.c:1557:5:xt_proto_init	128	static
x_tables.c:1609:6:xt_proto_fini	96	static
x_tables.c:1478:12:xt_target_open	32	static
x_tables.c:1425:12:xt_match_open	32	static
x_tables.c:1454:12:xt_target_seq_show	16	static
x_tables.c:1401:12:xt_match_seq_show	16	static
x_tables.c:1252:14:xt_table_seq_next	16	static
x_tables.c:1242:14:xt_table_seq_start	48	static
x_tables.c:1670:20:xt_fini	16	static
x_tables.c:1642:19:xt_init	64	static
x_tables.c:1324:14:xt_mttg_seq_next.isra.6	48	static
x_tables.c:1449:14:xt_target_seq_next	16	static
x_tables.c:1444:14:xt_target_seq_start	48	static
x_tables.c:1396:14:xt_match_seq_next	16	static
x_tables.c:1377:13:xt_mttg_seq_stop	16	static
x_tables.c:208:1:xt_request_find_match	48	static
x_tables.c:253:19:xt_request_find_target	48	static
x_tables.c:1269:12:xt_table_seq_show	16	static
x_tables.c:1286:12:xt_table_open	48	static
x_tables.c:337:1:textify_hooks.constprop	96	static
x_tables.c:791:5:xt_check_target	224	static
x_tables.c:400:5:xt_check_match	224	static
x_tables.c:1391:14:xt_match_seq_start	48	static
