xt_hashlimit.c:285:13:select_all	0	static
xt_hashlimit.c:291:13:select_gc	0	static
xt_hashlimit.c:428:12:user2credits	0	static
xt_hashlimit.c:445:13:rateinfo_recalc	0	static
xt_hashlimit.c:960:20:hashlimit_mt_exit	32	static
xt_hashlimit.c:766:14:dl_seq_next	16	static
xt_hashlimit.c:202:13:dsthash_free_rcu	16	static
xt_hashlimit.c:779:13:dl_seq_stop	32	static
xt_hashlimit.c:297:13:htable_selective_cleanup	80	static
xt_hashlimit.c:493:13:hashlimit_ipv6_mask	0	static
xt_hashlimit.c:831:12:dl_seq_show	112	static
xt_hashlimit.c:748:14:dl_seq_start	32	static
xt_hashlimit.c:663:12:hashlimit_mt_check	96	static
xt_hashlimit.c:317:13:htable_gc	48	static
xt_hashlimit.c:127:1:hash_dst.isra.4	0	static
xt_hashlimit.c:142:1:dsthash_find	32	static
xt_hashlimit.c:606:1:hashlimit_mt	160	static
xt_hashlimit.c:329:13:htable_remove_proc_entry	48	static
xt_hashlimit.c:888:24:hashlimit_proc_net_exit	48	static
xt_hashlimit.c:918:24:hashlimit_net_exit	16	static
xt_hashlimit.c:715:13:hashlimit_mt_destroy	32	static
xt_hashlimit.c:910:23:hashlimit_net_init	48	static
xt_hashlimit.c:852:12:dl_proc_open	48	static
xt_hashlimit.c:930:19:hashlimit_mt_init	48	static
