nf_conntrack_netlink.c:3240:20:ctnetlink_exit	32	static
nf_conntrack_netlink.c:1152:12:ctnetlink_done_list	16	static
nf_conntrack_netlink.c:216:1:dump_counters	112	static
nf_conntrack_netlink.c:249:1:ctnetlink_dump_acct	48	static
nf_conntrack_netlink.c:393:1:dump_ct_seq_adj	96	static
nf_conntrack_netlink.c:1907:1:ctnetlink_ct_stat_cpu_dump	176	static
nf_conntrack_netlink.c:3056:1:ctnetlink_exp_stat_cpu_dump	144	static
nf_conntrack_netlink.c:112:1:ctnetlink_dump_tuples	112	static
nf_conntrack_netlink.c:460:1:ctnetlink_fill_info	144	static
nf_conntrack_netlink.c:1160:1:ctnetlink_dump_list	144	static
nf_conntrack_netlink.c:1248:1:ctnetlink_dump_unconfirmed	16	static
nf_conntrack_netlink.c:1226:1:ctnetlink_dump_dying	16	static
nf_conntrack_netlink.c:1232:1:ctnetlink_get_ct_dying	96	static
nf_conntrack_netlink.c:1254:1:ctnetlink_get_ct_unconfirmed	96	static
nf_conntrack_netlink.c:1506:1:ctnetlink_change_seq_adj	112	static
nf_conntrack_netlink.c:909:1:ctnetlink_parse_tuple	208	static
nf_conntrack_netlink.c:1012:1:ctnetlink_del_conntrack	112	static
nf_conntrack_netlink.c:2574:12:ctnetlink_dump_exp_ct	176	static
nf_conntrack_netlink.c:746:12:ctnetlink_done	32	static
nf_conntrack_netlink.c:762:1:ctnetlink_dump_table	112	static
nf_conntrack_netlink.c:1067:1:ctnetlink_get_conntrack	192	static
nf_conntrack_netlink.c:2476:12:ctnetlink_exp_done	16	static
nf_conntrack_netlink.c:2695:1:ctnetlink_del_expect	144	static
nf_conntrack_netlink.c:2318:1:ctnetlink_exp_dump_expect	240	static
nf_conntrack_netlink.c:2837:1:ctnetlink_alloc_expect	176	static
nf_conntrack_netlink.c:3191:24:ctnetlink_net_exit_batch	48	static
nf_conntrack_netlink.c:612:1:ctnetlink_conntrack_event	160	static
nf_conntrack_netlink.c:2420:1:ctnetlink_expect_event	80	static
nf_conntrack_netlink.c:3156:23:ctnetlink_net_init	48	static
nf_conntrack_netlink.c:3204:19:ctnetlink_init	48	static
nf_conntrack_netlink.c:1317:1:ctnetlink_change_status.isra.23	0	static
nf_conntrack_netlink.c:1562:1:ctnetlink_change_conntrack	128	static
nf_conntrack_netlink.c:1934:1:ctnetlink_stat_ct_cpu	96	static
nf_conntrack_netlink.c:3082:1:ctnetlink_stat_exp_cpu	96	static
nf_conntrack_netlink.c:1271:1:ctnetlink_parse_nat_setup	32	static
nf_conntrack_netlink.c:2910:1:ctnetlink_create_expect.constprop	208	static
nf_conntrack_netlink.c:2975:1:ctnetlink_new_expect	144	static
nf_conntrack_netlink.c:2389:1:ctnetlink_exp_fill_info.constprop	48	static
nf_conntrack_netlink.c:2529:1:ctnetlink_exp_ct_dump_table	80	static
nf_conntrack_netlink.c:2484:1:ctnetlink_exp_dump_table	80	static
nf_conntrack_netlink.c:2615:1:ctnetlink_get_expect	176	static
nf_conntrack_netlink.c:1616:1:ctnetlink_create_conntrack.constprop	128	static
nf_conntrack_netlink.c:1767:1:ctnetlink_new_conntrack	192	static
nf_conntrack_netlink.c:1980:1:ctnetlink_stat_ct	96	static
