keyctl.c:996:12:keyctl_change_reqkey_auth	32	static
keyctl.c:959:13:get_instantiation_keyring.isra.9	32	static
keyctl.c:31:12:key_get_type_from_user.constprop	32	static
keyctl.c:60:1:SyS_add_key	128	static
keyctl.c:164:1:SyS_request_key	128	static
keyctl.c:255:6:keyctl_get_keyring_ID	32	static
keyctl.c:285:6:keyctl_join_session_keyring	32	static
keyctl.c:322:6:keyctl_update_key	64	static
keyctl.c:374:6:keyctl_revoke_key	32	static
keyctl.c:408:6:keyctl_invalidate_key	48	static
keyctl.c:450:6:keyctl_keyring_clear	48	static
keyctl.c:492:6:keyctl_keyring_link	48	static
keyctl.c:527:6:keyctl_keyring_unlink	48	static
keyctl.c:566:6:keyctl_describe_key	64	static
keyctl.c:638:6:keyctl_keyring_search	144	static
keyctl.c:732:6:keyctl_read_key	64	static
keyctl.c:803:6:keyctl_chown_key	80	static
keyctl.c:920:6:keyctl_setperm_key	48	static
keyctl.c:1034:6:keyctl_instantiate_key_common	144	static
keyctl.c:1119:6:keyctl_instantiate_key	64	static
keyctl.c:1145:6:keyctl_instantiate_key_iov	208	static
keyctl.c:1211:6:keyctl_reject_key	96	static
keyctl.c:1191:6:keyctl_negate_key	16	static
keyctl.c:1269:6:keyctl_set_reqkey_keyring	48	static
keyctl.c:1331:6:keyctl_set_timeout	48	static
keyctl.c:1385:6:keyctl_assume_authority	32	static
keyctl.c:1432:6:keyctl_get_security	80	static
keyctl.c:1496:6:keyctl_session_to_parent	64	static
keyctl.c:1590:1:SyS_keyctl	16	static
