cpufreq.c:103:6:have_governor_per_policy	0	static
cpufreq.c:109:6:cpufreq_driver_is_slow	0	static
cpufreq.c:115:17:get_governor_parent_kobj	32	static
cpufreq.c:1787:13:cpufreq_get_current_driver	0	static
cpufreq.c:1802:7:cpufreq_get_driver_data	0	static
cpufreq.c:2513:5:cpufreq_boost_enabled	0	static
cpufreq.c:83:19:init_cpufreq_transition_notifier_list	32	static
cpufreq.c:166:5:cpufreq_generic_init	48	static
cpufreq.c:190:14:cpufreq_generic_get	16	static
cpufreq.c:2504:5:cpufreq_boost_supported	0	static
cpufreq.c:643:16:show_scaling_driver	16	static
cpufreq.c:673:9:cpufreq_show_cpus	96	static
cpufreq.c:694:16:show_related_cpus	16	static
cpufreq.c:702:16:show_affected_cpus	16	static
cpufreq.c:725:16:show_scaling_setspeed	16	static
cpufreq.c:651:16:show_scaling_available_governors	64	static
cpufreq.c:781:16:show	64	static
cpufreq.c:1828:5:cpufreq_register_notifier	48	static
cpufreq.c:1864:5:cpufreq_unregister_notifier	16	static
cpufreq.c:457:33:__find_governor	48	static
cpufreq.c:2133:5:cpufreq_register_governor	48	static
cpufreq.c:1113:12:update_policy_cpu	48	static
cpufreq.c:736:16:show_bios_limit	64	static
cpufreq.c:536:1:show_scaling_max_freq	16	static
cpufreq.c:535:1:show_scaling_min_freq	16	static
cpufreq.c:534:1:show_cpuinfo_transition_latency	16	static
cpufreq.c:533:1:show_cpuinfo_max_freq	16	static
cpufreq.c:532:1:show_cpuinfo_min_freq	16	static
cpufreq.c:429:16:show_boost	16	static
cpufreq.c:707:16:store_scaling_setspeed	64	static
cpufreq.c:803:16:store	64	static
cpufreq.c:834:13:cpufreq_sysfs_release	32	static
cpufreq.c:146:5:get_cpu_idle_time	64	static
cpufreq.c:210:24:cpufreq_cpu_get	64	static
cpufreq.c:240:6:cpufreq_cpu_put	16	static
cpufreq.c:1602:14:cpufreq_quick_get_max	32	static
cpufreq.c:2193:5:cpufreq_get_policy	32	static
cpufreq.c:1578:14:cpufreq_quick_get	32	static
cpufreq.c:595:16:show_scaling_governor	16	static
cpufreq.c:857:5:cpufreq_get_global_kobject	16	static
cpufreq.c:867:6:cpufreq_put_global_kobject	16	static
cpufreq.c:888:6:cpufreq_sysfs_remove_file	16	static
cpufreq.c:2626:5:cpufreq_unregister_driver	48	static
cpufreq.c:874:5:cpufreq_sysfs_create_file	32	static
cpufreq.c:2157:6:cpufreq_unregister_governor	64	static
cpufreq.c:2056:12:__cpufreq_governor	64	static
cpufreq.c:2455:12:cpufreq_boost_set_sw	48	static
cpufreq.c:2533:5:cpufreq_register_driver	64	static
cpufreq.c:2366:13:setup_cpu0_symlink	64	static
cpufreq.c:1373:12:__cpufreq_remove_dev_prepare.isra.18	80	static
cpufreq.c:1082:13:cpufreq_policy_put_kobj	48	static
cpufreq.c:1441:12:__cpufreq_remove_dev_finish.isra.20	64	static
cpufreq.c:1515:12:cpufreq_remove_dev	32	static
cpufreq.c:538:16:show_scaling_cur_freq	48	static
cpufreq.c:471:12:cpufreq_parse_governor	64	static
cpufreq.c:2653:19:cpufreq_core_init	32	static
cpufreq.c:96:6:disable_cpufreq	0	static
cpufreq.c:205:24:cpufreq_cpu_get_raw	0	static
cpufreq.c:291:13:arch_scale_set_curr_freq	0	static
cpufreq.c:356:13:cpufreq_notify_transition	128	static
cpufreq.c:376:6:cpufreq_freq_transition_begin	128	static
cpufreq.c:410:6:cpufreq_freq_transition_end	48	static
cpufreq.c:1550:13:cpufreq_out_of_sync	80	static
cpufreq.c:1616:21:__cpufreq_get	48	static
cpufreq.c:1645:14:cpufreq_get	48	static
cpufreq.c:583:16:show_cpuinfo_cur_freq	32	static
cpufreq.c:1973:5:__cpufreq_driver_target	128	static
cpufreq.c:1673:5:cpufreq_generic_suspend	32	static
cpufreq.c:2036:5:cpufreq_driver_target	48	static
cpufreq.c:293:13:arch_scale_set_max_freq	0	static
cpufreq.c:2214:12:cpufreq_set_policy	80	static
cpufreq.c:2317:5:cpufreq_update_policy	448	static
cpufreq.c:1531:13:handle_update	32	static
cpufreq.c:610:16:store_scaling_governor	448	static
cpufreq.c:578:1:store_scaling_max_freq	432	static
cpufreq.c:577:1:store_scaling_min_freq	432	static
cpufreq.c:965:13:cpufreq_init_policy	448	static
cpufreq.c:1148:12:__cpufreq_add_dev.isra.25	128	static
cpufreq.c:2411:12:cpufreq_cpu_callback	48	static
cpufreq.c:1368:12:cpufreq_add_dev	16	static
cpufreq.c:1703:6:cpufreq_suspend	0	static
cpufreq.c:1740:6:cpufreq_resume	0	static
cpufreq.c:2479:5:cpufreq_boost_trigger_state	64	static
cpufreq.c:435:16:store_boost	48	static
