cpufreq_conservativex.c:125:1:dbs_cpufreq_notifier	0	static
cpufreq_conservativex.c:605:20:cpufreq_gov_dbs_exit	16	static
cpufreq_conservativex.c:270:16:store_freq_step	64	static
cpufreq_conservativex.c:222:16:store_down_threshold	64	static
cpufreq_conservativex.c:207:16:store_up_threshold	64	static
cpufreq_conservativex.c:178:16:store_sampling_down_factor	64	static
cpufreq_conservativex.c:193:16:store_sampling_rate	64	static
cpufreq_conservativex.c:176:1:show_freq_step	16	static
cpufreq_conservativex.c:175:1:show_ignore_nice_load	16	static
cpufreq_conservativex.c:174:1:show_down_threshold	16	static
cpufreq_conservativex.c:173:1:show_up_threshold	16	static
cpufreq_conservativex.c:172:1:show_sampling_down_factor	16	static
cpufreq_conservativex.c:171:1:show_sampling_rate	16	static
cpufreq_conservativex.c:156:16:show_sampling_rate_min	16	static
cpufreq_conservativex.c:434:13:do_dbs_timer	160	static
cpufreq_conservativex.c:470:12:cpufreq_governor_dbs	112	static
cpufreq_conservativex.c:594:19:cpufreq_gov_dbs_init	16	static
cpufreq_conservativex.c:238:16:store_ignore_nice_load	112	static
