cpufreq_zzmoove.c:2630:12:dbs_cpufreq_notifier	0	static
cpufreq_zzmoove.c:6378:16:store_profile_sticky_mode	64	static
cpufreq_zzmoove.c:3086:16:store_disable_sleep_mode	64	static
cpufreq_zzmoove.c:6423:16:store_auto_adjust_freq_thresholds	64	static
cpufreq_zzmoove.c:5335:16:store_music_min_freq	64	static
cpufreq_zzmoove.c:5278:16:store_music_max_freq	80	static
cpufreq_zzmoove.c:4951:16:store_scaling_proportional	64	static
cpufreq_zzmoove.c:4541:16:store_scaling_responsiveness_up_threshold	64	static
cpufreq_zzmoove.c:4488:16:store_scaling_responsiveness_freq	64	static
cpufreq_zzmoove.c:4924:16:store_scaling_fastdown_down_threshold	64	static
cpufreq_zzmoove.c:4898:16:store_scaling_fastdown_up_threshold	64	static
cpufreq_zzmoove.c:4845:16:store_scaling_fastdown_freq	64	static
cpufreq_zzmoove.c:4819:16:store_scaling_block_force_down	64	static
cpufreq_zzmoove.c:4766:16:store_scaling_block_freq	64	static
cpufreq_zzmoove.c:4656:16:store_scaling_up_block_freq	48	static
cpufreq_zzmoove.c:4626:16:store_scaling_up_block_cycles	48	static
cpufreq_zzmoove.c:4596:16:store_scaling_block_cycles	64	static
cpufreq_zzmoove.c:4569:16:store_scaling_block_threshold	64	static
cpufreq_zzmoove.c:4042:16:store_early_demand_sleep	64	static
cpufreq_zzmoove.c:4013:16:store_early_demand	64	static
cpufreq_zzmoove.c:3985:16:store_grad_up_threshold_sleep	64	static
cpufreq_zzmoove.c:3957:16:store_grad_up_threshold	64	static
cpufreq_zzmoove.c:3929:1:store_afs_threshold4	64	static
cpufreq_zzmoove.c:3928:1:store_afs_threshold3	64	static
cpufreq_zzmoove.c:3927:1:store_afs_threshold2	64	static
cpufreq_zzmoove.c:3926:1:store_afs_threshold1	64	static
cpufreq_zzmoove.c:3873:16:store_fast_scaling_sleep_down	64	static
cpufreq_zzmoove.c:3843:16:store_fast_scaling_sleep_up	64	static
cpufreq_zzmoove.c:3809:16:store_fast_scaling_down	80	static
cpufreq_zzmoove.c:3776:16:store_fast_scaling_up	80	static
cpufreq_zzmoove.c:3723:16:store_freq_limit_sleep	80	static
cpufreq_zzmoove.c:3647:16:store_freq_limit	80	static
cpufreq_zzmoove.c:3584:16:store_smooth_up_sleep	64	static
cpufreq_zzmoove.c:3555:16:store_smooth_up	64	static
cpufreq_zzmoove.c:3469:16:store_down_threshold_sleep	64	static
cpufreq_zzmoove.c:3157:16:store_up_threshold_sleep	64	static
cpufreq_zzmoove.c:3434:16:store_down_threshold	64	static
cpufreq_zzmoove.c:3128:16:store_up_threshold	64	static
cpufreq_zzmoove.c:3101:16:store_sampling_rate_sleep_multiplier	64	static
cpufreq_zzmoove.c:3054:16:store_sampling_rate_idle_delay	64	static
cpufreq_zzmoove.c:2996:16:store_sampling_rate_idle	64	static
cpufreq_zzmoove.c:3027:16:store_sampling_rate_idle_threshold	64	static
cpufreq_zzmoove.c:2965:16:store_sampling_rate	64	static
cpufreq_zzmoove.c:2677:1:show_auto_adjust_freq_thresholds	16	static
cpufreq_zzmoove.c:2674:1:show_profile_sticky_mode	16	static
cpufreq_zzmoove.c:2673:1:show_profile_number	16	static
cpufreq_zzmoove.c:2843:16:show_profile	16	static
cpufreq_zzmoove.c:6865:16:show_profile_list	592	static
cpufreq_zzmoove.c:6857:16:show_version_profiles	16	static
cpufreq_zzmoove.c:6848:16:show_version	16	static
cpufreq_zzmoove.c:2838:1:show_music_state	16	static
cpufreq_zzmoove.c:2834:1:show_music_min_freq	16	static
cpufreq_zzmoove.c:2833:1:show_music_max_freq	16	static
cpufreq_zzmoove.c:2820:1:show_scaling_proportional	16	static
cpufreq_zzmoove.c:2819:1:show_scaling_responsiveness_up_threshold	16	static
cpufreq_zzmoove.c:2818:1:show_scaling_responsiveness_freq	16	static
cpufreq_zzmoove.c:2817:1:show_scaling_fastdown_down_threshold	16	static
cpufreq_zzmoove.c:2816:1:show_scaling_fastdown_up_threshold	16	static
cpufreq_zzmoove.c:2815:1:show_scaling_fastdown_freq	16	static
cpufreq_zzmoove.c:2814:1:show_scaling_block_force_down	16	static
cpufreq_zzmoove.c:2813:1:show_scaling_block_freq	16	static
cpufreq_zzmoove.c:2806:1:show_scaling_up_block_freq	16	static
cpufreq_zzmoove.c:2805:1:show_scaling_up_block_cycles	16	static
cpufreq_zzmoove.c:2804:1:show_scaling_block_cycles	16	static
cpufreq_zzmoove.c:2803:1:show_scaling_block_threshold	16	static
cpufreq_zzmoove.c:2785:1:show_early_demand_sleep	16	static
cpufreq_zzmoove.c:2783:1:show_early_demand	16	static
cpufreq_zzmoove.c:2781:1:show_grad_up_threshold_sleep	16	static
cpufreq_zzmoove.c:2779:1:show_grad_up_threshold	16	static
cpufreq_zzmoove.c:2778:1:show_afs_threshold4	16	static
cpufreq_zzmoove.c:2777:1:show_afs_threshold3	16	static
cpufreq_zzmoove.c:2776:1:show_afs_threshold2	16	static
cpufreq_zzmoove.c:2775:1:show_afs_threshold1	16	static
cpufreq_zzmoove.c:2773:1:show_fast_scaling_sleep_down	16	static
cpufreq_zzmoove.c:2772:1:show_fast_scaling_sleep_up	16	static
cpufreq_zzmoove.c:2770:1:show_fast_scaling_down	16	static
cpufreq_zzmoove.c:2769:1:show_fast_scaling_up	16	static
cpufreq_zzmoove.c:2767:1:show_freq_limit_sleep	16	static
cpufreq_zzmoove.c:2765:1:show_freq_limit	16	static
cpufreq_zzmoove.c:2760:1:show_smooth_up_sleep	16	static
cpufreq_zzmoove.c:2758:1:show_smooth_up	16	static
cpufreq_zzmoove.c:2757:1:show_ignore_nice_load	16	static
cpufreq_zzmoove.c:2726:1:show_down_threshold_sleep	16	static
cpufreq_zzmoove.c:2693:1:show_up_threshold_sleep	16	static
cpufreq_zzmoove.c:2724:1:show_down_threshold	16	static
cpufreq_zzmoove.c:2691:1:show_up_threshold	16	static
cpufreq_zzmoove.c:2690:1:show_sampling_down_momentum_sensitivity	16	static
cpufreq_zzmoove.c:2689:1:show_sampling_down_max_momentum	16	static
cpufreq_zzmoove.c:2688:1:show_sampling_down_factor	16	static
cpufreq_zzmoove.c:2686:1:show_sampling_rate_sleep_multiplier	16	static
cpufreq_zzmoove.c:2685:1:show_disable_sleep_mode	16	static
cpufreq_zzmoove.c:2683:1:show_sampling_rate_idle_delay	16	static
cpufreq_zzmoove.c:2682:1:show_sampling_rate_idle	16	static
cpufreq_zzmoove.c:2681:1:show_sampling_rate_idle_threshold	16	static
cpufreq_zzmoove.c:2680:1:show_sampling_rate_current	16	static
cpufreq_zzmoove.c:2679:1:show_sampling_rate	16	static
cpufreq_zzmoove.c:2658:16:show_sampling_rate_min	16	static
cpufreq_zzmoove.c:6393:16:store_profile_number	160	static
cpufreq_zzmoove.c:2850:16:store_sampling_down_max_momentum	96	static
cpufreq_zzmoove.c:9127:20:cpufreq_gov_dbs_exit	16	static
cpufreq_zzmoove.c:9082:19:cpufreq_gov_dbs_init	48	static
cpufreq_zzmoove.c:8494:23:powersave_suspend	48	static
cpufreq_zzmoove.c:8686:23:powersave_resume	48	static
cpufreq_zzmoove.c:5415:16:store_music_state	64	static
cpufreq_zzmoove.c:3503:16:store_ignore_nice_load	112	static
cpufreq_zzmoove.c:2892:16:store_sampling_down_momentum_sensitivity	80	static
cpufreq_zzmoove.c:2932:16:store_sampling_down_factor	80	static
cpufreq_zzmoove.c:7248:13:dbs_check_cpu	144	static
cpufreq_zzmoove.c:8787:12:cpufreq_governor_dbs	160	static
cpufreq_zzmoove.c:8400:13:do_dbs_timer	64	static
