posix-timers.c:155:25:__posix_timers_find	0	static
posix-timers.c:581:24:clockid_to_kclock	0	static
posix-timers.c:257:12:posix_get_coarse_res	32	static
posix-timers.c:263:12:posix_get_boottime	32	static
posix-timers.c:269:12:posix_get_tai	32	static
posix-timers.c:250:12:posix_get_monotonic_coarse	32	static
posix-timers.c:244:12:posix_get_realtime_coarse	32	static
posix-timers.c:237:12:posix_get_monotonic_raw	16	static
posix-timers.c:734:1:common_timer_get	64	static
posix-timers.c:922:12:common_timer_del	16	static
posix-timers.c:592:12:common_timer_create	16	static
posix-timers.c:829:1:common_timer_set	64	static
posix-timers.c:1086:12:common_nsleep	16	static
posix-timers.c:228:12:posix_ktime_get_ts	16	static
posix-timers.c:219:12:posix_clock_realtime_adj	16	static
posix-timers.c:206:12:posix_clock_realtime_get	16	static
posix-timers.c:213:12:posix_clock_realtime_set	16	static
posix-timers.c:399:5:posix_timer_event	32	static
posix-timers.c:435:29:posix_timer_fn	64	static
posix-timers.c:521:6:posix_timers_register_clock	16	static
posix-timers.c:278:19:init_posix_timers	656	static
posix-timers.c:559:13:k_itimer_rcu_free	16	static
posix-timers.c:568:13:release_posix_timer	32	static
posix-timers.c:691:25:__lock_timer	64	static
posix-timers.c:379:6:do_schedule_next_timer	64	static
posix-timers.c:600:1:SyS_timer_create	208	static
posix-timers.c:774:1:SyS_timer_gettime	112	static
posix-timers.c:810:1:SyS_timer_getoverrun	48	static
posix-timers.c:878:1:SyS_timer_settime	176	static
posix-timers.c:941:1:SyS_timer_delete	64	static
posix-timers.c:999:6:exit_itimers	80	static
posix-timers.c:1009:1:SyS_clock_settime	96	static
posix-timers.c:1024:1:SyS_clock_gettime	80	static
posix-timers.c:1042:1:SyS_clock_adjtime	288	static
posix-timers.c:1065:1:SyS_clock_getres	80	static
posix-timers.c:1094:1:SyS_clock_nanosleep	112	static
posix-timers.c:1119:6:clock_nanosleep_restart	32	static
