timekeeping.h:115:23:ktime_get_real	16	static
timekeeping.h:126:23:ktime_get_boottime	16	static
timekeeping.h:134:23:ktime_get_clocktai	16	static
hrtimer.c:295:9:ktime_add_safe	0	static
hrtimer.c:1509:6:hrtimer_init_sleeper	0	static
hrtimer.c:494:1:hrtimer_force_reprogram	16	static
hrtimer.c:636:13:retrigger_next_event	32	static
hrtimer.c:796:5:hrtimer_forward	64	static
hrtimer.c:863:13:__remove_hrtimer	64	static
hrtimer.c:836:12:enqueue_hrtimer	48	static
hrtimer.c:1180:6:hrtimer_init	48	static
hrtimer.c:1196:5:hrtimer_get_res	32	static
hrtimer.c:1208:13:__run_hrtimer	64	static
hrtimer.c:1496:29:hrtimer_wakeup	16	static
hrtimer.c:1539:12:update_rmtp	80	static
hrtimer.c:459:19:setup_hrtimer_hres	32	static
hrtimer.c:154:28:lock_hrtimer_base.isra.22	48	static
hrtimer.c:1048:5:hrtimer_try_to_cancel	64	static
hrtimer.c:1074:5:hrtimer_cancel	32	static
hrtimer.c:1090:9:hrtimer_get_remaining	64	static
hrtimer.c:925:5:__hrtimer_start_range_ns	144	static
hrtimer.c:1012:5:hrtimer_start_range_ns	16	static
hrtimer.c:1516:20:do_nanosleep	64	static
hrtimer.c:1555:14:hrtimer_nanosleep_restart	112	static
hrtimer.c:1031:1:hrtimer_start	16	static
hrtimer.c:691:6:clock_was_set_delayed	16	static
hrtimer.c:724:6:clock_was_set	16	static
hrtimer.c:680:13:clock_was_set_work	16	static
hrtimer.c:739:6:hrtimers_resume	32	static
hrtimer.c:1110:9:hrtimer_get_next_event	80	static
hrtimer.c:1260:6:hrtimer_interrupt	144	static
hrtimer.c:1389:13:__hrtimer_peek_ahead_timers	16	static
hrtimer.c:1723:12:hrtimer_cpu_notify	128	static
hrtimer.c:1410:6:hrtimer_peek_ahead_timers	32	static
hrtimer.c:1419:13:run_hrtimer_softirq	16	static
hrtimer.c:1437:6:hrtimer_run_pending	64	static
hrtimer.c:1457:6:hrtimer_run_queues	80	static
hrtimer.c:1582:6:hrtimer_nanosleep	144	static
hrtimer.c:1623:1:SyS_nanosleep	80	static
hrtimer.c:1760:13:hrtimers_init	32	static
hrtimer.c:1778:1:schedule_hrtimeout_range_clock	128	static
hrtimer.c:1848:13:schedule_hrtimeout_range	16	static
hrtimer.c:1878:13:schedule_hrtimeout	16	static
