clocksource.c:638:13:clocksource_enqueue	0	static
clocksource.c:549:13:__clocksource_select	96	static
clocksource.c:620:19:clocksource_done_booting	32	static
clocksource.c:780:12:clocksource_unbind	32	static
clocksource.c:804:5:clocksource_unregister	48	static
clocksource.c:925:1:sysfs_show_available_clocksources	64	static
clocksource.c:826:1:sysfs_show_current_clocksources	48	static
clocksource.c:1003:19:boot_override_clocksource	48	static
clocksource.c:973:19:init_clocksource_sysfs	32	static
clocksource.c:1021:19:boot_override_clock	32	static
clocksource.c:768:6:clocksource_change_rating	48	static
clocksource.c:61:1:clocks_calc_mult_shift	0	static
clocksource.c:408:6:clocksource_mark_unstable	0	static
clocksource.c:415:6:clocksource_suspend	32	static
clocksource.c:427:6:clocksource_resume	32	static
clocksource.c:445:6:clocksource_touch_watchdog	0	static
clocksource.c:473:5:clocks_calc_max_nsecs	0	static
clocksource.c:661:6:__clocksource_updatefreq_scale	32	static
clocksource.c:713:5:__clocksource_register_scale	32	static
clocksource.c:736:5:clocksource_register	32	static
clocksource.c:838:9:sysfs_get_uname	32	static
clocksource.c:891:16:sysfs_unbind_clocksource	112	static
clocksource.c:865:16:sysfs_override_clocksource	48	static
