netdevice.h:2306:19:dev_rebuild_header	16	static
vlan_dev.c:178:12:vlan_dev_change_mtu	0	static
vlan_dev.c:413:12:vlan_dev_neigh_setup	16	static
vlan_dev.c:541:12:vlan_dev_get_lock_subclass	0	static
vlan_dev.c:552:12:vlan_passthru_hard_header	16	static
vlan_dev.c:654:26:vlan_dev_fix_features	0	static
vlan_dev.c:386:12:vlan_dev_ioctl	112	static
vlan_dev.c:678:13:vlan_ethtool_get_drvinfo	32	static
vlan_dev.c:670:12:vlan_ethtool_get_settings	16	static
vlan_dev.c:802:13:vlan_dev_free	32	static
vlan_dev.c:686:34:vlan_dev_get_stats64	80	static
vlan_dev.c:360:12:vlan_dev_set_mac_address	48	static
vlan_dev.c:510:13:vlan_dev_set_rx_mode	32	static
vlan_dev.c:498:13:vlan_dev_change_rx_flags	48	static
vlan_dev.c:135:20:vlan_dev_hard_start_xmit	32	static
vlan_dev.c:341:12:vlan_dev_stop	32	static
vlan_dev.c:640:13:vlan_dev_uninit	32	static
vlan_dev.c:578:12:vlan_dev_init	48	static
vlan_dev.c:48:12:vlan_dev_rebuild_header	32	static
vlan_dev.c:80:12:vlan_dev_hard_header	96	static
vlan_dev.c:191:6:vlan_dev_set_ingress_priority	0	static
vlan_dev.c:204:5:vlan_dev_set_egress_priority	64	static
vlan_dev.c:247:5:vlan_dev_change_flags	0	static
vlan_dev.c:274:6:vlan_dev_get_realdev_name	16	static
vlan_dev.c:279:6:vlan_dev_inherit_address	16	static
vlan_dev.c:290:12:vlan_dev_open	48	static
vlan_dev.c:811:6:vlan_setup	32	static
