rawmidi.c:66:28:snd_rawmidi_search	0	static
rawmidi.c:102:13:snd_rawmidi_input_event_work	16	static
rawmidi.c:228:12:assign_substream	0	static
rawmidi.c:1647:13:snd_rawmidi_dev_seq_free	0	static
rawmidi.c:1783:6:snd_rawmidi_set_ops	0	static
rawmidi.c:163:5:snd_rawmidi_drop_output	32	static
rawmidi.c:178:5:snd_rawmidi_drain_output	112	static
rawmidi.c:1609:13:snd_rawmidi_free_substreams	32	static
rawmidi.c:558:12:snd_rawmidi_info	48	static
rawmidi.c:617:5:snd_rawmidi_info_select	48	static
rawmidi.c:646:5:snd_rawmidi_output_params	64	static
rawmidi.c:1103:5:__snd_rawmidi_transmit_peek	64	static
rawmidi.c:1157:5:snd_rawmidi_transmit_peek	64	static
rawmidi.c:902:5:snd_rawmidi_receive	96	static
rawmidi.c:628:12:snd_rawmidi_info_select_user	336	static
rawmidi.c:847:12:snd_rawmidi_control_ioctl	48	static
rawmidi.c:581:12:snd_rawmidi_info_user	320	static
rawmidi.c:1256:13:snd_rawmidi_kernel_write1	112	static
rawmidi.c:1322:6:snd_rawmidi_kernel_write	16	static
rawmidi.c:1620:12:snd_rawmidi_free	32	static
rawmidi.c:1640:12:snd_rawmidi_dev_free	16	static
rawmidi.c:1739:12:snd_rawmidi_dev_disconnect	64	static
rawmidi.c:1439:13:snd_rawmidi_proc_info_read	80	static
rawmidi.c:1329:16:snd_rawmidi_write	176	static
rawmidi.c:1654:12:snd_rawmidi_dev_register	112	static
rawmidi.c:1822:20:alsa_rawmidi_exit	32	static
rawmidi.c:1797:19:alsa_rawmidi_init	80	static
rawmidi.c:154:13:snd_rawmidi_input_trigger	32	static
rawmidi.c:210:5:snd_rawmidi_drain_input	32	static
rawmidi.c:680:5:snd_rawmidi_input_params	64	static
rawmidi.c:1399:21:snd_rawmidi_poll	48	static
rawmidi.c:260:12:open_substream	64	static
rawmidi.c:738:13:snd_rawmidi_ioctl	112	static
rawmidi.c:1077:5:snd_rawmidi_transmit_empty	32	static
rawmidi.c:1178:5:__snd_rawmidi_transmit_ack	32	static
rawmidi.c:1211:5:snd_rawmidi_transmit_ack	64	static
rawmidi.c:1234:5:snd_rawmidi_transmit	64	static
rawmidi.c:966:13:snd_rawmidi_kernel_read1.isra.10	112	static
rawmidi.c:1011:6:snd_rawmidi_kernel_read	48	static
rawmidi.c:1019:16:snd_rawmidi_read	160	static
rawmidi.c:1517:12:snd_rawmidi_alloc_substreams	80	static
rawmidi.c:1555:5:snd_rawmidi_new	80	static
rawmidi.c:475:13:close_substream.part.11	64	static
rawmidi.c:290:12:rawmidi_open_priv	96	static
rawmidi.c:333:5:snd_rawmidi_kernel_open	80	static
rawmidi.c:363:12:snd_rawmidi_open	192	static
rawmidi.c:508:13:rawmidi_release_priv	48	static
rawmidi.c:528:5:snd_rawmidi_kernel_release	32	static
rawmidi.c:542:12:snd_rawmidi_release	48	static
rawmidi_compat.c:157:13:snd_rawmidi_ioctl_compat	112	static
