pcm_oss.c:658:25:snd_pcm_oss_format_from	0	static
pcm_oss.c:2071:12:snd_pcm_oss_get_caps	0	static
pcm_oss.c:1206:12:snd_pcm_oss_capture_position_fixup	64	static
pcm_oss.c:1145:12:snd_pcm_oss_prepare	48	static
pcm_oss.c:3243:20:alsa_pcm_oss_exit	16	static
pcm_oss.c:837:12:lock_params	32	static
pcm_oss.c:3220:19:alsa_pcm_oss_init	80	static
pcm_oss.c:222:12:_snd_pcm_hw_param_min	0	static
pcm_oss.c:2426:12:snd_pcm_oss_release_file	32	static
pcm_oss.c:2359:13:snd_pcm_oss_look_for_setup	64	static
pcm_oss.c:2973:13:snd_pcm_oss_proc_read	96	static
pcm_oss.c:176:1:snd_pcm_hw_param_value_max	0	static
pcm_oss.c:326:12:snd_pcm_hw_param_max	48	static
pcm_oss.c:610:13:snd_pcm_oss_bytes.isra.8	0	static
pcm_oss.c:2995:13:snd_pcm_oss_proc_free_setup_list.isra.15	48	static
pcm_oss.c:3008:13:snd_pcm_oss_proc_write	368	static
pcm_oss.c:3183:12:snd_pcm_oss_disconnect_minor	32	static
pcm_oss.c:3206:12:snd_pcm_oss_unregister_minor	32	static
pcm_oss.c:3142:13:register_oss_dsp	32	static
pcm_oss.c:3152:12:snd_pcm_oss_register_minor	224	static
pcm_oss.c:564:12:snd_pcm_oss_plugin_clear.isra.18	32	static
pcm_oss.c:2379:13:snd_pcm_oss_release_substream	32	static
pcm_oss.c:2510:12:snd_pcm_oss_open.part.19	304	static
pcm_oss.c:2510:12:snd_pcm_oss_open	32	static
pcm_oss.c:206:12:snd_pcm_hw_param_mask.constprop	96	static
pcm_oss.c:471:12:_snd_pcm_hw_param_set.constprop	80	static
pcm_oss.c:400:12:snd_pcm_hw_param_near.constprop	112	static
pcm_oss.c:594:5:snd_pcm_plugin_append	0	static
pcm_oss.c:854:12:snd_pcm_oss_change_params_locked	208	static
pcm_oss.c:1100:12:snd_pcm_oss_change_params	32	static
pcm_oss.c:1164:12:snd_pcm_oss_make_ready	48	static
pcm_oss.c:2094:12:snd_pcm_oss_set_trigger	80	static
pcm_oss.c:2853:21:snd_pcm_oss_poll	112	static
pcm_oss.c:2896:12:snd_pcm_oss_mmap	64	static
pcm_oss.c:1117:12:snd_pcm_oss_get_active_substream	48	static
pcm_oss.c:1825:12:snd_pcm_oss_set_channels	80	static
pcm_oss.c:1872:12:snd_pcm_oss_get_formats	64	static
pcm_oss.c:1187:12:snd_pcm_oss_make_ready_locked	32	static
pcm_oss.c:1231:19:snd_pcm_oss_write3	80	static
pcm_oss.c:1384:16:snd_pcm_oss_write2	96	static
pcm_oss.c:1627:12:snd_pcm_oss_sync1	128	static
pcm_oss.c:1675:12:snd_pcm_oss_sync	128	dynamic
pcm_oss.c:2598:12:snd_pcm_oss_release	48	static
pcm_oss.c:2622:13:snd_pcm_oss_ioctl	144	static
pcm_oss.c:2812:16:snd_pcm_oss_write	112	static
pcm_oss.c:1266:19:snd_pcm_oss_read3	112	static
pcm_oss.c:1494:16:snd_pcm_oss_read2	96	static
pcm_oss.c:2789:16:snd_pcm_oss_read	96	static
pcm_oss.c:1313:19:snd_pcm_oss_writev3	80	static
pcm_oss.c:1349:19:snd_pcm_oss_readv3	80	static
