bitmap.c:1076:13:bitmap_set_pending	0	static
bitmap.c:2242:1:behind_writes_used_reset	0	static
bitmap.c:1067:13:bitmap_count_page	16	static
bitmap.c:830:13:bitmap_file_set_bit	48	static
bitmap.c:1217:26:bitmap_get_counter	64	static
bitmap.c:1404:5:bitmap_start_sync	96	static
bitmap.c:1506:13:bitmap_set_memory_bits	80	static
bitmap.c:1259:5:bitmap_startwrite	144	static
bitmap.c:292:13:end_bitmap_write	32	static
bitmap.c:1323:6:bitmap_endwrite	112	static
bitmap.c:1428:6:bitmap_end_sync	64	static
bitmap.c:1459:6:bitmap_close_sync	64	static
bitmap.c:334:12:read_page	144	static
bitmap.c:132:12:read_sb_page	80	static
bitmap.c:2233:1:behind_writes_used_show	16	static
bitmap.c:2203:16:can_clear_show	16	static
bitmap.c:2179:16:metadata_show	16	static
bitmap.c:2153:1:chunksize_show	16	static
bitmap.c:2131:1:backlog_show	16	static
bitmap.c:2048:1:space_show	16	static
bitmap.c:1952:1:location_show	32	static
bitmap.c:2214:16:can_clear_store	48	static
bitmap.c:2054:1:space_store	64	static
bitmap.c:2137:1:backlog_store	64	static
bitmap.c:2095:1:timeout_store	64	static
bitmap.c:2081:1:timeout_show	48	static
bitmap.c:2159:1:chunksize_store	64	static
bitmap.c:1476:6:bitmap_cond_end_sync	112	static
bitmap.c:310:13:free_buffers	48	static
bitmap.c:735:13:bitmap_file_unmap	64	static
bitmap.c:1575:13:bitmap_free	112	static
bitmap.c:2185:16:metadata_store	48	static
bitmap.c:400:6:bitmap_update_sb	32	static
bitmap.c:767:13:bitmap_file_kick	32	static
bitmap.c:263:13:write_page	144	static
bitmap.c:880:6:bitmap_unplug	112	static
bitmap.c:1782:5:bitmap_resize	256	static
bitmap.c:1704:5:bitmap_load	176	static
bitmap.c:430:6:bitmap_print_sb	48	static
bitmap.c:1048:6:bitmap_write_all	32	static
bitmap.c:1095:6:bitmap_daemon_work	128	static
bitmap.c:1531:6:bitmap_dirty_bits	48	static
bitmap.c:1551:6:bitmap_flush	48	static
bitmap.c:1603:6:bitmap_destroy	48	static
bitmap.c:1626:5:bitmap_create	96	static
bitmap.c:1966:1:location_store	80	static
bitmap.c:1755:6:bitmap_status	32	static
