dm-verity-target.c:712:5:verity_merge	32	static
dm-verity-target.c:728:5:verity_iterate_devices	16	static
dm-verity-target.c:100:12:verity_hash_init	48	static
dm-verity-target.c:137:12:verity_hash_final	48	static
dm-verity-target.c:70:13:dm_bufio_alloc_callback	16	static
dm-verity-target.c:196:12:verity_handle_err	144	static
dm-verity-target.c:392:12:verity_bv_zero	16	static
dm-verity-target.c:484:13:verity_finish_io	48	static
dm-verity-target.c:504:13:verity_end_io	48	static
dm-verity-target.c:585:5:verity_map	48	static
dm-verity-target.c:632:6:verity_status	112	static
dm-verity-target.c:697:5:verity_ioctl	48	static
dm-verity-target.c:737:6:verity_io_hints	16	static
dm-verity-target.c:751:6:verity_dtr	32	static
dm-verity-target.c:1179:20:dm_verity_exit	16	static
dm-verity-target.c:1168:19:dm_verity_init	32	static
dm-verity-target.c:522:13:verity_prefetch_io	80	static
dm-verity-target.c:386:12:verity_bv_hash_update	32	static
dm-verity-target.c:159:5:verity_hash	64	static
dm-verity-target.c:255:12:verity_verify_level	128	static
dm-verity-target.c:906:5:verity_ctr	160	static
dm-verity-target.c:314:5:verity_hash_for_block	80	static
dm-verity-target.c:352:5:verity_for_bv_block	112	static
dm-verity-target.c:497:13:verity_work	160	static
