md.c:328:5:mddev_congested	0	static
md.c:629:24:find_rdev_nr_rcu	32	static
md.c:841:21:calc_sb_csum	0	static
md.c:1326:1:super_90_allow_new_offset	0	static
md.c:1336:15:calc_sb_1_csum	0	static
md.c:1932:5:md_integrity_register	0	static
md.c:1979:6:md_integrity_add_rdev	0	static
md.c:2362:12:cmd_match	0	static
md.c:3797:1:null_show	0	static
md.c:4401:1:reshape_direction_store	48	static
md.c:5978:12:update_raid_disks	32	static
md.c:6146:12:md_getgeo	0	static
md.c:6537:12:md_media_changed	0	static
md.c:6544:12:md_revalidate	0	static
md.c:6972:21:mdstat_poll	32	static
md.c:7844:6:md_finish_reshape	0	static
md.c:194:6:md_new_event	16	static
md.c:7885:5:md_is_badblock	0	static
md.c:387:13:md_submit_flush_data	32	static
md.c:404:6:md_flush_request	112	static
md.c:338:13:md_end_flush	32	static
md.c:2976:13:rdev_free	16	static
md.c:463:6:mddev_init	32	static
md.c:692:6:md_rdev_clear	32	static
md.c:2991:5:md_rdev_init	32	static
md.c:5931:6:md_set_array_sectors	32	static
md.c:4146:1:degraded_show	16	static
md.c:4326:1:suspend_hi_show	16	static
md.c:4293:1:suspend_lo_show	16	static
md.c:4222:1:min_sync_show	16	static
md.c:4153:1:sync_force_parallel_show	16	static
md.c:4120:1:sync_max_show	16	static
md.c:4094:1:sync_min_show	16	static
md.c:4084:1:mismatch_cnt_show	16	static
md.c:4076:1:last_sync_action_show	16	static
md.c:3997:1:action_show	16	static
md.c:3774:1:max_corrected_read_errors_show	16	static
md.c:4394:1:reshape_direction_show	16	static
md.c:3643:1:array_state_show	16	static
md.c:3204:1:safe_delay_show	16	static
md.c:2743:1:rdev_size_show	16	static
md.c:2685:16:new_offset_show	16	static
md.c:2660:1:offset_show	16	static
md.c:2550:1:errors_show	16	static
md.c:3888:1:size_show	16	static
md.c:3473:1:raid_disks_show	16	static
md.c:8541:12:get_ro	16	static
md.c:3780:1:max_corrected_read_errors_store	64	static
md.c:2556:1:errors_store	64	static
md.c:3532:1:chunk_size_store	64	static
md.c:3487:1:raid_disks_store	64	static
md.c:3442:1:layout_store	64	static
md.c:8545:12:set_ro	48	static
md.c:3859:1:bitmap_store	80	static
md.c:4332:1:suspend_hi_store	64	static
md.c:4299:1:suspend_lo_store	64	static
md.c:4369:1:reshape_position_store	64	static
md.c:3571:1:resync_start_store	80	static
md.c:4262:1:max_sync_store	64	static
md.c:4228:1:min_sync_store	64	static
md.c:2758:12:strict_blocks_to_sectors	48	static
md.c:2691:16:new_offset_store	64	static
md.c:2666:1:offset_store	64	static
md.c:4253:1:max_sync_show	16	static
md.c:2852:16:recovery_start_show	16	static
md.c:2570:1:slot_show	16	static
md.c:2386:1:state_show	48	static
md.c:3563:1:resync_start_show	16	static
md.c:4159:1:sync_force_parallel_store	64	static
md.c:2863:16:recovery_start_store	64	static
md.c:1526:12:super_1_validate	64	static
md.c:1162:13:super_90_sync	64	static
md.c:1037:12:super_90_validate	64	static
md.c:8133:12:md_clear_badblocks	112	static
md.c:8222:5:rdev_clear_badblocks	16	static
md.c:7965:12:md_set_badblocks	96	static
md.c:2080:13:md_delayed_delete	32	static
md.c:2087:13:unbind_rdev_from_array	96	static
md.c:662:31:find_pers	48	static
md.c:6787:14:md_seq_start	48	static
md.c:6998:5:register_md_personality	32	static
md.c:7009:5:unregister_md_personality	48	static
md.c:487:22:mddev_find	96	static
md.c:7536:12:remove_and_add_spares	128	static
md.c:6606:6:md_wakeup_thread	32	static
md.c:316:6:mddev_resume	32	static
md.c:418:6:md_unplug	32	static
md.c:4736:13:md_safemode_timeout	32	static
md.c:2579:1:slot_store	112	static
md.c:586:13:mddev_unlock	48	static
md.c:4597:13:mddev_delayed_delete	32	static
md.c:5075:13:__md_stop	32	static
md.c:5088:6:md_stop	32	static
md.c:6616:19:md_register_thread	48	static
md.c:7593:13:md_start_sync	48	static
md.c:6565:12:md_thread	128	static
md.c:6642:6:md_unregister_thread	48	static
md.c:7019:12:is_mddev_idle	144	static
md.c:7833:6:md_wait_for_blocked_rdev	112	static
md.c:4359:1:reshape_position_show	16	static
md.c:4440:1:array_size_store	64	static
md.c:5942:12:update_size	32	static
md.c:4976:12:restart_array	32	static
md.c:8316:1:badblocks_store	96	static
md.c:2911:16:ubb_store	16	static
md.c:2896:16:bb_store	32	static
md.c:8275:1:badblocks_show	96	static
md.c:2907:16:ubb_show	16	static
md.c:2892:16:bb_show	16	static
md.c:2931:1:rdev_attr_show	64	static
md.c:2953:1:rdev_attr_store	64	static
md.c:2114:12:lock_rdev	96	static
md.c:2002:12:bind_rdev_to_array	128	static
md.c:4568:13:md_free	32	static
md.c:5378:12:get_array_info	160	static
md.c:246:13:md_make_request	112	static
md.c:6957:12:md_seq_open	32	static
md.c:6849:12:md_seq_show	160	static
md.c:8398:19:md_init	48	static
md.c:1842:1:super_1_allow_new_offset	0	static
md.c:8239:6:md_ack_all_badblocks	32	static
md.c:157:13:bio_alloc_mddev	16	static
md.c:354:13:submit_flushes	112	static
md.c:754:5:sync_page_io	80	static
md.c:172:13:bio_clone_mddev	16	static
md.c:925:5:md_check_no_bitmap	16	static
md.c:304:6:mddev_suspend	96	static
md.c:3521:1:chunk_size_show	16	static
md.c:3431:1:layout_show	16	static
md.c:3232:1:level_show	16	static
md.c:4127:1:sync_max_store	64	static
md.c:4101:1:sync_min_store	64	static
md.c:4198:1:sync_completed_show	16	static
md.c:4183:1:sync_speed_show	16	static
md.c:4430:1:array_size_show	16	static
md.c:3931:1:metadata_show	16	static
md.c:3035:24:md_import_device	112	static
md.c:6660:6:md_error	48	static
md.c:710:13:super_written	48	static
md.c:1661:13:super_1_sync	80	static
md.c:7063:6:md_done_sync	32	static
md.c:7082:6:md_write_start	96	static
md.c:8107:5:rdev_set_badblocks	32	static
md.c:7118:6:md_write_end	16	static
md.c:434:13:mddev_put	48	static
md.c:7171:6:md_do_sync	464	static
md.c:2778:1:rdev_size_store	112	static
md.c:4513:1:md_attr_show	64	static
md.c:6813:14:md_seq_next	48	static
md.c:4606:12:md_alloc	96	static
md.c:4711:24:md_probe	16	static
md.c:4717:12:add_named_array	96	static
md.c:4539:1:md_attr_store	80	static
md.c:6491:12:md_open	48	static
md.c:6528:13:md_release	16	static
md.c:6841:13:md_seq_stop	16	static
md.c:3943:1:metadata_store	80	static
md.c:779:12:read_disk_sb.constprop	96	static
md.c:1360:12:super_1_load	176	static
md.c:938:12:super_90_load	160	static
md.c:727:6:md_super_write	64	static
md.c:748:6:md_super_wait	96	static
md.c:1803:1:super_1_rdev_size_change	48	static
md.c:1305:1:super_90_rdev_size_change	32	static
md.c:2197:13:md_update_sb	208	static
md.c:7138:5:md_allow_write	48	static
md.c:7790:6:md_reap_sync_thread	32	static
md.c:4020:1:action_store	64	static
md.c:7642:6:md_check_recovery	48	static
md.c:3897:1:size_store	64	static
md.c:3246:1:level_store	160	static
md.c:5046:13:__md_stop_writes	32	static
md.c:5067:6:md_stop_writes	32	static
md.c:8356:12:md_notify_reboot	80	static
md.c:5101:12:md_set_readonly	112	static
md.c:3171:5:strict_strtoul_scaled	0	static
md.c:3210:1:safe_delay_store	64	static
md.c:8451:6:md_autodetect_dev	32	static
md.c:2140:13:export_rdev	80	static
md.c:2155:13:kick_rdev_from_array	32	static
md.c:4750:5:md_run	192	static
md.c:4952:12:do_md_run	32	static
md.c:5157:12:do_md_stop	176	static
md.c:3682:1:array_state_store	64	static
md.c:5245:13:autorun_array	112	static
md.c:2432:1:state_store	48	static
md.c:8504:20:md_exit	80	static
md.c:3803:1:new_dev_store	80	static
md.c:5506:12:add_new_disk	144	static
md.c:6181:12:md_ioctl	208	static
md.c:6472:12:md_compat_ioctl	16	static
