proc_sysctl.c:776:12:proc_sys_revalidate	0	static
proc_sysctl.c:783:12:proc_sys_delete	0	static
proc_sysctl.c:1275:12:count_subheaders	48	static
proc_sysctl.c:57:13:sysctl_print_dir	32	static
proc_sysctl.c:978:12:sysctl_err	144	static
proc_sysctl.c:1262:14:append_path	48	static
proc_sysctl.c:803:12:proc_sys_compare	64	static
proc_sysctl.c:178:13:erase_header	32	static
proc_sysctl.c:382:12:sysctl_perm	32	static
proc_sysctl.c:715:12:proc_sys_setattr	48	static
proc_sysctl.c:395:22:proc_sys_make_inode	48	static
proc_sysctl.c:576:13:proc_sys_fill_cache	128	static
proc_sysctl.c:220:13:unuse_table	16	static
proc_sysctl.c:277:13:sysctl_head_finish	32	static
proc_sysctl.c:312:25:first_usable_entry	16	static
proc_sysctl.c:267:33:sysctl_head_grab	32	static
proc_sysctl.c:427:33:grab_header	16	static
proc_sysctl.c:527:12:proc_sys_open	48	static
proc_sysctl.c:544:21:proc_sys_poll	64	static
proc_sysctl.c:479:16:proc_sys_call_handler	96	static
proc_sysctl.c:521:16:proc_sys_write	16	static
proc_sysctl.c:515:16:proc_sys_read	16	static
proc_sysctl.c:687:12:proc_sys_permission	48	static
proc_sysctl.c:732:12:proc_sys_getattr	48	static
proc_sysctl.c:80:26:find_entry.isra.2	96	static
proc_sysctl.c:829:24:find_subdir	48	static
proc_sysctl.c:931:24:xlate_dir	48	static
proc_sysctl.c:1067:13:get_links	96	static
proc_sysctl.c:1475:13:put_links	96	static
proc_sysctl.c:1509:13:drop_sysctl_table	112	static
proc_sysctl.c:1532:6:unregister_sysctl_table	48	static
proc_sysctl.c:185:12:insert_header	128	static
proc_sysctl.c:944:12:sysctl_follow_link	112	static
proc_sysctl.c:658:12:proc_sys_readdir	144	static
proc_sysctl.c:435:23:proc_sys_lookup	112	static
proc_sysctl.c:22:6:proc_sys_poll_notify	16	static
proc_sysctl.c:259:6:sysctl_head_put	32	static
proc_sysctl.c:362:6:register_sysctl_root	0	static
proc_sysctl.c:1178:26:__register_sysctl_table	128	static
proc_sysctl.c:1255:26:register_sysctl	16	static
proc_sysctl.c:1294:12:register_leaf_sysctl_tables	96	static
proc_sysctl.c:1379:26:__register_sysctl_paths	96	static
proc_sysctl.c:1450:26:register_sysctl_paths	16	static
proc_sysctl.c:1467:26:register_sysctl_table	16	static
proc_sysctl.c:1562:6:setup_sysctl_set	0	static
proc_sysctl.c:1571:6:retire_sysctl_set	16	static
proc_sysctl.c:1576:12:proc_sys_init	16	static
