base.c:712:8:mem_lseek	0	static
base.c:1578:5:pid_delete_dentry	0	static
base.c:507:5:proc_setattr	48	static
base.c:574:12:proc_single_show	80	static
base.c:491:12:proc_fd_access_allowed	32	static
base.c:1420:12:proc_pid_readlink	96	static
base.c:1376:14:proc_pid_follow_link	80	static
base.c:1541:5:pid_revalidate	48	static
base.c:3241:12:proc_task_getattr	48	static
base.c:311:12:proc_pid_schedstat	16	static
base.c:1321:12:comm_show	48	static
base.c:2358:12:do_io_accounting	160	static
base.c:2408:12:proc_tgid_io_accounting	16	static
base.c:2402:12:proc_tid_io_accounting	16	static
base.c:2299:16:proc_coredump_filter_write	112	static
base.c:2272:16:proc_coredump_filter_read	112	static
base.c:1114:16:proc_fault_inject_read	96	static
base.c:919:16:oom_score_adj_read	96	static
base.c:813:16:oom_adj_read	96	static
base.c:1132:16:proc_fault_inject_write	80	static
base.c:1091:16:proc_sessionid_read	96	static
base.c:1010:16:proc_loginuid_read	96	static
base.c:1027:16:proc_loginuid_write	96	static
base.c:939:16:oom_score_adj_write	112	static
base.c:836:16:oom_adj_write	112	static
base.c:381:12:proc_oom_score	64	static
base.c:235:12:proc_pid_wchan	208	static
base.c:2184:16:proc_pid_attr_write	96	static
base.c:2163:16:proc_pid_attr_read	96	static
base.c:189:12:proc_root_link	64	static
base.c:172:12:proc_cwd_link	64	static
base.c:1352:12:proc_exe_link	48	static
base.c:728:12:mem_release	16	static
base.c:648:16:mem_rw	112	static
base.c:706:16:mem_write	16	static
base.c:700:16:mem_read	16	static
base.c:749:16:environ_read	112	static
base.c:1339:12:comm_open	16	static
base.c:1205:12:sched_open	16	static
base.c:594:12:proc_single_open	16	static
base.c:1295:16:comm_write	96	static
base.c:1173:12:sched_show	48	static
base.c:1189:1:sched_write	32	static
base.c:420:12:proc_pid_limits	352	static
base.c:213:12:proc_pid_auxv	48	static
base.c:2923:12:proc_tid_comm_permission	48	static
base.c:2830:25:next_tgid	48	static
base.c:528:13:has_pid_permissions.isra.4	32	static
base.c:1491:5:pid_getattr	48	static
base.c:540:12:proc_pid_permission	64	static
base.c:253:12:lock_trace	32	static
base.c:274:12:proc_pid_stack	112	static
base.c:201:12:proc_pid_cmdline	32	static
base.c:2547:12:proc_pid_personality	48	static
base.c:462:12:proc_pid_syscall	160	static
base.c:607:19:proc_mem_open	48	static
base.c:638:12:mem_open	32	static
base.c:744:12:environ_open	32	static
base.c:1449:15:proc_pid_make_inode	48	static
base.c:2768:12:proc_pid_instantiate	48	static
base.c:2072:12:proc_pident_instantiate	48	static
base.c:2101:23:proc_pident_lookup	64	static
base.c:2256:23:proc_attr_dir_lookup	16	static
base.c:3045:23:proc_tid_base_lookup	16	static
base.c:2672:23:proc_tgid_base_lookup	16	static
base.c:3063:12:proc_task_instantiate	32	static
base.c:3089:23:proc_task_lookup	80	static
base.c:1607:6:proc_fill_cache	144	static
base.c:2136:12:proc_pident_readdir	96	static
base.c:2244:12:proc_attr_dir_readdir	16	static
base.c:3039:12:proc_tid_base_readdir	16	static
base.c:2660:12:proc_tgid_base_readdir	16	static
base.c:3202:12:proc_task_readdir	128	static
base.c:2752:6:proc_flush_task	160	static
base.c:2796:16:proc_pid_lookup	64	static
base.c:2868:5:proc_pid_readdir	128	static
