task_mmu.c:1450:12:pagemap_release	16	static
task_mmu.c:278:12:proc_map_release	48	static
task_mmu.c:114:13:seq_print_vma_name	160	static
task_mmu.c:866:12:clear_refs_pte_range	128	static
task_mmu.c:904:16:clear_refs_write	208	static
task_mmu.c:1432:12:pagemap_open	32	static
task_mmu.c:1342:16:pagemap_read	240	static
task_mmu.c:1071:12:add_to_pagemap.isra.23	0	static
task_mmu.c:1080:12:pagemap_pte_hole	96	static
task_mmu.c:313:1:show_map_vma.isra.26	80	static
task_mmu.c:187:14:m_start	64	static
task_mmu.c:1180:12:pagemap_pte_range	144	static
task_mmu.c:258:12:proc_maps_open.constprop	48	static
task_mmu.c:791:12:tid_smaps_open	16	static
task_mmu.c:601:12:smaps_pte_range	96	static
task_mmu.c:181:13:m_cache_vma.part.19	0	static
task_mmu.c:684:12:show_smap.isra.29	336	static
task_mmu.c:762:12:show_pid_smap	16	static
task_mmu.c:767:12:show_tid_smap	16	static
task_mmu.c:426:12:pid_maps_open	16	static
task_mmu.c:431:12:tid_maps_open	16	static
task_mmu.c:786:12:pid_smaps_open	16	static
task_mmu.c:402:12:show_pid_map	32	static
task_mmu.c:407:12:show_tid_map	32	static
task_mmu.c:246:13:m_stop	32	static
task_mmu.c:234:14:m_next	32	static
task_mmu.c:22:6:task_mem	64	static
task_mmu.c:71:15:task_vsize	0	static
task_mmu.c:76:15:task_statm	0	static
