hooks.c:3209:13:selinux_inode_getsecid	0	static
hooks.c:3494:13:selinux_file_set_fowner	0	static
hooks.c:3618:13:selinux_cred_transfer	0	static
hooks.c:4670:13:selinux_sk_clone_security	0	static
hooks.c:4682:13:selinux_sk_getsecid	0	static
hooks.c:4693:13:selinux_sock_graft	0	static
hooks.c:4725:13:selinux_inet_csk_clone	0	static
hooks.c:4770:13:selinux_secmark_refcount_inc	0	static
hooks.c:4775:13:selinux_secmark_refcount_dec	0	static
hooks.c:4780:13:selinux_req_classify_flow	0	static
hooks.c:4827:12:selinux_tun_dev_attach	0	static
hooks.c:5020:21:selinux_ipv4_output	0	static
hooks.c:5653:13:selinux_ipc_getsecid	0	static
hooks.c:106:19:enforcing_setup	48	static
hooks.c:119:19:selinux_enabled_setup	48	static
hooks.c:2868:12:selinux_inode_rename	128	static
hooks.c:4845:12:selinux_tun_dev_open	32	static
hooks.c:4819:12:selinux_tun_dev_attach_queue	16	static
hooks.c:4804:12:selinux_tun_dev_create	16	static
hooks.c:4759:12:selinux_secmark_relabel_packet	16	static
hooks.c:4444:12:selinux_socket_unix_may_send	128	static
hooks.c:5278:12:ipc_has_perm	80	static
hooks.c:5624:12:selinux_sem_semop	16	static
hooks.c:5523:12:selinux_shm_shmat	16	static
hooks.c:5637:12:selinux_ipc_permission	16	static
hooks.c:5567:12:selinux_sem_associate	80	static
hooks.c:5475:12:selinux_shm_associate	80	static
hooks.c:5334:12:selinux_msg_queue_associate	80	static
hooks.c:3684:12:selinux_kernel_module_from_file	96	static
hooks.c:3653:12:selinux_kernel_create_files_as	32	static
hooks.c:3630:12:selinux_kernel_act_as	32	static
hooks.c:1511:12:cred_has_perm	16	static
hooks.c:1610:12:inode_has_perm	16	static
hooks.c:2113:12:selinux_quota_on	80	static
hooks.c:2874:12:selinux_inode_readlink	80	static
hooks.c:2881:12:selinux_inode_follow_link	80	static
hooks.c:2949:12:selinux_inode_setattr	80	static
hooks.c:2974:12:selinux_inode_getattr	80	static
hooks.c:3111:12:selinux_inode_getxattr	80	static
hooks.c:3118:12:selinux_inode_listxattr	80	static
hooks.c:1682:12:file_has_perm	96	static
hooks.c:3524:12:selinux_file_receive	16	static
hooks.c:3454:12:selinux_file_fcntl	16	static
hooks.c:3447:12:selinux_file_lock	16	static
hooks.c:3348:12:file_map_prot_check	48	static
hooks.c:3401:12:selinux_mmap_file	16	static
hooks.c:2343:12:match_file	32	static
hooks.c:4754:13:selinux_skb_owned_by	48	static
hooks.c:5918:13:selinux_key_free	16	static
hooks.c:4799:13:selinux_tun_dev_free_security	16	static
hooks.c:4661:13:selinux_sk_free_security	16	static
hooks.c:5865:13:selinux_release_secctx	16	static
hooks.c:3254:13:selinux_file_free_security	16	static
hooks.c:924:12:selinux_parse_opts_str	176	static
hooks.c:5860:12:selinux_secctx_to_secid	16	static
hooks.c:5850:12:selinux_ismaclabel	16	static
hooks.c:3178:12:selinux_inode_setsecurity	80	static
hooks.c:5873:12:selinux_inode_notifysecctx	16	static
hooks.c:5377:12:selinux_msg_queue_msgsnd	112	static
hooks.c:1714:12:may_create	112	static
hooks.c:2863:12:selinux_inode_mknod	16	static
hooks.c:2853:12:selinux_inode_mkdir	16	static
hooks.c:2848:12:selinux_inode_symlink	16	static
hooks.c:2833:12:selinux_inode_create	16	static
hooks.c:3249:12:selinux_file_alloc_security	32	static
hooks.c:3568:12:selinux_cred_alloc_blank	32	static
hooks.c:4645:12:selinux_sk_alloc_security	32	static
hooks.c:4786:12:selinux_tun_dev_alloc_security	32	static
hooks.c:5898:12:selinux_key_alloc	32	static
hooks.c:1283:12:inode_doinit_with_dentry	128	static
hooks.c:5659:13:selinux_d_instantiate	16	static
hooks.c:418:12:sb_finish_set_opts	64	static
hooks.c:866:12:selinux_sb_clone_mnt_opts	80	static
hooks.c:5948:12:selinux_key_getsecurity	64	static
hooks.c:5855:12:selinux_secid_to_secctx	16	static
hooks.c:2739:12:selinux_dentry_init_security	64	static
hooks.c:4410:12:selinux_socket_unix_stream_connect	144	static
hooks.c:4585:12:selinux_socket_getpeersec_stream	112	static
hooks.c:3731:13:selinux_task_getsecid	48	static
hooks.c:3822:13:selinux_task_to_inode	48	static
hooks.c:4106:12:sock_has_perm	176	static
hooks.c:4405:12:selinux_socket_shutdown	16	static
hooks.c:4388:12:selinux_socket_setsockopt	16	static
hooks.c:4399:12:selinux_socket_getsockopt	16	static
hooks.c:4383:12:selinux_socket_getpeername	16	static
hooks.c:4378:12:selinux_socket_getsockname	16	static
hooks.c:4372:12:selinux_socket_recvmsg	16	static
hooks.c:4366:12:selinux_socket_sendmsg	16	static
hooks.c:4341:12:selinux_socket_listen	16	static
hooks.c:1546:12:current_has_perm	48	static
hooks.c:3794:12:selinux_task_movememory	16	static
hooks.c:3789:12:selinux_task_getscheduler	16	static
hooks.c:3758:12:selinux_task_getioprio	16	static
hooks.c:3726:12:selinux_task_getsid	16	static
hooks.c:3721:12:selinux_task_getpgid	16	static
hooks.c:3716:12:selinux_task_setpgid	16	static
hooks.c:3560:12:selinux_task_create	16	static
hooks.c:3411:12:selinux_file_mprotect	32	static
hooks.c:1598:12:task_has_system	32	static
hooks.c:5420:12:selinux_msg_queue_msgrcv	128	static
hooks.c:3817:12:selinux_task_wait	48	static
hooks.c:3799:12:selinux_task_kill	48	static
hooks.c:3670:12:selinux_kernel_module_request	96	static
hooks.c:3502:12:selinux_file_send_sigiotask	64	static
hooks.c:1972:12:selinux_binder_transfer_binder	32	static
hooks.c:1956:12:selinux_binder_transaction	64	static
hooks.c:1948:12:selinux_binder_set_context_mgr	48	static
hooks.c:1979:12:selinux_binder_transfer_file	128	static
hooks.c:4285:12:selinux_socket_connect	176	static
hooks.c:4178:12:selinux_socket_bind	208	static
hooks.c:5881:12:selinux_inode_setsecctx	16	static
hooks.c:3082:13:selinux_inode_post_setxattr	80	static
hooks.c:5711:12:selinux_setprocattr	112	static
hooks.c:5219:12:selinux_netlink_send	80	static
hooks.c:3599:12:selinux_cred_prepare	32	static
hooks.c:3531:12:selinux_file_open	112	static
hooks.c:3230:12:selinux_file_permission	48	static
hooks.c:3383:12:selinux_mmap_addr	32	static
hooks.c:1561:12:cred_has_capability	144	static
hooks.c:2888:21:audit_inode_permission	96	static
hooks.c:2907:12:selinux_inode_permission	96	static
hooks.c:2773:12:selinux_inode_init_security	112	static
hooks.c:2985:12:selinux_inode_setotherxattr	96	static
hooks.c:3125:12:selinux_inode_removexattr	32	static
hooks.c:3006:12:selinux_inode_setxattr	128	static
hooks.c:2734:13:selinux_inode_free_security	48	static
hooks.c:247:13:inode_free_rcu	16	static
hooks.c:2488:12:selinux_sb_alloc_security	32	static
hooks.c:2729:12:selinux_inode_alloc_security	48	static
hooks.c:2547:12:selinux_sb_copy_data	128	static
hooks.c:2445:13:selinux_bprm_committed_creds	96	static
hooks.c:2400:13:selinux_bprm_committing_creds	128	static
hooks.c:2073:12:selinux_capable	48	static
hooks.c:3140:12:selinux_inode_getsecurity	80	static
hooks.c:5886:12:selinux_inode_getsecctx	32	static
hooks.c:2155:12:selinux_vm_enough_memory	32	static
hooks.c:2036:12:selinux_capget	48	static
hooks.c:144:12:selinux_secmark_enabled	0	static
hooks.c:587:12:bad_option.isra.22	0	static
hooks.c:2589:12:selinux_sb_remount	160	static
hooks.c:5230:12:ipc_alloc_security.isra.24	48	static
hooks.c:5293:12:selinux_msg_msg_alloc_security	32	static
hooks.c:369:12:may_context_mount_sb_relabel.isra.26	32	static
hooks.c:386:12:may_context_mount_inode_relabel.isra.27	32	static
hooks.c:611:12:selinux_set_mnt_opts	192	static
hooks.c:1047:12:superblock_doinit	80	static
hooks.c:6213:13:delayed_superblock_init	16	static
hooks.c:5926:12:selinux_key_permission	16	static
hooks.c:4346:12:selinux_socket_accept	32	static
hooks.c:3763:12:selinux_task_setrlimit	16	static
hooks.c:5583:12:selinux_sem_semctl	16	static
hooks.c:5491:12:selinux_shm_shmctl	16	static
hooks.c:5349:12:selinux_msg_queue_msgctl	16	static
hooks.c:2120:12:selinux_syslog	16	static
hooks.c:1869:12:superblock_has_perm.isra.36	16	static
hooks.c:2719:12:selinux_umount	16	static
hooks.c:2704:12:selinux_mount	80	static
hooks.c:2694:12:selinux_sb_statfs	80	static
hooks.c:2085:12:selinux_quotactl	16	static
hooks.c:2675:12:selinux_sb_kern_mount	96	static
hooks.c:1770:12:may_link.isra.37	112	static
hooks.c:2858:12:selinux_inode_rmdir	16	static
hooks.c:2843:12:selinux_inode_unlink	16	static
hooks.c:2838:12:selinux_inode_link	16	static
hooks.c:5304:12:selinux_msg_queue_alloc_security	96	static
hooks.c:5298:13:selinux_msg_msg_free_security	16	static
hooks.c:3583:13:selinux_cred_free	16	static
hooks.c:2493:13:selinux_sb_free_security	16	static
hooks.c:4144:12:selinux_socket_post_create	32	static
hooks.c:6175:19:selinux_init	48	static
hooks.c:164:12:selinux_netcache_avc_callback	16	static
hooks.c:5665:12:selinux_getprocattr	80	static
hooks.c:4043:12:selinux_skb_peerlbl_sid.isra.48	16	static
hooks.c:4742:13:selinux_inet_conn_established	16	static
hooks.c:4619:12:selinux_socket_getpeersec_dgram	64	static
hooks.c:2169:12:check_nnp_nosuid.isra.53	32	static
hooks.c:2204:12:selinux_bprm_set_creds	128	static
hooks.c:3778:12:selinux_task_setscheduler	32	static
hooks.c:3747:12:selinux_task_setioprio	32	static
hooks.c:3736:12:selinux_task_setnice	32	static
hooks.c:3201:12:selinux_inode_listsecurity	0	static
hooks.c:1118:12:selinux_sb_show_options	144	static
hooks.c:2322:12:selinux_bprm_secureexec	32	static
hooks.c:2048:12:selinux_capset	32	static
hooks.c:2007:12:selinux_ptrace_access_check	48	static
hooks.c:6273:19:selinux_nf_ip_init	32	static
hooks.c:4460:12:selinux_inet_sys_rcv_skb.constprop	80	static
hooks.c:3987:12:selinux_parse_skb.constprop	192	static
hooks.c:5029:21:selinux_ip_postroute_compat	160	static
hooks.c:4483:12:selinux_sock_rcv_skb_compat	160	static
hooks.c:4516:12:selinux_socket_sock_rcv_skb	176	static
hooks.c:5562:13:selinux_sem_free_security	16	static
hooks.c:5329:13:selinux_msg_queue_free_security	16	static
hooks.c:5470:13:selinux_shm_free_security	16	static
hooks.c:4901:21:selinux_ip_forward.isra.51	192	static
hooks.c:4968:21:selinux_ipv6_forward	16	static
hooks.c:4958:21:selinux_ipv4_forward	16	static
hooks.c:5062:21:selinux_ip_postroute.isra.52	208	static
hooks.c:5207:21:selinux_ipv6_postroute	16	static
hooks.c:5197:21:selinux_ipv4_postroute	16	static
hooks.c:4704:12:selinux_inet_conn_request	64	static
hooks.c:4125:12:selinux_socket_create	64	static
hooks.c:5537:12:selinux_sem_alloc_security	96	static
hooks.c:5445:12:selinux_shm_alloc_security	96	static
hooks.c:2025:12:selinux_ptrace_traceme	48	static
hooks.c:3263:5:ioctl_has_perm	128	static
hooks.c:3299:12:selinux_file_ioctl	16	static
hooks.c:6218:6:selinux_complete_init	16	static
