algapi.c:329:6:crypto_remove_final	32	static
algapi.c:723:26:crypto_get_attr_type	0	static
algapi.c:788:5:crypto_attr_u32	0	static
algapi.c:866:6:crypto_init_queue	0	static
algapi.c:922:5:crypto_tfm_in_queue	0	static
algapi.c:970:6:crypto_xor	0	static
algapi.c:741:5:crypto_check_attr_type	32	static
algapi.c:875:5:crypto_enqueue_request	0	static
algapi.c:896:7:__crypto_dequeue_request	0	static
algapi.c:916:30:crypto_dequeue_request	16	static
algapi.c:70:13:crypto_destroy_instance	32	static
algapi.c:450:5:crypto_register_template	48	static
algapi.c:595:5:crypto_init_spawn	64	static
algapi.c:615:5:crypto_init_spawn2	16	static
algapi.c:632:6:crypto_drop_spawn	32	static
algapi.c:54:12:crypto_check_alg	32	static
algapi.c:187:30:__crypto_register_alg	64	static
algapi.c:503:32:__crypto_lookup_template	48	static
algapi.c:711:5:crypto_register_notifier	16	static
algapi.c:717:5:crypto_unregister_notifier	16	static
algapi.c:948:6:crypto_inc	0	static
algapi.c:806:7:crypto_alloc_instance2	64	static
algapi.c:837:25:crypto_alloc_instance	32	static
algapi.c:988:20:crypto_algapi_exit	16	static
algapi.c:982:19:crypto_algapi_init	16	static
algapi.c:756:13:crypto_attr_alg_name	0	static
algapi.c:774:20:crypto_attr_alg2	48	static
algapi.c:126:6:crypto_remove_spawns	144	static
algapi.c:380:12:crypto_remove_alg	32	static
algapi.c:473:6:crypto_unregister_template	96	static
algapi.c:566:5:crypto_unregister_instance	96	static
algapi.c:250:6:crypto_alg_tested	144	static
algapi.c:341:13:crypto_wait_for_test	32	static
algapi.c:529:5:crypto_register_instance	64	static
algapi.c:394:5:crypto_unregister_alg	96	static
algapi.c:435:5:crypto_unregister_algs	48	static
algapi.c:359:5:crypto_register_alg	48	static
algapi.c:415:5:crypto_register_algs	64	static
algapi.c:522:25:crypto_lookup_template	32	static
algapi.c:643:27:crypto_spawn_alg.isra.12	48	static
algapi.c:664:20:crypto_spawn_tfm	48	static
algapi.c:690:7:crypto_spawn_tfm2	48	static
