authenc.c:55:5:crypto_authenc_extractkeys	0	static
authenc.c:715:20:crypto_authenc_module_exit	16	static
authenc.c:694:13:crypto_authenc_free	32	static
authenc.c:153:13:authenc_geniv_ahash_done	32	static
authenc.c:260:12:crypto_authenc_ahash_fb	64	static
authenc.c:299:12:crypto_authenc_ahash	32	static
authenc.c:325:12:crypto_authenc_genicv	128	static
authenc.c:436:12:crypto_authenc_givencrypt	48	static
authenc.c:522:12:crypto_authenc_decrypt	112	static
authenc.c:395:12:crypto_authenc_encrypt	48	static
authenc.c:85:12:crypto_authenc_setkey	96	static
authenc.c:589:13:crypto_authenc_exit_tfm	32	static
authenc.c:548:12:crypto_authenc_init_tfm	48	static
authenc.c:597:32:crypto_authenc_alloc	80	static
authenc.c:710:19:crypto_authenc_module_init	16	static
authenc.c:49:13:authenc_request_complete	16	static
authenc.c:422:13:crypto_authenc_givencrypt_done	32	static
authenc.c:376:13:crypto_authenc_encrypt_done	32	static
authenc.c:221:13:authenc_verify_ahash_done	80	static
authenc.c:123:13:authenc_geniv_ahash_update_done	64	static
authenc.c:172:13:authenc_verify_ahash_update_done	80	static
