ahash.c:44:12:hash_walk_next	0	static
ahash.c:67:12:hash_walk_new_entry	16	static
ahash.c:221:12:ahash_nosetkey	0	static
ahash.c:309:13:ahash_notify_einprogress	96	static
ahash.c:460:12:ahash_no_export	0	static
ahash.c:465:12:ahash_no_import	0	static
ahash.c:501:21:crypto_ahash_extsize	0	static
ahash.c:640:6:crypto_hash_alg_has_setkey	0	static
ahash.c:84:5:crypto_hash_walk_done	48	static
ahash.c:290:13:ahash_restore_req	32	static
ahash.c:319:13:ahash_op_unaligned_done	32	static
ahash.c:406:12:ahash_def_finup_finish1	32	static
ahash.c:424:13:ahash_def_finup_done1	32	static
ahash.c:394:13:ahash_def_finup_done2	32	static
ahash.c:233:12:ahash_save_req	48	static
ahash.c:442:12:ahash_def_finup	32	static
ahash.c:510:12:crypto_ahash_report	128	static
ahash.c:536:13:crypto_ahash_show	32	static
ahash.c:470:12:crypto_ahash_init_tfm	16	static
ahash.c:560:22:crypto_alloc_ahash	16	static
ahash.c:583:5:crypto_register_ahash	16	static
ahash.c:596:5:crypto_unregister_ahash	16	static
ahash.c:615:6:ahash_free_instance	32	static
ahash.c:622:5:crypto_init_ahash_spawn	16	static
ahash.c:631:25:ahash_attr_alg	16	static
ahash.c:132:5:crypto_hash_walk_first	16	static
ahash.c:150:5:crypto_ahash_walk_first	16	static
ahash.c:209:5:crypto_ahash_setkey	80	static
ahash.c:364:12:crypto_ahash_op	32	static
ahash.c:376:5:crypto_ahash_final	16	static
ahash.c:382:5:crypto_ahash_finup	16	static
ahash.c:388:5:crypto_ahash_digest	16	static
ahash.c:602:5:ahash_register_instance	16	static
ahash.c:171:5:crypto_hash_walk_first_compat	16	static
