shash.c:27:5:shash_no_setkey	0	static
shash.c:210:12:shash_async_init	16	static
shash.c:312:12:shash_async_export	16	static
shash.c:317:12:shash_async_import	16	static
shash.c:383:12:shash_compat_init	16	static
shash.c:508:21:crypto_shash_ctxsize	0	static
shash.c:519:12:crypto_shash_init_tfm	0	static
shash.c:527:21:crypto_shash_extsize	0	static
shash.c:591:12:shash_prepare_alg	0	static
shash.c:196:12:shash_default_import	16	static
shash.c:190:12:shash_default_export	16	static
shash.c:55:5:crypto_shash_setkey	80	static
shash.c:202:12:shash_async_setkey	16	static
shash.c:374:12:shash_compat_setkey	16	static
shash.c:99:5:crypto_shash_update	128	dynamic
shash.c:135:5:crypto_shash_final	96	dynamic
shash.c:148:12:shash_finup_unaligned	48	static
shash.c:155:5:crypto_shash_finup	16	static
shash.c:169:12:shash_digest_unaligned	64	static
shash.c:176:5:crypto_shash_digest	16	static
shash.c:239:12:shash_async_final	16	static
shash.c:408:12:shash_compat_final	16	static
shash.c:221:5:shash_ahash_update	96	static
shash.c:234:12:shash_async_update	16	static
shash.c:328:13:crypto_exit_shash_ops_async	16	static
shash.c:449:13:crypto_exit_shash_ops_compat	32	static
shash.c:498:12:crypto_init_shash_ops	48	static
shash.c:533:12:crypto_shash_report	128	static
shash.c:560:13:crypto_shash_show	32	static
shash.c:393:12:shash_compat_update	96	static
shash.c:415:12:shash_compat_digest	64	static
shash.c:584:22:crypto_alloc_shash	16	static
shash.c:619:5:crypto_register_shash	32	static
shash.c:632:5:crypto_unregister_shash	16	static
shash.c:638:5:crypto_register_shashes	64	static
shash.c:658:5:crypto_unregister_shashes	64	static
shash.c:674:5:shash_register_instance	48	static
shash.c:687:6:shash_free_instance	32	static
shash.c:694:5:crypto_init_shash_spawn	16	static
shash.c:703:19:shash_attr_alg	16	static
shash.c:244:5:shash_ahash_finup	112	static
shash.c:265:12:shash_async_finup	16	static
shash.c:276:5:shash_ahash_digest	48	static
shash.c:301:12:shash_async_digest	16	static
shash.c:335:5:crypto_init_shash_ops_async	48	static
