gcm.c:168:12:crypto_gcm_setauthsize	0	static
gcm.c:1182:12:crypto_rfc4543_copy_src_to_dst	64	static
gcm.c:1429:20:crypto_gcm_module_exit	32	static
gcm.c:814:13:crypto_gcm_free	32	static
gcm.c:1375:13:crypto_rfc4543_free	32	static
gcm.c:1048:13:crypto_rfc4106_free	32	static
gcm.c:898:29:crypto_rfc4106_crypt	0	static
gcm.c:926:12:crypto_rfc4106_decrypt	16	static
gcm.c:919:12:crypto_rfc4106_encrypt	16	static
gcm.c:858:12:crypto_rfc4106_setkey	32	static
gcm.c:1069:12:crypto_rfc4543_setkey	32	static
gcm.c:288:13:__gcm_hash_final_done	48	static
gcm.c:299:13:gcm_hash_final_done	16	static
gcm.c:242:12:gcm_hash_remain	48	static
gcm.c:257:12:gcm_hash_len	48	static
gcm.c:187:13:crypto_gcm_init_crypt	112	static
gcm.c:505:13:gcm_enc_copy_hash	16	static
gcm.c:515:13:gcm_enc_hash_done	32	static
gcm.c:1118:29:crypto_rfc4543_crypt	144	static
gcm.c:1103:13:crypto_rfc4543_done	32	static
gcm.c:1195:12:crypto_rfc4543_encrypt	48	static
gcm.c:572:12:crypto_gcm_verify	64	static
gcm.c:586:13:gcm_decrypt_done	32	static
gcm.c:597:13:gcm_dec_hash_done	48	static
gcm.c:93:13:crypto_gcm_setkey_done	16	static
gcm.c:687:13:crypto_gcm_exit_tfm	32	static
gcm.c:957:13:crypto_rfc4106_exit_tfm	16	static
gcm.c:1271:13:crypto_rfc4543_exit_tfm	32	static
gcm.c:649:12:crypto_gcm_init_tfm	48	static
gcm.c:933:12:crypto_rfc4106_init_tfm	32	static
gcm.c:1234:12:crypto_rfc4543_init_tfm	48	static
gcm.c:695:32:crypto_gcm_alloc_common	112	static
gcm.c:830:32:crypto_gcm_base_alloc	128	static
gcm.c:793:32:crypto_gcm_alloc	192	static
gcm.c:104:12:crypto_gcm_setkey	64	static
gcm.c:964:32:crypto_rfc4106_alloc	80	static
gcm.c:1279:32:crypto_rfc4543_alloc	64	static
gcm.c:881:12:crypto_rfc4106_setauthsize	16	static
gcm.c:1092:12:crypto_rfc4543_setauthsize	16	static
gcm.c:1392:19:crypto_gcm_module_init	64	static
gcm.c:1219:12:crypto_rfc4543_decrypt	32	static
gcm.c:306:13:__gcm_hash_len_done	32	static
gcm.c:326:13:__gcm_hash_crypt_remain_done	32	static
gcm.c:339:13:gcm_hash_crypt_remain_done	16	static
gcm.c:347:13:__gcm_hash_crypt_done	32	static
gcm.c:365:13:gcm_hash_crypt_done	16	static
gcm.c:319:13:gcm_hash_len_done	16	static
gcm.c:456:12:gcm_hash	64	static
gcm.c:617:12:crypto_gcm_decrypt	64	static
gcm.c:543:12:crypto_gcm_encrypt	48	static
gcm.c:525:13:gcm_encrypt_done	48	static
gcm.c:372:13:__gcm_hash_assoc_remain_done	32	static
gcm.c:395:13:gcm_hash_assoc_remain_done	16	static
gcm.c:403:13:__gcm_hash_assoc_done	32	static
gcm.c:420:13:gcm_hash_assoc_done	16	static
gcm.c:449:13:gcm_hash_init_done	32	static
