ablkcipher.c:339:21:crypto_ablkcipher_ctxsize	0	static
ablkcipher.c:345:5:skcipher_null_givencrypt	16	static
ablkcipher.c:350:5:skcipher_null_givdecrypt	16	static
ablkcipher.c:355:12:crypto_init_ablkcipher_ops	0	static
ablkcipher.c:432:12:no_givdecrypt	0	static
ablkcipher.c:437:12:crypto_init_givcipher_ops	0	static
ablkcipher.c:47:6:__ablkcipher_walk_complete	48	static
ablkcipher.c:219:12:ablkcipher_walk_next	64	static
ablkcipher.c:101:5:ablkcipher_walk_done	64	static
ablkcipher.c:292:5:ablkcipher_walk_phys	80	static
ablkcipher.c:378:12:crypto_ablkcipher_report	208	static
ablkcipher.c:459:12:crypto_givcipher_report	208	static
ablkcipher.c:408:13:crypto_ablkcipher_show	32	static
ablkcipher.c:489:13:crypto_givcipher_show	32	static
ablkcipher.c:322:12:setkey	80	static
ablkcipher.c:513:13:crypto_default_geniv	0	static
ablkcipher.c:524:12:crypto_givcipher_default	208	static
ablkcipher.c:606:20:crypto_lookup_skcipher	48	static
ablkcipher.c:646:5:crypto_grab_skcipher	48	static
ablkcipher.c:665:27:crypto_alloc_ablkcipher	64	static
