ip6_tables.c:587:1:check_entry	0	static
ip6_tables.c:2033:12:icmp6_checkentry	0	static
ip6_tables.c:67:7:ip6t_alloc_initial_table	96	static
ip6_tables.c:315:1:ip6t_do_table	368	static
ip6_tables.c:573:13:cleanup_match	80	static
ip6_tables.c:790:13:cleanup_entry	96	static
ip6_tables.c:913:1:get_counters	64	static
ip6_tables.c:1976:6:ip6t_unregister_table	64	static
ip6_tables.c:2138:20:ip6_tables_fini	32	static
ip6_tables.c:2094:24:ip6_tables_net_exit	16	static
ip6_tables.c:2089:23:ip6_tables_net_init	16	static
ip6_tables.c:1035:13:compat_standard_from_user	32	static
ip6_tables.c:1044:12:compat_standard_to_user	48	static
ip6_tables.c:2005:1:icmp6_match	64	static
ip6_tables.c:1084:12:compat_table_info	80	static
ip6_tables.c:2104:19:ip6_tables_init	48	static
ip6_tables.c:813:1:translate_table	288	static
ip6_tables.c:1939:18:ip6t_register_table	160	static
ip6_tables.c:183:1:ip6t_error	32	static
ip6_tables.c:940:28:alloc_counters.isra.9	32	static
ip6_tables.c:1792:1:compat_get_entries.constprop	256	static
ip6_tables.c:1334:1:do_add_counters.constprop	96	static
ip6_tables.c:1108:12:get_info.constprop	288	static
ip6_tables.c:1888:1:do_ip6t_get_ctl	224	static
ip6_tables.c:1841:1:compat_do_ip6t_get_ctl	48	static
ip6_tables.c:1580:1:translate_compat_table.constprop	272	static
ip6_tables.c:1210:1:__do_replace.constprop	128	static
ip6_tables.c:1863:1:do_ip6t_set_ctl	224	static
ip6_tables.c:1674:1:compat_do_replace.isra.12.constprop	208	static
ip6_tables.c:1725:1:compat_do_ip6t_set_ctl	48	static
