loop.c:163:15:get_size	0	static
loop.c:638:12:loop_validate_file	0	static
loop.c:1581:5:loop_register_transfer	0	static
loop.c:1714:12:find_free_cb	0	static
loop.c:139:12:xor_init	0	static
loop.c:110:12:transfer_xor	16	static
loop.c:91:12:transfer_none	16	static
loop.c:1603:5:loop_unregister_transfer	16	static
loop.c:1504:12:lo_open	48	static
loop.c:958:1:loop_release_xfer	48	static
loop.c:1591:12:unregister_transfer_cb	48	static
loop.c:1918:20:loop_exit	32	static
loop.c:1706:13:loop_remove	32	static
loop.c:1910:12:loop_exit_cb	16	static
loop.c:790:1:loop_attr_do_show_partscan	16	static
loop.c:1370:1:loop_info64_from_compat	208	static
loop.c:190:1:figure_loop_size	48	static
loop.c:1076:1:loop_set_status	64	static
loop.c:1440:1:loop_set_status_compat	272	static
loop.c:1235:1:loop_set_status_old	432	static
loop.c:1247:1:loop_set_status64	272	static
loop.c:1151:1:loop_get_status	160	static
loop.c:1403:1:loop_info64_to_compat	256	static
loop.c:1453:1:loop_get_status_compat	272	static
loop.c:1257:1:loop_get_status_old	464	static
loop.c:1275:1:loop_get_status64	272	static
loop.c:487:13:loop_make_request	112	static
loop.c:227:12:__do_lo_send_write	80	static
loop.c:253:12:do_lo_send_direct_write	32	static
loop.c:271:12:do_lo_send_write	64	static
loop.c:394:1:lo_receive	224	static
loop.c:546:12:loop_thread	208	static
loop.c:362:1:lo_direct_splice_actor	16	static
loop.c:332:1:lo_splice_actor	48	static
loop.c:1619:12:loop_add	64	static
loop.c:1836:19:loop_init	80	static
loop.c:1937:19:max_loop_setup	16	static
loop.c:1726:12:loop_lookup.part.11	48	static
loop.c:1726:12:loop_lookup	32	static
loop.c:1752:24:loop_probe	80	static
loop.c:579:12:loop_switch.isra.14	112	static
loop.c:1772:13:loop_control_ioctl	80	static
loop.c:786:1:loop_attr_do_show_backing_file	48	static
loop.c:788:1:loop_attr_do_show_sizelimit	16	static
loop.c:789:1:loop_attr_do_show_autoclear	16	static
loop.c:787:1:loop_attr_do_show_offset	16	static
loop.c:994:12:loop_clr_fd	64	static
loop.c:1297:12:lo_ioctl	112	static
loop.c:1468:12:lo_compat_ioctl	64	static
loop.c:1553:13:lo_release	48	static
