dst.h:404:19:dst_discard	16	static
route.c:213:21:ip6_blackhole_mtu	0	static
route.c:220:13:ip6_rt_blackhole_update_pmtu	0	static
route.c:225:13:ip6_rt_blackhole_redirect	0	static
route.c:230:13:ip6_rt_blackhole_cow_metrics	0	static
route.c:1306:21:ip6_default_advmss	16	static
route.c:2042:5:rt6_addrconf_purge	0	static
route.c:2222:12:fib6_remove_prefsrc	0	static
route.c:2252:12:fib6_clean_tohost	0	static
route.c:2274:12:fib6_ifdown	0	static
route.c:1909:25:rt6_get_route_info	80	static
route.c:811:19:ip6_route_lookup	16	static
route.c:818:18:rt6_lookup	112	static
route.c:1242:26:ip6_route_redirect	144	static
route.c:601:12:rt6_score_route	48	static
route.c:409:25:rt6_multipath_select	32	static
route.c:789:25:ip6_pol_route_lookup	112	static
route.c:492:13:rt6_probe_deferred	64	static
route.c:504:13:rt6_probe	48	static
route.c:2302:12:rt6_mtu_change_route	48	static
route.c:1870:25:ip6_rt_copy	48	static
route.c:1021:19:ip6_route_output	48	static
route.c:180:26:ip6_neigh_lookup	48	static
route.c:321:13:ip6_dst_destroy	48	static
route.c:344:13:ip6_dst_ifdown	48	static
route.c:1328:21:ip6_mtu	32	static
route.c:2839:12:ip6_route_dev_notify	48	static
route.c:2116:12:ip6_pkt_drop	48	static
route.c:2139:12:ip6_pkt_discard	16	static
route.c:2144:12:ip6_pkt_discard_out	16	static
route.c:2150:12:ip6_pkt_prohibit	16	static
route.c:2155:12:ip6_pkt_prohibit_out	16	static
route.c:1678:12:__ip6_del_rt	64	static
route.c:1708:12:ip6_route_del	48	static
route.c:2918:5:ipv6_sysctl_rtcache_flush	32	static
route.c:1434:12:ip6_dst_gc	80	static
route.c:2363:12:rtm_to_fib6_config	288	static
route.c:3128:24:ip6_route_net_exit_late	32	static
route.c:2901:12:rt6_stats_seq_open	16	static
route.c:2886:12:rt6_stats_seq_show	112	static
route.c:3119:23:ip6_route_net_init_late	32	static
route.c:3152:24:ipv6_inetpeer_exit	32	static
route.c:3141:23:ipv6_inetpeer_init	32	static
route.c:3109:24:ip6_route_net_exit	32	static
route.c:3037:23:ip6_route_net_init	64	static
route.c:364:13:rt6_check_expired	16	static
route.c:1191:25:__ip6_route_redirect	80	static
route.c:1084:26:ip6_dst_check	32	static
route.c:1138:13:ip6_rt_update_pmtu	32	static
route.c:1156:6:ip6_update_pmtu	128	static
route.c:1178:6:ip6_sk_update_pmtu	16	static
route.c:988:26:ip6_route_input_lookup.isra.32.constprop	48	static
route.c:136:13:ipv6_cow_metrics	80	static
route.c:863:5:ip6_ins_rt	96	static
route.c:911:25:ip6_pol_route	160	static
route.c:982:25:ip6_pol_route_input	16	static
route.c:1015:25:ip6_pol_route_output	16	static
route.c:998:6:ip6_route_input	112	static
route.c:1040:19:ip6_blackhole_route	48	static
route.c:1351:19:icmp6_dst_alloc	48	static
route.c:1392:5:icmp6_dst_gc	48	static
route.c:1463:5:ip6_route_add	112	static
route.c:1942:25:rt6_add_route_info	224	static
route.c:2448:12:ip6_route_multipath	240	static
route.c:2503:12:inet6_rtm_delroute	192	static
route.c:2518:12:inet6_rtm_newroute	192	static
route.c:1700:5:ip6_del_rt	64	static
route.c:1749:13:rt6_do_redirect	240	static
route.c:1256:6:ip6_redirect	128	static
route.c:1299:6:ip6_sk_redirect	16	static
route.c:1278:6:ip6_redirect_no_header	128	static
route.c:1121:13:ip6_link_failure	32	static
route.c:1103:26:ip6_negative_advice	32	static
route.c:1971:18:rt6_get_dflt_router	64	static
route.c:699:5:rt6_route_rcv	128	static
route.c:2019:18:rt6_add_dflt_router	208	static
route.c:2049:6:rt6_purge_dflt_routers	16	static
route.c:2075:5:ipv6_route_ioctl	304	static
route.c:2165:18:addrconf_dst_alloc	64	static
route.c:2199:5:ip6_route_get_saddr	16	static
route.c:2548:12:rt6_fill_node.constprop	160	static
route.c:2712:12:inet6_rtm_getroute	400	static
route.c:2237:6:rt6_remove_prefsrc	64	static
route.c:2264:6:rt6_clean_tohost	16	static
route.c:2286:6:rt6_ifdown	80	static
route.c:2341:6:rt6_mtu_change	64	static
route.c:2695:5:rt6_dump_route	48	static
route.c:2809:6:inet6_rt_notify	128	static
route.c:3007:31:ipv6_route_sysctl_init	32	static
route.c:3176:13:ip6_route_init_special_entries	48	static
route.c:3191:12:ip6_route_init	48	static
route.c:3264:6:ip6_route_cleanup	32	static
