addrconf.c:855:12:inet6_addr_hash	0	static
addrconf.c:1995:12:__ipv6_isatap_ifid	0	static
addrconf.c:4885:15:inet6_get_link_af_size	0	static
addrconf.c:4351:12:put_cacheinfo	64	static
addrconf.c:4385:12:inet6_fill_ifaddr	80	static
addrconf.c:1595:12:ipv6_count_addresses	32	static
addrconf.c:1666:6:ipv6_chk_custom_prefix	80	static
addrconf.c:1690:5:ipv6_chk_prefix	64	static
addrconf.c:1614:5:ipv6_chk_addr_and_flags	48	static
addrconf.c:1607:5:ipv6_chk_addr	16	static
addrconf.c:3864:13:if6_seq_stop	16	static
addrconf.c:1897:13:addrconf_join_anycast	80	static
addrconf.c:2245:13:addrconf_add_mroute	192	static
addrconf.c:1910:13:addrconf_leave_anycast	80	static
addrconf.c:2082:13:__ipv6_regen_rndid	48	static
addrconf.c:314:13:addrconf_mod_rs_timer	16	static
addrconf.c:2111:13:ipv6_regen_rndid	32	static
addrconf.c:998:1:check_cleanup_prefix_route	96	static
addrconf.c:4133:13:addrconf_verify	16	static
addrconf.c:5866:12:__addrconf_sysctl_register	128	static
addrconf.c:5484:12:addrconf_sysctl_stable_secret	256	static
addrconf.c:5346:5:addrconf_sysctl_mtu	144	static
addrconf.c:3911:24:if6_proc_net_exit	16	static
addrconf.c:3890:12:if6_seq_open	16	static
addrconf.c:3870:12:if6_seq_show	16	static
addrconf.c:3904:23:if6_proc_net_init	16	static
addrconf.c:4975:12:inet6_validate_link_af	112	static
addrconf.c:4138:25:extract_addr	48	static
addrconf.c:2034:12:ipv6_generate_eui64	32	static
addrconf.c:2969:12:ipv6_generate_stable_address	160	static
addrconf.c:3848:14:if6_seq_start	0	static
addrconf.c:3855:14:if6_seq_next	0	static
addrconf.c:308:13:addrconf_del_dad_work	32	static
addrconf.c:1274:12:ipv6_get_saddr_eval	48	static
addrconf.c:863:1:ipv6_add_addr	112	static
addrconf.c:5911:12:addrconf_sysctl_register	48	static
addrconf.c:364:26:ipv6_add_dev	64	static
addrconf.c:483:26:ipv6_find_idev	32	static
addrconf.c:2264:26:addrconf_add_dev	32	static
addrconf.c:5898:13:__addrconf_sysctl_unregister.isra.32	32	static
addrconf.c:5930:13:addrconf_sysctl_unregister	32	static
addrconf.c:5985:24:addrconf_exit_net	32	static
addrconf.c:5939:23:addrconf_init_net	48	static
addrconf.c:4565:12:inet6_dump_addr	160	static
addrconf.c:4626:12:inet6_dump_ifacaddr	16	static
addrconf.c:4618:12:inet6_dump_ifmcaddr	16	static
addrconf.c:4611:12:inet6_dump_ifaddr	16	static
addrconf.c:519:12:inet6_netconf_fill_devconf.constprop	96	static
addrconf.c:650:12:inet6_netconf_dump_devconf	80	static
addrconf.c:589:12:inet6_netconf_get_devconf	144	static
addrconf.c:4838:12:inet6_fill_ifla6_attrs	112	static
addrconf.c:5024:12:inet6_fill_ifinfo	96	static
addrconf.c:5066:12:inet6_dump_ifinfo	80	static
addrconf.c:4893:12:inet6_fill_link_af	16	static
addrconf.c:559:6:inet6_netconf_notify_devconf	64	static
addrconf.c:5446:5:addrconf_sysctl_proxy_ndp	64	static
addrconf.c:722:13:dev_forward_change	48	static
addrconf.c:5320:5:addrconf_sysctl_forward	176	static
addrconf.c:812:6:inet6_ifa_finish_destroy	32	static
addrconf.c:322:13:addrconf_mod_dad_work	32	static
addrconf.c:3561:13:addrconf_dad_start	48	static
addrconf.c:3485:13:addrconf_dad_kick	32	static
addrconf.c:1408:12:__ipv6_dev_get_saddr	112	static
addrconf.c:1487:5:ipv6_dev_get_saddr	192	static
addrconf.c:1113:12:ipv6_create_tempaddr	176	static
addrconf.c:1559:5:__ipv6_get_lladdr	0	static
addrconf.c:1578:5:ipv6_get_lladdr	80	static
addrconf.c:3427:13:addrconf_rs_timer	128	static
addrconf.c:1714:22:ipv6_get_ifaddr	64	static
addrconf.c:4633:12:inet6_rtm_getaddr	176	static
addrconf.c:1784:6:addrconf_dad_failure	144	static
addrconf.c:1873:6:addrconf_join_solict	64	static
addrconf.c:1885:6:addrconf_leave_solict	64	static
addrconf.c:2150:5:addrconf_rt_table	48	static
addrconf.c:2180:1:addrconf_prefix_route	224	static
addrconf.c:2932:13:addrconf_add_linklocal	32	static
addrconf.c:3035:13:addrconf_addr_gen.constprop	64	static
addrconf.c:2209:25:addrconf_get_prefix_route	80	static
addrconf.c:5200:13:__ipv6_ifa_notify	80	static
addrconf.c:5246:13:ipv6_ifa_notify	16	static
addrconf.c:3673:13:addrconf_dad_completed	96	static
addrconf.c:2284:13:manage_tempaddrs	112	static
addrconf.c:2799:13:add_addr	32	static
addrconf.c:3307:12:addrconf_ifdown	112	static
addrconf.c:1035:1:cleanup_prefix_route	32	static
addrconf.c:1057:13:ipv6_del_addr	64	static
addrconf.c:1740:13:addrconf_dad_stop	48	static
addrconf.c:3576:13:addrconf_dad_work	128	static
addrconf.c:3959:13:addrconf_verify_rtnl	128	static
addrconf.c:4126:13:addrconf_verify_work	16	static
addrconf.c:2644:12:inet6_addr_add	112	static
addrconf.c:2724:12:inet6_addr_del	80	static
addrconf.c:4165:1:inet6_rtm_deladdr	128	static
addrconf.c:4274:1:inet6_rtm_newaddr	208	static
addrconf.c:2351:6:addrconf_prefix_rcv	144	static
addrconf.c:2580:5:addrconf_set_dstaddr	224	static
addrconf.c:2762:5:addrconf_add_ifaddr	96	static
addrconf.c:2781:5:addrconf_del_ifaddr	96	static
addrconf.c:3921:12:if6_proc_init	16	static
addrconf.c:3926:6:if6_proc_exit	16	static
addrconf.c:3934:5:ipv6_chk_home_addr	48	static
addrconf.c:5105:6:inet6_ifinfo_notify	64	static
addrconf.c:3130:12:addrconf_notify	160	static
addrconf.c:5360:13:dev_disable_change	48	static
addrconf.c:5420:5:addrconf_sysctl_disable	192	static
addrconf.c:4986:12:inet6_set_link_af	160	static
addrconf.c:6014:12:addrconf_init	64	static
addrconf.c:6106:6:addrconf_cleanup	48	static
