dst.h:493:19:dst_output	16	static
ndisc.c:169:27:ndisc_next_option	0	static
ndisc.c:289:12:ndisc_hash	0	static
ndisc.c:637:13:ndisc_error_report	32	static
ndisc.c:357:13:pndisc_destructor	64	static
ndisc.c:344:12:pndisc_constructor	64	static
ndisc.c:263:5:ndisc_mc_map	16	static
ndisc.c:296:12:ndisc_constructor	64	static
ndisc.c:148:13:ndisc_fill_addr_option	64	static
ndisc.c:369:24:ndisc_alloc_skb	48	static
ndisc.c:1795:24:ndisc_net_exit	16	static
ndisc.c:1770:23:ndisc_net_init	64	static
ndisc.c:1732:5:ndisc_ifinfo_sysctl_change	96	static
ndisc.c:419:13:ndisc_send_skb	176	static
ndisc.c:199:23:ndisc_parse_options	0	static
ndisc.c:467:6:ndisc_send_na	128	static
ndisc.c:692:13:ndisc_recv_ns	224	static
ndisc.c:1606:13:pndisc_redo	32	static
ndisc.c:523:13:ndisc_send_unsol_na	64	static
ndisc.c:1679:12:ndisc_netdev_event	32	static
ndisc.c:544:6:ndisc_send_ns	112	static
ndisc.c:649:13:ndisc_solicit	112	static
ndisc.c:585:6:ndisc_send_rs	64	static
ndisc.c:1489:6:ndisc_send_redirect	224	static
ndisc.c:1626:5:ndisc_rcv	224	static
ndisc.c:1805:12:ndisc_init	48	static
ndisc.c:1833:12:ndisc_late_init	16	static
ndisc.c:1838:6:ndisc_late_cleanup	16	static
ndisc.c:1843:6:ndisc_cleanup	32	static
