dst.h:493:19:dst_output	16	static
mcast.c:1470:13:is_in	0	static
mcast.c:2205:13:sf_markstate	0	static
mcast.c:2344:13:ip6_mc_clear_src	32	static
mcast.c:1846:13:mld_clear_zeros	48	static
mcast.c:2219:12:sf_setstate	64	static
mcast.c:2808:13:igmp6_mcf_seq_stop	32	static
mcast.c:2660:13:igmp6_mc_seq_stop	32	static
mcast.c:776:13:mld_clear_delrec	48	static
mcast.c:2888:24:igmp6_proc_exit	32	static
mcast.c:2928:24:igmp6_net_exit	32	static
mcast.c:2854:12:igmp6_mcf_seq_open	16	static
mcast.c:2695:12:igmp6_mc_seq_open	16	static
mcast.c:2673:12:igmp6_mc_seq_show	80	static
mcast.c:2903:23:igmp6_net_init	48	static
mcast.c:814:13:ma_put	32	static
mcast.c:1013:13:mld_ifc_start_timer	32	static
mcast.c:1028:13:mld_dad_start_timer	32	static
mcast.c:2749:28:igmp6_mcf_get_next.isra.21	48	static
mcast.c:2797:14:igmp6_mcf_seq_next	96	static
mcast.c:2790:14:igmp6_mcf_seq_start	128	static
mcast.c:2613:26:igmp6_mc_get_next.isra.22	48	static
mcast.c:2652:14:igmp6_mc_seq_next	32	static
mcast.c:2645:14:igmp6_mc_seq_start	112	static
mcast.c:1006:13:mld_gq_stop_timer	32	static
mcast.c:1021:13:mld_ifc_stop_timer	32	static
mcast.c:1046:13:igmp6_group_queried	48	static
mcast.c:2824:12:igmp6_mcf_seq_show	16	static
mcast.c:251:26:ip6_mc_find_dev_rcu.constprop	32	static
mcast.c:1937:13:igmp6_send	192	static
mcast.c:1607:13:mld_sendpack	176	static
mcast.c:1152:13:mld_in_v1_mode	0	static
mcast.c:2082:12:ip6_mc_del1_src	48	static
mcast.c:2440:13:mld_ifc_event	32	static
mcast.c:2119:12:ip6_mc_del_src	112	static
mcast.c:2387:12:ip6_mc_leave_src	48	static
mcast.c:2283:12:ip6_mc_add_src	128	static
mcast.c:674:13:igmp6_group_dropped	112	static
mcast.c:644:13:igmp6_group_added	112	static
mcast.c:2504:13:ipv6_mc_reset	32	static
mcast.c:1553:24:mld_newpack	112	static
mcast.c:1672:24:add_grhead	48	static
mcast.c:1696:24:add_grec	176	static
mcast.c:1811:13:mld_send_report	80	static
mcast.c:2449:13:igmp6_timer_handler	32	static
mcast.c:2418:13:mld_gq_timer_expire	32	static
mcast.c:2033:13:mld_send_initial_cr.part.23	64	static
mcast.c:2069:13:mld_dad_timer_expire	32	static
mcast.c:2427:13:mld_ifc_timer_expire	96	static
mcast.c:534:5:ip6_mc_msfget	224	static
mcast.c:605:6:inet6_mc_check	48	static
mcast.c:855:5:ipv6_dev_mc_inc	80	static
mcast.c:135:5:ipv6_sock_mc_join	64	static
mcast.c:911:5:__ipv6_dev_mc_dec	48	static
mcast.c:209:5:ipv6_sock_mc_drop	48	static
mcast.c:313:5:ip6_mc_source	112	static
mcast.c:445:5:ip6_mc_msfilter	80	static
mcast.c:281:6:ipv6_sock_mc_close	64	static
mcast.c:938:5:ipv6_dev_mc_dec	32	static
mcast.c:957:6:ipv6_chk_mcast_addr	80	static
mcast.c:1300:5:igmp6_event_query	80	static
mcast.c:1420:5:igmp6_event_report	48	static
mcast.c:2058:6:ipv6_mc_dad_complete	32	static
mcast.c:2467:6:ipv6_mc_unmap	32	static
mcast.c:2486:6:ipv6_mc_down	48	static
mcast.c:2515:6:ipv6_mc_up	32	static
mcast.c:2479:6:ipv6_mc_remap	16	static
mcast.c:2530:6:ipv6_mc_init_dev	32	static
mcast.c:2551:6:ipv6_mc_destroy_dev	48	static
mcast.c:2939:12:igmp6_init	16	static
mcast.c:2944:6:igmp6_cleanup	16	static
