ip6_vti.c:787:12:vti6_change_mtu	0	static
ip6_vti.c:812:13:vti6_dev_setup	0	static
ip6_vti.c:875:12:vti6_validate	0	static
ip6_vti.c:956:15:vti6_get_size	0	static
ip6_vti.c:1155:20:vti6_tunnel_cleanup	32	static
ip6_vti.c:1013:24:vti6_destroy_tunnels	96	static
ip6_vti.c:1069:24:vti6_exit_net	48	static
ip6_vti.c:646:1:vti6_parm_to_user	0	static
ip6_vti.c:633:1:vti6_parm_from_user	0	static
ip6_vti.c:576:13:vti6_link_config	32	static
ip6_vti.c:475:1:vti6_tnl_xmit	176	static
ip6_vti.c:845:12:vti6_dev_init	64	static
ip6_vti.c:162:13:vti6_dev_free	32	static
ip6_vti.c:1032:23:vti6_init_net	64	static
ip6_vti.c:323:12:vti6_rcv_cb	48	static
ip6_vti.c:972:12:vti6_fill_info	80	static
ip6_vti.c:880:13:vti6_netlink_parms	32	static
ip6_vti.c:1111:19:vti6_tunnel_init	48	static
ip6_vti.c:923:13:vti6_dellink	48	static
ip6_vti.c:92:1:vti6_tnl_lookup.constprop	80	static
ip6_vti.c:286:12:vti6_rcv	64	static
ip6_vti.c:520:12:vti6_err	80	static
ip6_vti.c:123:1:vti6_tnl_bucket	0	static
ip6_vti.c:147:1:vti6_tnl_unlink	32	static
ip6_vti.c:274:13:vti6_dev_uninit	48	static
ip6_vti.c:168:12:vti6_tnl_create2	48	static
ip6_vti.c:242:24:vti6_locate.constprop	112	static
ip6_vti.c:906:12:vti6_newlink	48	static
ip6_vti.c:618:12:vti6_update	48	static
ip6_vti.c:690:1:vti6_ioctl	256	static
ip6_vti.c:932:12:vti6_changelink	144	static
