ip6mr.c:728:13:reg_vif_setup	0	static
ip6mr.c:1014:27:ip6mr_cache_find	0	static
ip6mr.c:1030:27:ip6mr_cache_find_any_parent	0	static
ip6mr.c:1046:27:ip6mr_cache_find_any	80	static
ip6mr.c:1988:19:ip6mr_forward2_finish	16	static
ip6mr.c:2074:12:ip6mr_find_vif	0	static
ip6mr.c:441:13:ip6mr_vif_seq_stop	16	static
ip6mr.c:549:13:ipmr_mfc_seq_stop	16	static
ip6mr.c:626:12:pim6_rcv	64	static
ip6mr.c:780:12:mif6_delete	80	static
ip6mr.c:1328:12:ip6mr_device_event	64	static
ip6mr.c:843:13:ip6mr_destroy_unres	80	static
ip6mr.c:609:12:ipmr_mfc_open	16	static
ip6mr.c:476:12:ip6mr_vif_open	16	static
ip6mr.c:447:12:ip6mr_vif_seq_show	32	static
ip6mr.c:560:12:ipmr_mfc_seq_show	64	static
ip6mr.c:1133:12:ip6mr_cache_report	64	static
ip6mr.c:697:20:reg_vif_xmit	48	static
ip6mr.c:909:13:ip6mr_update_thresholds	0	static
ip6mr.c:423:14:ip6mr_vif_seq_next	0	static
ip6mr.c:354:27:ipmr_mfc_seq_idx.isra.22	64	static
ip6mr.c:490:14:ipmr_mfc_seq_start	16	static
ip6mr.c:506:14:ipmr_mfc_seq_next	48	static
ip6mr.c:2234:12:__ip6mr_fill_mroute.isra.23	176	static
ip6mr.c:2358:12:ip6mr_fill_mroute	96	static
ip6mr.c:2447:12:ip6mr_rtm_dumproute	96	static
ip6mr.c:2422:13:mr6_netlink_event	64	static
ip6mr.c:1543:13:mroute_clean_tables	112	static
ip6mr.c:295:24:ip6mr_rules_exit	32	static
ip6mr.c:1387:24:ip6mr_net_exit	32	static
ip6mr.c:868:13:ipmr_do_expire_process	80	static
ip6mr.c:892:13:ipmr_expire_process	32	static
ip6mr.c:1227:1:ip6mr_cache_unresolved	80	static
ip6mr.c:1359:23:ip6mr_net_init	48	static
ip6mr.c:2001:12:ip6mr_forward2.isra.26.constprop	160	static
ip6mr.c:2085:13:ip6_mr_forward.constprop	64	static
ip6mr.c:405:14:ip6mr_vif_seq_start	32	static
ip6mr.c:1401:12:ip6_mr_init	64	static
ip6mr.c:1440:6:ip6_mr_cleanup	32	static
ip6mr.c:1609:5:ip6mr_sk_done	64	static
ip6mr.c:1637:14:mroute6_socket	0	static
ip6mr.c:1659:5:ip6_mroute_setsockopt	288	static
ip6mr.c:1810:5:ip6_mroute_getsockopt	64	static
ip6mr.c:1856:5:ip6mr_ioctl	192	static
ip6mr.c:1930:5:ip6mr_compat_ioctl	176	static
ip6mr.c:2179:5:ip6_mr_input	64	static
ip6mr.c:2280:5:ip6mr_get_route	112	static
