sit.c:1323:12:ipip6_tunnel_change_mtu	0	static
sit.c:1358:13:ipip6_tunnel_setup	0	static
sit.c:1417:12:ipip6_validate	0	static
sit.c:1636:15:ipip6_get_size	0	static
sit.c:1865:20:sit_cleanup	32	static
sit.c:1776:24:sit_destroy_tunnels	64	static
sit.c:1848:24:sit_exit_net	80	static
sit.c:1044:13:ipip6_tunnel_bind_dev	96	static
sit.c:397:13:prl_list_destroy_rcu	32	static
sit.c:1108:12:ipip6_tunnel_update_6rd	112	static
sit.c:1476:13:ipip6_netlink_encap_parms	0	static
sit.c:1433:13:ipip6_netlink_parms	0	static
sit.c:1343:13:ipip6_dev_free	32	static
sit.c:1676:12:ipip6_fill_info	96	static
sit.c:1511:13:ipip6_netlink_6rd_parms	32	static
sit.c:126:33:__ipip6_bucket.isra.17	0	static
sit.c:151:13:ipip6_tunnel_unlink	32	static
sit.c:1741:13:ipip6_dellink	48	static
sit.c:174:13:ipip6_tunnel_clone_6rd.isra.19	0	static
sit.c:191:12:ipip6_tunnel_create	48	static
sit.c:221:26:ipip6_tunnel_locate	112	static
sit.c:1547:12:ipip6_newlink	112	static
sit.c:1806:23:sit_init_net	64	static
sit.c:1378:12:ipip6_tunnel_init	64	static
sit.c:1875:19:sit_init	48	static
sit.c:761:13:check_6rd.constprop	0	static
sit.c:1021:20:sit_tunnel_xmit	208	static
sit.c:93:26:ipip6_tunnel_lookup.constprop	48	static
sit.c:668:12:ipip6_rcv	96	static
sit.c:730:12:ipip_rcv	32	static
sit.c:520:12:ipip6_err	64	static
sit.c:469:13:ipip6_tunnel_uninit	48	static
sit.c:1084:13:ipip6_tunnel_update	48	static
sit.c:1141:1:ipip6_tunnel_ioctl	208	static
sit.c:1590:12:ipip6_changelink	160	static
