ip6_flowlabel.c:242:23:fl6_sock_lookup	32	static
ip6_flowlabel.c:764:13:ip6fl_seq_stop	16	static
ip6_flowlabel.c:98:13:fl_free	32	static
ip6_flowlabel.c:131:13:ip6_fl_gc	80	static
ip6_flowlabel.c:109:13:fl_release	48	static
ip6_flowlabel.c:846:24:ip6_flowlabel_proc_fini	16	static
ip6_flowlabel.c:822:12:ip6fl_seq_release	16	static
ip6_flowlabel.c:770:12:ip6fl_seq_show	64	static
ip6_flowlabel.c:838:23:ip6_flowlabel_proc_init	16	static
ip6_flowlabel.c:85:30:fl_lookup.isra.11	32	static
ip6_flowlabel.c:295:24:fl6_merge_options	0	static
ip6_flowlabel.c:752:14:ip6fl_seq_next	0	static
ip6_flowlabel.c:171:24:ip6_fl_purge.isra.15	64	static
ip6_flowlabel.c:860:24:ip6_flowlabel_net_exit	32	static
ip6_flowlabel.c:803:12:ip6fl_seq_open	32	static
ip6_flowlabel.c:333:12:fl6_renew	64	static
ip6_flowlabel.c:356:1:fl_create.constprop	224	static
ip6_flowlabel.c:745:14:ip6fl_seq_start	0	static
ip6_flowlabel.c:264:6:fl6_free_socklist	48	static
ip6_flowlabel.c:477:5:ipv6_flowlabel_opt_get	64	static
ip6_flowlabel.c:514:5:ipv6_flowlabel_opt	160	static
ip6_flowlabel.c:871:5:ip6_flowlabel_init	16	static
ip6_flowlabel.c:876:6:ip6_flowlabel_cleanup	32	static
