ip6_tunnel.c:1459:1:ip6_tnl_change_mtu	0	static
ip6_tunnel.c:1571:12:ip6_tnl_validate	0	static
ip6_tunnel.c:1670:15:ip6_tnl_get_size	0	static
ip6_tunnel.c:135:19:ip6_tnl_dst_check	48	static
ip6_tunnel.c:150:6:ip6_tnl_dst_reset	32	static
ip6_tunnel.c:157:6:ip6_tnl_dst_store	48	static
ip6_tunnel.c:411:7:ip6_tnl_parse_tlv_enc_lim	80	static
ip6_tunnel.c:737:7:ip6_tnl_get_cap	64	static
ip6_tunnel.c:762:5:ip6_tnl_rcv_ctl	48	static
ip6_tunnel.c:918:5:ip6_tnl_xmit_ctl	48	static
ip6_tunnel.c:1878:20:ip6_tunnel_cleanup	32	static
ip6_tunnel.c:1751:24:ip6_tnl_destroy_tunnels	96	static
ip6_tunnel.c:1819:24:ip6_tnl_exit_net	32	static
ip6_tunnel.c:101:33:ip6_get_stats	80	static
ip6_tunnel.c:1302:1:ip6_tnl_parm_from_user	0	static
ip6_tunnel.c:1206:13:ip6_tnl_link_config	64	static
ip6_tunnel.c:715:12:ip4ip6_dscp_ecn_decapsulate	0	static
ip6_tunnel.c:727:12:ip6ip6_dscp_ecn_decapsulate	0	static
ip6_tunnel.c:965:12:ip6_tnl_xmit2	224	static
ip6_tunnel.c:1177:1:ip6_tnl_xmit	176	static
ip6_tunnel.c:1540:12:ip6_tnl_dev_init	64	static
ip6_tunnel.c:1495:13:ip6_tnl_dev_setup	32	static
ip6_tunnel.c:261:13:ip6_dev_free	32	static
ip6_tunnel.c:1778:23:ip6_tnl_init_net	64	static
ip6_tunnel.c:1692:12:ip6_tnl_fill_info	80	static
ip6_tunnel.c:1587:13:ip6_tnl_netlink_parms	32	static
ip6_tunnel.c:1839:19:ip6_tunnel_init	48	static
ip6_tunnel.c:1661:13:ip6_tnl_dellink	48	static
ip6_tunnel.c:181:1:ip6_tnl_lookup.constprop	80	static
ip6_tunnel.c:796:12:ip6_tnl_rcv	96	static
ip6_tunnel.c:873:12:ip6ip6_rcv	16	static
ip6_tunnel.c:867:12:ip4ip6_rcv	16	static
ip6_tunnel.c:482:1:ip6_tnl_err.isra.22	96	static
ip6_tunnel.c:673:1:ip6ip6_err	80	static
ip6_tunnel.c:567:1:ip4ip6_err	160	static
ip6_tunnel.c:212:1:ip6_tnl_bucket	0	static
ip6_tunnel.c:246:1:ip6_tnl_unlink	32	static
ip6_tunnel.c:388:1:ip6_tnl_dev_uninit	48	static
ip6_tunnel.c:267:12:ip6_tnl_create2	48	static
ip6_tunnel.c:354:24:ip6_tnl_locate	96	static
ip6_tunnel.c:1622:12:ip6_tnl_newlink	32	static
ip6_tunnel.c:1287:12:ip6_tnl_update	48	static
ip6_tunnel.c:1637:12:ip6_tnl_changelink	160	static
ip6_tunnel.c:1358:1:ip6_tnl_ioctl	256	static
