dev.c:786:20:__dev_get_by_index	0	static
dev.c:810:20:dev_get_by_index_rcu	0	static
dev.c:1499:12:call_netdevice_notifier	48	static
dev.c:4092:13:skb_gro_reset_offset	0	static
dev.c:4236:24:gro_find_receive_by_type	32	static
dev.c:4250:24:gro_find_complete_by_type	32	static
dev.c:4566:21:napi_by_id	0	static
dev.c:4822:7:netdev_adjacent_get_private	0	static
dev.c:4840:20:netdev_upper_get_next_dev_rcu	32	static
dev.c:4866:20:netdev_all_upper_get_next_dev_rcu	32	static
dev.c:4895:7:netdev_lower_get_next_private	0	static
dev.c:4921:7:netdev_lower_get_next_private_rcu	32	static
dev.c:4950:7:netdev_lower_get_next	0	static
dev.c:5506:13:dev_change_rx_flags	16	static
dev.c:5685:14:dev_get_flags	0	static
dev.c:5879:6:dev_set_group	0	static
dev.c:5920:5:dev_change_carrier	16	static
dev.c:5939:5:dev_get_phys_port_id	16	static
dev.c:6728:6:netdev_set_default_ethtool_ops	0	static
dev.c:7178:19:netdev_increment_features	0	static
netdev_rx.h:22:1:ftrace_define_fields_netd_skb_rx	16	static
netdev_rx.h:41:1:ftrace_define_fields_rpsd_skb_rx	16	static
dev.c:6660:6:netdev_stats_to_stats64	16	static
dev.c:6689:27:dev_get_stats	48	static
netdev_rx.h:22:1:perf_trace_netd_skb_rx	96	static
netdev_rx.h:41:1:perf_trace_rpsd_skb_rx	96	static
netdev_rx.h:22:1:ftrace_raw_event_netd_skb_rx	112	static
netdev_rx.h:41:1:ftrace_raw_event_rpsd_skb_rx	112	static
netdev_rx.h:22:1:ftrace_raw_output_netd_skb_rx	48	static
netdev_rx.h:41:1:ftrace_raw_output_rpsd_skb_rx	48	static
dev.c:430:6:dev_add_pack	48	static
dev.c:506:6:dev_add_offload	48	static
dev.c:453:6:__dev_remove_pack	48	static
dev.c:613:5:netdev_boot_setup_check	48	static
dev.c:667:12:netdev_boot_setup	112	static
dev.c:711:20:__dev_get_by_name	32	static
dev.c:736:20:dev_get_by_name_rcu	32	static
dev.c:835:20:dev_get_by_index	32	static
dev.c:923:20:dev_getfirstbyhwtype	80	static
dev.c:3314:6:rps_may_expire_flow	48	static
dev.c:761:20:dev_get_by_name	32	static
dev.c:4974:7:netdev_lower_get_first_private_rcu	32	static
dev.c:4993:20:netdev_master_upper_dev_get_rcu	32	static
dev.c:896:20:dev_getbyhwaddr_rcu	80	static
dev.c:910:20:__dev_getfirstbyhwtype	32	static
dev.c:950:20:__dev_get_by_flags	48	static
dev.c:4805:20:netdev_master_upper_dev_get	32	static
dev.c:5483:5:dev_get_nest_level	80	static
dev.c:3692:5:netdev_rx_handler_register	48	static
dev.c:6995:5:dev_change_net_namespace	32	static
dev.c:4617:6:netif_napi_add	48	static
dev.c:6452:5:init_dummy_netdev	32	static
dev.c:1009:12:__dev_alloc_name	96	static
dev.c:7314:24:netdev_exit	32	static
dev.c:1628:12:call_netdevice_notifiers_info	48	static
dev.c:1646:5:call_netdevice_notifiers	48	static
dev.c:1250:6:netdev_features_change	16	static
dev.c:1287:6:netdev_notify_peers	32	static
dev.c:7325:24:default_device_exit	96	static
dev.c:1369:12:__dev_close_many	32	static
dev.c:1427:12:dev_close_many	48	static
dev.c:1415:12:__dev_close	64	static
dev.c:1667:6:net_enable_timestamp	16	static
dev.c:1673:6:net_disable_timestamp	16	static
dev.c:1524:5:register_netdevice_notifier	96	static
dev.c:1591:5:unregister_netdevice_notifier	64	static
dev.c:3975:13:flush_backlog	64	static
dev.c:3189:12:get_rps_cpu	128	static
dev.c:3342:13:rps_trigger_softirq	32	static
dev.c:4526:6:__napi_schedule	32	static
dev.c:3417:12:enqueue_to_backlog	80	static
dev.c:3468:12:netif_rx_internal	96	static
dev.c:3516:5:netif_rx	32	static
dev.c:1887:24:remove_xps_queue	16	static
dev.c:7196:39:netdev_create_hash	16	static
dev.c:6507:5:netdev_refcnt_read	64	static
dev.c:1912:13:netif_reset_xps_queues_gt	96	static
dev.c:2161:5:netif_set_real_num_rx_queues	32	static
dev.c:2189:5:netif_get_num_default_rss_queues	16	static
dev.c:2272:6:__dev_kfree_skb_irq	32	static
dev.c:4606:6:napi_hash_del	32	static
dev.c:2294:6:__dev_kfree_skb_any	16	static
dev.c:4301:13:napi_reuse_skb	16	static
dev.c:2335:13:skb_warn_bad_offload	64	static
dev.c:2359:5:skb_checksum_help	48	static
dev.c:4639:6:netif_napi_del	32	static
dev.c:3524:5:netif_rx_ni	48	static
dev.c:2940:5:dev_loopback_xmit	32	static
dev.c:4109:13:gro_pull_from_frag0	64	static
dev.c:5005:12:netdev_adjacent_sysfs_add	80	static
dev.c:5015:13:netdev_adjacent_sysfs_del	64	static
dev.c:6905:6:synchronize_net	16	static
dev.c:485:6:dev_remove_pack	16	static
dev.c:560:6:dev_remove_offload	48	static
dev.c:2111:5:netif_set_real_num_tx_queues	64	static
dev.c:3717:6:netdev_rx_handler_unregister	32	static
dev.c:5979:13:rollback_registered_many	112	static
dev.c:6059:13:rollback_registered	64	static
dev.c:7253:13:__netdev_printk	96	static
dev.c:7272:6:netdev_printk	144	static
dev.c:7306:1:netdev_emerg	144	static
dev.c:7307:1:netdev_alert	144	static
dev.c:7308:1:netdev_crit	144	static
dev.c:7309:1:netdev_err	144	static
dev.c:7310:1:netdev_warn	144	static
dev.c:7311:1:netdev_notice	144	static
dev.c:7312:1:netdev_info	144	static
dev.c:3546:13:net_tx_action	112	static
dev.c:7357:24:rtnl_lock_unregistering	96	static
dev.c:7103:12:dev_cpu_callback	64	static
dev.c:1698:6:is_skb_forwardable	0	static
dev.c:1719:5:__dev_forward_skb	32	static
dev.c:1761:5:dev_forward_skb	32	static
dev.c:1981:5:netif_set_xps_queue	144	static
dev.c:3749:12:__netif_receive_skb_core	144	static
dev.c:4320:17:napi_get_frags	32	static
dev.c:4753:32:__netdev_find_adj.isra.68	0	static
dev.c:5467:7:netdev_lower_dev_get_private	16	static
dev.c:4775:6:netdev_has_upper_dev	32	static
dev.c:5093:13:__netdev_adjacent_dev_remove	64	static
dev.c:976:6:dev_valid_name	32	static
dev.c:1074:5:dev_alloc_name	80	static
dev.c:1102:5:dev_get_valid_name	80	static
dev.c:7210:23:netdev_init	32	static
dev.c:1264:6:netdev_state_change	64	static
dev.c:4536:6:__napi_complete	16	static
dev.c:5892:5:dev_set_mac_address	32	static
dev.c:1456:5:dev_close	64	static
dev.c:2209:6:__netif_schedule	32	static
dev.c:2225:6:netif_schedule_queue	32	static
dev.c:2244:6:netif_wake_subqueue	32	static
dev.c:4579:6:napi_hash_add	48	static
dev.c:2259:6:netif_tx_wake_queue	32	static
dev.c:2310:6:netif_device_detach	64	static
dev.c:2325:6:netif_device_attach	48	static
dev.c:2537:6:netdev_rx_csum_fault	32	static
dev.c:4412:9:__skb_gro_checksum_complete	48	static
dev.c:3889:12:__netif_receive_skb	32	static
dev.c:3921:12:netif_receive_skb_internal	96	static
dev.c:3964:5:netif_receive_skb	32	static
dev.c:4000:12:napi_gro_complete	96	static
dev.c:4038:6:napi_gro_flush	48	static
dev.c:4547:6:napi_complete	32	static
dev.c:4130:24:dev_gro_receive	112	static
dev.c:4396:14:napi_gro_frags	48	static
dev.c:4291:14:napi_gro_receive	48	static
dev.c:5034:12:__netdev_adjacent_dev_insert	80	static
dev.c:6213:6:netif_stacked_transfer_operstate	32	static
dev.c:6928:6:unregister_netdevice_queue	32	static
dev.c:6973:6:unregister_netdev	32	static
dev.c:7436:19:net_dev_init	64	static
dev.c:4438:13:net_rps_action_and_irq_enable.isra.93	48	static
dev.c:4650:13:net_rx_action	112	static
dev.c:4462:12:process_backlog	80	static
dev.c:6949:6:unregister_netdevice_many	32	static
dev.c:7385:24:default_device_exit_batch	96	static
dev.c:5172:13:__netdev_adjacent_dev_unlink	48	static
dev.c:5202:13:__netdev_adjacent_dev_unlink_neighbour	32	static
dev.c:5363:6:netdev_upper_dev_unlink	64	static
dev.c:5837:5:dev_set_mtu	48	static
dev.c:5152:12:__netdev_adjacent_dev_link	64	static
dev.c:5211:12:__netdev_upper_dev_link	96	static
dev.c:5322:5:netdev_upper_dev_link	16	static
dev.c:5340:5:netdev_master_upper_dev_link	16	static
dev.c:5347:5:netdev_master_upper_dev_link_private	16	static
dev.c:643:15:netdev_boot_base	80	static
dev.c:858:5:netdev_get_name	64	static
dev.c:1218:5:dev_set_alias	48	static
dev.c:2403:8:skb_network_protocol	64	static
dev.c:2455:17:skb_mac_gso_segment	96	static
dev.c:2506:17:__skb_gso_segment	48	static
dev.c:2621:19:netif_skb_features	64	static
dev.c:2734:24:validate_xmit_skb.isra.94.part.95	64	static
dev.c:2786:17:validate_xmit_skb_list	48	static
dev.c:2688:17:dev_hard_start_xmit	160	static
dev.c:2979:12:__dev_queue_xmit	144	static
dev.c:3099:5:dev_queue_xmit	16	static
dev.c:3105:5:dev_queue_xmit_accel	16	static
dev.c:5392:6:netdev_adjacent_add_links	48	static
dev.c:5417:6:netdev_adjacent_del_links	48	static
dev.c:5442:6:netdev_adjacent_rename_links	48	static
dev.c:1129:5:dev_change_name	160	static
dev.c:5771:6:__dev_notify_flags	80	static
dev.c:5514:12:__dev_set_promiscuity	80	static
dev.c:5644:6:__dev_set_rx_mode	48	static
dev.c:5672:6:dev_set_rx_mode	32	static
dev.c:1296:12:__dev_open	48	static
dev.c:1351:5:dev_open	32	static
dev.c:5573:5:dev_set_promiscuity	48	static
dev.c:5587:12:__dev_set_allmulti	64	static
dev.c:5632:5:dev_set_allmulti	16	static
dev.c:5710:5:__dev_change_flags	64	static
dev.c:5804:5:dev_change_flags	48	static
dev.c:6135:5:__netdev_update_features	64	static
dev.c:6180:6:netdev_update_features	32	static
dev.c:1478:6:dev_disable_lro	48	static
dev.c:6197:6:netdev_change_features	32	static
dev.c:6310:5:register_netdevice	64	static
dev.c:6496:5:register_netdev	32	static
dev.c:6603:6:netdev_run_todo	160	static
dev.c:6708:22:dev_ingress_queue_create	48	static
dev.c:6736:6:netdev_freemem	16	static
dev.c:6863:6:free_netdev	48	static
dev.c:6756:20:alloc_netdev_mqs	80	static
dev.c:7237:13:netdev_drivername	0	static
