rtnetlink.c:165:5:rtnl_is_locked	0	static
rtnetlink.c:555:6:__rtnl_af_unregister	0	static
rtnetlink.c:135:6:rtnl_lock	16	static
rtnetlink.c:152:6:rtnl_unlock	16	static
rtnetlink.c:541:6:rtnl_af_register	32	static
rtnetlink.c:565:6:rtnl_af_unregister	32	static
rtnetlink.c:159:5:rtnl_trylock	16	static
rtnetlink.c:258:5:__rtnl_register	80	static
rtnetlink.c:299:6:rtnl_register	32	static
rtnetlink.c:352:36:rtnl_link_ops_get	48	static
rtnetlink.c:373:5:__rtnl_link_register	32	static
rtnetlink.c:397:5:rtnl_link_register	32	static
rtnetlink.c:426:6:__rtnl_link_unregister	112	static
rtnetlink.c:706:5:rtnl_unicast	16	static
rtnetlink.c:714:6:rtnl_notify	16	static
rtnetlink.c:727:6:rtnl_set_sk_err	16	static
rtnetlink.c:735:5:rtnetlink_put_metrics	96	static
rtnetlink.c:765:5:rtnl_put_cacheinfo	128	static
rtnetlink.c:1384:5:rtnl_nla_parse_ifla	16	static
rtnetlink.c:787:13:set_operstate	48	static
rtnetlink.c:1931:20:rtnl_create_link	64	static
rtnetlink.c:918:24:if_nlmsg_size	64	static
rtnetlink.c:2271:12:rtnl_calcit	368	static
rtnetlink.c:2853:12:rtnl_bridge_notify	48	static
rtnetlink.c:2304:12:rtnl_dump_all	64	static
rtnetlink.c:2738:5:ndo_dflt_bridge_getlink	128	static
rtnetlink.c:1047:12:rtnl_fill_ifinfo	416	static
rtnetlink.c:2331:6:rtmsg_ifinfo	80	static
rtnetlink.c:3107:12:rtnetlink_event	16	static
rtnetlink.c:1320:12:rtnl_dump_ifinfo	400	static
rtnetlink.c:2420:5:ndo_dflt_fdb_add	32	static
rtnetlink.c:2893:12:rtnl_bridge_setlink	64	static
rtnetlink.c:2966:12:rtnl_bridge_dellink	64	static
rtnetlink.c:2789:12:rtnl_bridge_getlink	112	static
rtnetlink.c:1871:12:rtnl_dellink	384	static
rtnetlink.c:2223:12:rtnl_getlink	384	static
rtnetlink.c:3154:24:rtnetlink_net_exit	32	static
rtnetlink.c:3100:13:rtnetlink_rcv	32	static
rtnetlink.c:3137:23:rtnetlink_net_init	96	static
rtnetlink.c:317:5:rtnl_unregister	16	static
rtnetlink.c:341:6:rtnl_unregister_all	32	static
rtnetlink.c:1390:13:rtnl_link_get_net	16	static
rtnetlink.c:2517:5:ndo_dflt_fdb_del	32	static
rtnetlink.c:2358:12:nlmsg_populate_fdb_fill.isra.18.constprop	64	static
rtnetlink.c:2395:13:rtnl_fdb_notify	64	static
rtnetlink.c:2449:12:rtnl_fdb_add	160	static
rtnetlink.c:2541:12:rtnl_fdb_del	160	static
rtnetlink.c:2609:12:nlmsg_populate_fdb	80	static
rtnetlink.c:2646:5:ndo_dflt_fdb_dump	80	static
rtnetlink.c:2665:12:rtnl_fdb_dump	416	static
rtnetlink.c:1909:5:rtnl_configure_link	48	static
rtnetlink.c:1406:12:validate_linkmsg	64	static
rtnetlink.c:1575:12:do_setlink	272	static
rtnetlink.c:1834:12:rtnl_setlink	368	static
rtnetlink.c:144:6:__rtnl_unlock	16	static
rtnetlink.c:469:6:rtnl_link_unregister	112	static
rtnetlink.c:2005:12:rtnl_newlink	592	dynamic
rtnetlink.c:3041:12:rtnetlink_rcv_msg	128	static
rtnetlink.c:692:5:rtnetlink_send	48	static
rtnetlink.c:3165:13:rtnetlink_init	32	static
