sock.c:1660:6:sock_rfree	0	static
sock.c:2167:6:__sk_mem_reclaim	0	static
sock.c:2187:5:sock_no_bind	0	static
sock.c:2193:5:sock_no_connect	0	static
sock.c:2200:5:sock_no_socketpair	0	static
sock.c:2206:5:sock_no_accept	0	static
sock.c:2212:5:sock_no_getname	0	static
sock.c:2219:14:sock_no_poll	0	static
sock.c:2225:5:sock_no_ioctl	0	static
sock.c:2231:5:sock_no_listen	0	static
sock.c:2237:5:sock_no_shutdown	0	static
sock.c:2243:5:sock_no_setsockopt	0	static
sock.c:2250:5:sock_no_getsockopt	0	static
sock.c:2257:5:sock_no_sendmsg	0	static
sock.c:2264:5:sock_no_recvmsg	0	static
sock.c:2271:5:sock_no_mmap	0	static
sock.c:2617:5:sock_common_getsockopt	16	static
sock.c:2627:5:compat_sock_common_getsockopt	16	static
sock.c:2640:5:sock_common_recvmsg	48	static
sock.c:2658:5:sock_common_setsockopt	16	static
sock.c:2668:5:compat_sock_common_setsockopt	16	static
sock.c:2773:6:sock_prot_inuse_add	0	static
sock.c:159:6:sk_ns_capable	32	static
sock.c:176:6:sk_capable	16	static
sock.c:191:6:sk_net_capable	16	static
sock.c:342:6:sk_set_memalloc	16	static
sock.c:350:6:sk_clear_memalloc	32	static
sock.c:2085:5:__sk_mem_schedule	80	static
sock.c:437:5:sock_queue_rcv_skb	48	static
sock.c:1588:6:sk_setup_caps	48	static
sock.c:519:19:__sk_dst_check	48	static
sock.c:534:19:sk_dst_check	64	static
sock.c:1285:6:sk_prot_clear_portaddr_nulls	16	static
sock.c:386:12:sock_set_timeout	96	static
sock.c:1758:6:sock_kfree_s	48	static
sock.c:2355:13:sock_def_destruct	16	static
sock.c:1737:7:sock_kmalloc	32	static
sock.c:1303:21:sk_prot_alloc	64	static
sock.c:1380:14:sk_alloc	48	static
sock.c:1706:15:sock_i_ino	32	static
sock.c:1720:17:sock_wmalloc	32	static
sock.c:1852:17:sock_alloc_send_pskb	160	static
sock.c:1932:17:sock_alloc_send_skb	16	static
sock.c:2278:9:sock_no_sendpage	112	static
sock.c:2383:6:sock_init_data	32	static
sock.c:2307:13:sock_def_error_report	32	static
sock.c:2296:13:sock_def_wakeup	32	static
sock.c:2332:13:sock_def_write_space	32	static
sock.c:2319:13:sock_def_readable	32	static
sock.c:1994:13:__lock_sock	96	static
sock.c:2453:6:lock_sock_nested	32	static
sock.c:2574:5:sock_recv_errqueue	96	static
sock.c:2779:5:sock_prot_inuse_get	32	static
sock.c:2929:13:proto_seq_stop	16	static
sock.c:3042:19:proto_init	16	static
sock.c:3031:24:proto_exit_net	16	static
sock.c:3009:12:proto_seq_open	16	static
sock.c:2924:14:proto_seq_next	16	static
sock.c:2917:14:proto_seq_start	48	static
sock.c:3023:23:proto_init_net	16	static
sock.c:1638:6:skb_orphan_partial	32	static
sock.c:654:6:sk_mc_loop	48	static
sock.c:370:5:__sk_backlog_rcv	32	static
sock.c:2469:6:release_sock	80	static
sock.c:2061:5:sk_wait_data	96	static
sock.c:2890:6:proto_unregister	32	static
sock.c:416:13:sock_warn_obsolete_bsdism	64	static
sock.c:1952:6:skb_page_frag_refill	48	static
sock.c:1983:6:sk_page_frag_refill	32	static
sock.c:1689:8:sock_i_uid	32	static
sock.c:2360:6:sk_send_sigurg	32	static
sock.c:2368:6:sk_reset_timer	32	static
sock.c:2376:6:sk_stop_timer	32	static
sock.c:2503:6:lock_sock_fast	48	static
sock.c:2819:5:proto_register	48	static
sock.c:2984:12:proto_seq_show	304	static
sock.c:1405:13:__sk_free	48	static
sock.c:1437:6:sk_free	16	static
sock.c:1670:6:sock_efree	16	static
sock.c:2681:6:sk_common_release	32	static
sock.c:477:5:sk_receive_skb	48	static
sock.c:1456:6:sk_release_kernel	32	static
sock.c:1482:14:sk_clone_lock	48	static
sock.c:1677:6:sock_edemux	16	static
sock.c:1615:6:sock_wfree	32	static
sock.c:1003:5:sock_getsockopt	240	static
sock.c:2558:6:sock_enable_timestamp	16	static
sock.c:678:5:sock_setsockopt	144	static
sock.c:2526:5:sock_get_timestamp	80	static
sock.c:2542:5:sock_get_timestampns	80	static
