mixer.c:260:12:get_relative_value	0	static
mixer.c:272:12:get_abs_value	0	static
mixer.c:532:5:snd_usb_mixer_vol_tlv	64	static
mixer.c:822:13:usb_mixer_elem_free	32	static
mixer.c:2000:13:usb_mixer_selector_elem_free	48	static
mixer.c:2310:13:snd_usb_mixer_proc_read	112	static
mixer.c:177:14:find_audio_control_unit	32	static
mixer.c:698:12:check_input_term	64	static
mixer.c:1188:15:append_ctl_name	16	static
mixer.c:1934:12:mixer_ctl_selector_info	16	static
mixer.c:113:1:find_map.isra.5	0	static
mixer.c:213:12:convert_signed_value.isra.6	0	static
mixer.c:394:12:get_ctl_value	128	static
mixer.c:419:12:get_cur_mix_value	80	static
mixer.c:1092:12:mixer_ctl_feature_get	96	static
mixer.c:198:12:snd_usb_copy_string_desc.isra.10	32	static
mixer.c:638:12:get_term_name	32	static
mixer.c:130:1:check_mapped_name.constprop	16	static
mixer.c:1946:12:mixer_ctl_selector_get	64	static
mixer.c:1652:12:mixer_ctl_procunit_get	64	static
mixer.c:445:5:snd_usb_mixer_set_ctl_value	128	static
mixer.c:504:12:set_cur_mix_value	80	static
mixer.c:1124:12:mixer_ctl_feature_put	96	static
mixer.c:948:12:get_min_max_with_quirks	96	static
mixer.c:1057:12:mixer_ctl_feature_info	48	static
mixer.c:1671:12:mixer_ctl_procunit_put	64	static
mixer.c:1966:12:mixer_ctl_selector_put	64	static
mixer.c:572:5:snd_usb_mixer_add_control	64	static
mixer.c:1221:13:build_feature_ctl	192	static
mixer.c:2144:12:parse_audio_unit	208	static
mixer.c:1795:12:build_audio_procunit	128	static
mixer.c:2216:12:snd_usb_mixer_controls	160	static
mixer.c:2283:6:snd_usb_mixer_notify_id	32	static
mixer.c:2380:13:snd_usb_mixer_interrupt	128	static
mixer.c:2525:6:snd_usb_mixer_disconnect	32	static
mixer.c:2189:13:snd_usb_mixer_free	32	static
mixer.c:2468:5:snd_usb_create_mixer	96	static
mixer.c:2204:12:snd_usb_mixer_dev_free	16	static
mixer.c:2560:5:snd_usb_mixer_suspend	32	static
mixer.c:2595:5:snd_usb_mixer_resume	64	static
